<!doctype html public "-//w3c//dtd html 4.0 transitional//en">
<html><head>
<title>Static Call Graph - [.\obj\KT_FAN.axf]</title></head>
<body><HR>
<H1>Static Call Graph for image .\obj\KT_FAN.axf</H1><HR>
<BR><P>#&#060CALLGRAPH&#062# ARM Linker, 6100100: Last Updated: Thu Nov  2 00:44:38 2023
<BR><P>
<H3>Maximum Stack Usage =        304 bytes + Unknown(Functions without stacksize, Cycles, Untraceable Function Pointers)</H3><H3>
Call chain for Maximum Stack Depth:</H3>
main &rArr; $Super$$main &rArr; ERT_vErrorCodeAccess &rArr; SMP_vWriteWordN &rArr; EEPROM_Write &rArr; FLASH_SIM_WriteEE &rArr; FLASH_SIM_ProgramEE &rArr; FLASH_ProgramHalfWord &rArr; FLASH_WaitForLastOperation &rArr; FLASH_GetStatus
<P>
<H3>
Functions with no stack information
</H3><UL>
 <LI><a href="#[21d]">IEC60730_B_FullRamMarchCVA5</a>
 <LI><a href="#[147]">IEC60730_B_FullRamMarchC</a>
 <LI><a href="#[13f]">IEC60730_B_TranspRamMarchCXStep</a>
 <LI><a href="#[38]">CPUTstCont</a>
 <LI><a href="#[39]">CPUTstCont</a>
</UL>
</UL>
<P>
<H3>
Mutually Recursive functions
</H3> <LI><a href="#[12]">HardFault_Handler</a>&nbsp;&nbsp;&nbsp;&rArr;&nbsp;&nbsp;&nbsp;<a href="#[12]">HardFault_Handler</a><BR>
 <LI><a href="#[13]">SVC_Handler</a>&nbsp;&nbsp;&nbsp;&rArr;&nbsp;&nbsp;&nbsp;<a href="#[13]">SVC_Handler</a><BR>
 <LI><a href="#[14]">PendSV_Handler</a>&nbsp;&nbsp;&nbsp;&rArr;&nbsp;&nbsp;&nbsp;<a href="#[14]">PendSV_Handler</a><BR>
 <LI><a href="#[33]">CSM_IRQn_IRQHandler</a>&nbsp;&nbsp;&nbsp;&rArr;&nbsp;&nbsp;&nbsp;<a href="#[33]">CSM_IRQn_IRQHandler</a><BR>
</UL>
<P>
<H3>
Function Pointers
</H3><UL>
 <LI><a href="#[22]">ADC1_IRQHandler</a> from mm32_it.o(.text.ADC1_IRQHandler) referenced from startup_mm32spin0280_keil.o(RESET)
 <LI><a href="#[2a]">ADC2_IRQHandler</a> from mm32_it.o(.text.ADC2_IRQHandler) referenced from startup_mm32spin0280_keil.o(RESET)
 <LI><a href="#[0]">AMS_vInitModbus2Stm</a> from appmodbus2stm.o(.text.AMS_vInitModbus2Stm) referenced 2 times from appmodbus2stm.o(.data.MOS2_pfStatemachine)
 <LI><a href="#[3a]">AMS_vModbus2StatemachineRun</a> from appmodbus2stm.o(.text.AMS_vModbus2StatemachineRun) referenced from appmodbus2stm.o(.text.AMS_vModbus2Statemachine)
 <LI><a href="#[2e]">COMP1_2_3_4_5_IRQHandler</a> from mm32_it.o(.text.COMP1_2_3_4_5_IRQHandler) referenced from startup_mm32spin0280_keil.o(RESET)
 <LI><a href="#[38]">CPUTstCont</a> from iec60730_b_cpurunkeil.o(.text) referenced 2 times from iec60730_b_cpurunkeil.o(.text)
 <LI><a href="#[33]">CSM_IRQn_IRQHandler</a> from startup_mm32spin0280_keil.o(.text) referenced from startup_mm32spin0280_keil.o(RESET)
 <LI><a href="#[42]">CUR_bCheckMotCurrentMeasValues</a> from current.o(.text.CUR_bCheckMotCurrentMeasValues) referenced from fsmonitor.o(.rodata.FSM_atMonitorConfig)
 <LI><a href="#[1f]">DMA1_Channel1_IRQHandler</a> from mm32_it.o(.text.DMA1_Channel1_IRQHandler) referenced from startup_mm32spin0280_keil.o(RESET)
 <LI><a href="#[20]">DMA1_Channel2_3_IRQHandler</a> from mm32_it.o(.text.DMA1_Channel2_3_IRQHandler) referenced from startup_mm32spin0280_keil.o(RESET)
 <LI><a href="#[21]">DMA1_Channel4_5_IRQHandler</a> from mm32_it.o(.text.DMA1_Channel4_5_IRQHandler) referenced from startup_mm32spin0280_keil.o(RESET)
 <LI><a href="#[1b]">EXTI0_1_IRQHandler</a> from mm32_it.o(.text.EXTI0_1_IRQHandler) referenced from startup_mm32spin0280_keil.o(RESET)
 <LI><a href="#[1c]">EXTI2_3_IRQHandler</a> from mm32_it.o(.text.EXTI2_3_IRQHandler) referenced from startup_mm32spin0280_keil.o(RESET)
 <LI><a href="#[1d]">EXTI4_15_IRQHandler</a> from mm32_it.o(.text.EXTI4_15_IRQHandler) referenced from startup_mm32spin0280_keil.o(RESET)
 <LI><a href="#[19]">FLASH_IRQHandler</a> from mm32_it.o(.text.FLASH_IRQHandler) referenced from startup_mm32spin0280_keil.o(RESET)
 <LI><a href="#[1e]">HWDIV_IRQHandler</a> from mm32_it.o(.text.HWDIV_IRQHandler) referenced from startup_mm32spin0280_keil.o(RESET)
 <LI><a href="#[12]">HardFault_Handler</a> from startup_mm32spin0280_keil.o(.text) referenced from startup_mm32spin0280_keil.o(RESET)
 <LI><a href="#[2d]">I2C1_IRQHandler</a> from mm32_it.o(.text.I2C1_IRQHandler) referenced from startup_mm32spin0280_keil.o(RESET)
 <LI><a href="#[3b]">IEC60730_B_FullFlash_test</a> from iec60730_b_flashtest.o(.text.IEC60730_B_FullFlash_test) referenced from iec60730_b_startup.o(.text.Flashtest_config)
 <LI><a href="#[3c]">IEC60730_crc32Run</a> from iec60730_b_flashtest.o(.text.IEC60730_crc32Run) referenced from iec60730_b_runtimetest.o(.text.IEC60730_InitRunTimeChecks)
 <LI><a href="#[55]">M1_Fault_Fast</a> from statemachine.o(.text.M1_Fault_Fast) referenced from statemachine.o(.rodata.s_STATE_FAST)
 <LI><a href="#[59]">M1_Fault_Slow</a> from statemachine.o(.text.M1_Fault_Slow) referenced from statemachine.o(.rodata.s_STATE_SLOW)
 <LI><a href="#[56]">M1_Init_Fast</a> from statemachine.o(.text.M1_Init_Fast) referenced from statemachine.o(.rodata.s_STATE_FAST)
 <LI><a href="#[5a]">M1_Init_Slow</a> from statemachine.o(.text.M1_Init_Slow) referenced from statemachine.o(.rodata.s_STATE_SLOW)
 <LI><a href="#[49]">M1_RunAlignFast</a> from statemachine.o(.text.M1_RunAlignFast) referenced from statemachine.o(.rodata.s_M1_STATE_RUN_TABLE_FAST)
 <LI><a href="#[51]">M1_RunAlignSlow</a> from statemachine.o(.text.M1_RunAlignSlow) referenced from statemachine.o(.rodata.s_M1_STATE_RUN_TABLE_SLOW)
 <LI><a href="#[48]">M1_RunBrakeFast</a> from statemachine.o(.text.M1_RunBrakeFast) referenced from statemachine.o(.rodata.s_M1_STATE_RUN_TABLE_FAST)
 <LI><a href="#[50]">M1_RunBrakeSlow</a> from statemachine.o(.text.M1_RunBrakeSlow) referenced from statemachine.o(.rodata.s_M1_STATE_RUN_TABLE_SLOW)
 <LI><a href="#[45]">M1_RunCalibFast</a> from statemachine.o(.text.M1_RunCalibFast) referenced from statemachine.o(.rodata.s_M1_STATE_RUN_TABLE_FAST)
 <LI><a href="#[4d]">M1_RunCalibSlow</a> from statemachine.o(.text.M1_RunCalibSlow) referenced from statemachine.o(.rodata.s_M1_STATE_RUN_TABLE_SLOW)
 <LI><a href="#[4c]">M1_RunFreewheelFast</a> from statemachine.o(.text.M1_RunFreewheelFast) referenced from statemachine.o(.rodata.s_M1_STATE_RUN_TABLE_FAST)
 <LI><a href="#[54]">M1_RunFreewheelSlow</a> from statemachine.o(.text.M1_RunFreewheelSlow) referenced from statemachine.o(.rodata.s_M1_STATE_RUN_TABLE_SLOW)
 <LI><a href="#[46]">M1_RunReadyFast</a> from statemachine.o(.text.M1_RunReadyFast) referenced from statemachine.o(.rodata.s_M1_STATE_RUN_TABLE_FAST)
 <LI><a href="#[4e]">M1_RunReadySlow</a> from statemachine.o(.text.M1_RunReadySlow) referenced from statemachine.o(.rodata.s_M1_STATE_RUN_TABLE_SLOW)
 <LI><a href="#[4b]">M1_RunSpinFast</a> from statemachine.o(.text.M1_RunSpinFast) referenced from statemachine.o(.rodata.s_M1_STATE_RUN_TABLE_FAST)
 <LI><a href="#[53]">M1_RunSpinSlow</a> from statemachine.o(.text.M1_RunSpinSlow) referenced from statemachine.o(.rodata.s_M1_STATE_RUN_TABLE_SLOW)
 <LI><a href="#[4a]">M1_RunStartupFast</a> from statemachine.o(.text.M1_RunStartupFast) referenced from statemachine.o(.rodata.s_M1_STATE_RUN_TABLE_FAST)
 <LI><a href="#[52]">M1_RunStartupSlow</a> from statemachine.o(.text.M1_RunStartupSlow) referenced from statemachine.o(.rodata.s_M1_STATE_RUN_TABLE_SLOW)
 <LI><a href="#[47]">M1_RunWindDetFast</a> from statemachine.o(.text.M1_RunWindDetFast) referenced from statemachine.o(.rodata.s_M1_STATE_RUN_TABLE_FAST)
 <LI><a href="#[4f]">M1_RunWindDetSlow</a> from statemachine.o(.text.M1_RunWindDetSlow) referenced from statemachine.o(.rodata.s_M1_STATE_RUN_TABLE_SLOW)
 <LI><a href="#[58]">M1_Run_Fast</a> from statemachine.o(.text.M1_Run_Fast) referenced from statemachine.o(.rodata.s_STATE_FAST)
 <LI><a href="#[5c]">M1_Run_Slow</a> from statemachine.o(.text.M1_Run_Slow) referenced from statemachine.o(.rodata.s_STATE_SLOW)
 <LI><a href="#[57]">M1_Stop_Fast</a> from statemachine.o(.text.M1_Stop_Fast) referenced from statemachine.o(.rodata.s_STATE_FAST)
 <LI><a href="#[5b]">M1_Stop_Slow</a> from statemachine.o(.text.M1_Stop_Slow) referenced from statemachine.o(.rodata.s_STATE_SLOW)
 <LI><a href="#[b]">MOS2_vError_do</a> from appmodbus2stm.o(.text.MOS2_vError_do) referenced 2 times from appmodbus2stm.o(.data.MOS_ACTION_MAP)
 <LI><a href="#[a]">MOS2_vError_entry</a> from appmodbus2stm.o(.text.MOS2_vError_entry) referenced 2 times from appmodbus2stm.o(.data.MOS_ACTION_MAP)
 <LI><a href="#[c]">MOS2_vError_exit</a> from appmodbus2stm.o(.text.MOS2_vError_exit) referenced 2 times from appmodbus2stm.o(.data.MOS_ACTION_MAP)
 <LI><a href="#[e]">MOS2_vIdle_do</a> from appmodbus2stm.o(.text.MOS2_vIdle_do) referenced 2 times from appmodbus2stm.o(.data.MOS_ACTION_MAP)
 <LI><a href="#[d]">MOS2_vIdle_entry</a> from appmodbus2stm.o(.text.MOS2_vIdle_entry) referenced 2 times from appmodbus2stm.o(.data.MOS_ACTION_MAP)
 <LI><a href="#[f]">MOS2_vIdle_exit</a> from appmodbus2stm.o(.text.MOS2_vIdle_exit) referenced 2 times from appmodbus2stm.o(.data.MOS_ACTION_MAP)
 <LI><a href="#[2]">MOS2_vInit_do</a> from appmodbus2stm.o(.text.MOS2_vInit_do) referenced 2 times from appmodbus2stm.o(.data.MOS_ACTION_MAP)
 <LI><a href="#[1]">MOS2_vInit_entry</a> from appmodbus2stm.o(.text.MOS2_vInit_entry) referenced 2 times from appmodbus2stm.o(.data.MOS_ACTION_MAP)
 <LI><a href="#[3]">MOS2_vInit_exit</a> from appmodbus2stm.o(.text.MOS2_vInit_exit) referenced 2 times from appmodbus2stm.o(.data.MOS_ACTION_MAP)
 <LI><a href="#[8]">MOS2_vRecep_do</a> from appmodbus2stm.o(.text.MOS2_vRecep_do) referenced 2 times from appmodbus2stm.o(.data.MOS_ACTION_MAP)
 <LI><a href="#[7]">MOS2_vRecep_entry</a> from appmodbus2stm.o(.text.MOS2_vRecep_entry) referenced 2 times from appmodbus2stm.o(.data.MOS_ACTION_MAP)
 <LI><a href="#[9]">MOS2_vRecep_exit</a> from appmodbus2stm.o(.text.MOS2_vRecep_exit) referenced 2 times from appmodbus2stm.o(.data.MOS_ACTION_MAP)
 <LI><a href="#[5]">MOS2_vTrans_do</a> from appmodbus2stm.o(.text.MOS2_vTrans_do) referenced 2 times from appmodbus2stm.o(.data.MOS_ACTION_MAP)
 <LI><a href="#[4]">MOS2_vTrans_entry</a> from appmodbus2stm.o(.text.MOS2_vTrans_entry) referenced 2 times from appmodbus2stm.o(.data.MOS_ACTION_MAP)
 <LI><a href="#[6]">MOS2_vTrans_exit</a> from appmodbus2stm.o(.text.MOS2_vTrans_exit) referenced 2 times from appmodbus2stm.o(.data.MOS_ACTION_MAP)
 <LI><a href="#[3e]">MOS_vDataReceiveInterrupt</a> from modbus.o(.text.MOS_vDataReceiveInterrupt) referenced from modbus.o(.text.MOS_vCallbackInit)
 <LI><a href="#[3d]">MOS_vTimeoutInterrupt</a> from modbus.o(.text.MOS_vTimeoutInterrupt) referenced from modbus.o(.text.MOS_vCallbackInit)
 <LI><a href="#[11]">NMI_Handler</a> from iec60730_b_aux.o(.text.NMI_Handler) referenced from startup_mm32spin0280_keil.o(RESET)
 <LI><a href="#[17]">PVD_IRQHandler</a> from mm32_it.o(.text.PVD_IRQHandler) referenced from startup_mm32spin0280_keil.o(RESET)
 <LI><a href="#[18]">PWM_IRQHandler</a> from mm32_it.o(.text.PWM_IRQHandler) referenced from startup_mm32spin0280_keil.o(RESET)
 <LI><a href="#[14]">PendSV_Handler</a> from startup_mm32spin0280_keil.o(.text) referenced from startup_mm32spin0280_keil.o(RESET)
 <LI><a href="#[1a]">RCC_IRQHandler</a> from mm32_it.o(.text.RCC_IRQHandler) referenced from startup_mm32spin0280_keil.o(RESET)
 <LI><a href="#[10]">Reset_Handler</a> from startup_mm32spin0280_keil.o(.text) referenced from startup_mm32spin0280_keil.o(RESET)
 <LI><a href="#[2f]">SPI1_IRQHandler</a> from mm32_it.o(.text.SPI1_IRQHandler) referenced from startup_mm32spin0280_keil.o(RESET)
 <LI><a href="#[30]">SPI2_IRQHandler</a> from mm32_it.o(.text.SPI2_IRQHandler) referenced from startup_mm32spin0280_keil.o(RESET)
 <LI><a href="#[13]">SVC_Handler</a> from startup_mm32spin0280_keil.o(.text) referenced from startup_mm32spin0280_keil.o(RESET)
 <LI><a href="#[15]">SysTick_Handler</a> from iec60730_b_aux.o(.text.SysTick_Handler) referenced from startup_mm32spin0280_keil.o(RESET)
 <LI><a href="#[36]">SystemInit</a> from system_mm32spin0280.o(.text.SystemInit) referenced from startup_mm32spin0280_keil.o(.text)
 <LI><a href="#[29]">TIM14_IRQHandler</a> from mm32_it.o(.text.TIM14_IRQHandler) referenced from startup_mm32spin0280_keil.o(RESET)
 <LI><a href="#[2b]">TIM16_IRQHandler</a> from mm32_it.o(.text.TIM16_IRQHandler) referenced from startup_mm32spin0280_keil.o(RESET)
 <LI><a href="#[2c]">TIM17_IRQHandler</a> from mm32_it.o(.text.TIM17_IRQHandler) referenced from startup_mm32spin0280_keil.o(RESET)
 <LI><a href="#[23]">TIM1_BRK_UP_TRG_COM_IRQHandler</a> from mm32_it.o(.text.TIM1_BRK_UP_TRG_COM_IRQHandler) referenced from startup_mm32spin0280_keil.o(RESET)
 <LI><a href="#[24]">TIM1_CC_IRQHandler</a> from mm32_it.o(.text.TIM1_CC_IRQHandler) referenced from startup_mm32spin0280_keil.o(RESET)
 <LI><a href="#[25]">TIM2_IRQHandler</a> from iec60730_b_clocktest.o(.text.TIM2_IRQHandler) referenced from startup_mm32spin0280_keil.o(RESET)
 <LI><a href="#[26]">TIM3_IRQHandler</a> from mm32_it.o(.text.TIM3_IRQHandler) referenced from startup_mm32spin0280_keil.o(RESET)
 <LI><a href="#[27]">TIM8_BRK_UP_TRG_COM_IRQHandler</a> from mm32_it.o(.text.TIM8_BRK_UP_TRG_COM_IRQHandler) referenced from startup_mm32spin0280_keil.o(RESET)
 <LI><a href="#[28]">TIM8_CC_IRQHandler</a> from mm32_it.o(.text.TIM8_CC_IRQHandler) referenced from startup_mm32spin0280_keil.o(RESET)
 <LI><a href="#[31]">UART1_IRQHandler</a> from mm32_it.o(.text.UART1_IRQHandler) referenced from startup_mm32spin0280_keil.o(RESET)
 <LI><a href="#[32]">UART2_IRQHandler</a> from mm32_it.o(.text.UART2_IRQHandler) referenced from startup_mm32spin0280_keil.o(RESET)
 <LI><a href="#[34]">UART3_IRQHandler</a> from mm32_it.o(.text.UART3_IRQHandler) referenced from startup_mm32spin0280_keil.o(RESET)
 <LI><a href="#[40]">VOL_bHandleTask</a> from voltage.o(.text.VOL_bHandleTask) referenced from fsmonitor.o(.rodata.FSM_atMonitorConfig)
 <LI><a href="#[43]">VOL_bInitDcLinkVoltageMeasurement</a> from voltage.o(.text.VOL_bInitDcLinkVoltageMeasurement) referenced from fsmonitor.o(.rodata.FSM_atMonitorInitFcts)
 <LI><a href="#[41]">VOL_bVoltageErrorDetection</a> from voltage.o(.text.VOL_bVoltageErrorDetection) referenced from fsmonitor.o(.rodata.FSM_atMonitorConfig)
 <LI><a href="#[44]">VOL_vConstValueInit</a> from voltage.o(.text.VOL_vConstValueInit) referenced from fsmonitor.o(.rodata.FSM_atMonitorInitFcts)
 <LI><a href="#[16]">WWDG_IRQHandler</a> from mm32_it.o(.text.WWDG_IRQHandler) referenced from startup_mm32spin0280_keil.o(RESET)
 <LI><a href="#[37]">__main</a> from entry.o(.ARM.Collect$$$$00000000) referenced from startup_mm32spin0280_keil.o(.text)
 <LI><a href="#[3f]">fputc</a> from uart_classb.o(.text.fputc) referenced from printfa.o(i.__0printf)
 <LI><a href="#[35]">main</a> from iec60730_b_startup.o(.text.$Sub$$main) referenced from entry9a.o(.ARM.Collect$$$$0000000B)
</UL>
<P>
<H3>
Global Symbols
</H3>
<P><STRONG><a name="[37]"></a>__main</STRONG> (Thumb, 0 bytes, Stack size unknown bytes, entry.o(.ARM.Collect$$$$00000000))
<BR><BR>[Called By]<UL><LI><a href="#[7e]">&gt;&gt;</a>&nbsp;&nbsp;&nbsp;IEC60730_B_startup
</UL>
<BR>[Address Reference Count : 1]<UL><LI> startup_mm32spin0280_keil.o(.text)
</UL>
<P><STRONG><a name="[214]"></a>_main_stk</STRONG> (Thumb, 0 bytes, Stack size unknown bytes, entry2.o(.ARM.Collect$$$$00000001))

<P><STRONG><a name="[5d]"></a>_main_scatterload</STRONG> (Thumb, 0 bytes, Stack size unknown bytes, entry5.o(.ARM.Collect$$$$00000004))
<BR><BR>[Calls]<UL><LI><a href="#[5e]">&gt;&gt;</a>&nbsp;&nbsp;&nbsp;__scatterload
</UL>

<P><STRONG><a name="[7d]"></a>__main_after_scatterload</STRONG> (Thumb, 0 bytes, Stack size unknown bytes, entry5.o(.ARM.Collect$$$$00000004))
<BR><BR>[Called By]<UL><LI><a href="#[5e]">&gt;&gt;</a>&nbsp;&nbsp;&nbsp;__scatterload
</UL>

<P><STRONG><a name="[215]"></a>_main_clock</STRONG> (Thumb, 0 bytes, Stack size unknown bytes, entry7b.o(.ARM.Collect$$$$00000008))

<P><STRONG><a name="[216]"></a>_main_cpp_init</STRONG> (Thumb, 0 bytes, Stack size unknown bytes, entry8b.o(.ARM.Collect$$$$0000000A))

<P><STRONG><a name="[217]"></a>_main_init</STRONG> (Thumb, 0 bytes, Stack size unknown bytes, entry9a.o(.ARM.Collect$$$$0000000B))

<P><STRONG><a name="[218]"></a>__rt_final_cpp</STRONG> (Thumb, 0 bytes, Stack size unknown bytes, entry10a.o(.ARM.Collect$$$$0000000D))

<P><STRONG><a name="[219]"></a>__rt_final_exit</STRONG> (Thumb, 0 bytes, Stack size unknown bytes, entry11a.o(.ARM.Collect$$$$0000000F))

<P><STRONG><a name="[10]"></a>Reset_Handler</STRONG> (Thumb, 14 bytes, Stack size 0 bytes, startup_mm32spin0280_keil.o(.text))
<BR>[Address Reference Count : 1]<UL><LI> startup_mm32spin0280_keil.o(RESET)
</UL>
<P><STRONG><a name="[12]"></a>HardFault_Handler</STRONG> (Thumb, 2 bytes, Stack size 0 bytes, startup_mm32spin0280_keil.o(.text))
<BR><BR>[Calls]<UL><LI><a href="#[12]">&gt;&gt;</a>&nbsp;&nbsp;&nbsp;HardFault_Handler
</UL>
<BR>[Called By]<UL><LI><a href="#[12]">&gt;&gt;</a>&nbsp;&nbsp;&nbsp;HardFault_Handler
</UL>
<BR>[Address Reference Count : 1]<UL><LI> startup_mm32spin0280_keil.o(RESET)
</UL>
<P><STRONG><a name="[13]"></a>SVC_Handler</STRONG> (Thumb, 2 bytes, Stack size 0 bytes, startup_mm32spin0280_keil.o(.text))
<BR><BR>[Calls]<UL><LI><a href="#[13]">&gt;&gt;</a>&nbsp;&nbsp;&nbsp;SVC_Handler
</UL>
<BR>[Called By]<UL><LI><a href="#[13]">&gt;&gt;</a>&nbsp;&nbsp;&nbsp;SVC_Handler
</UL>
<BR>[Address Reference Count : 1]<UL><LI> startup_mm32spin0280_keil.o(RESET)
</UL>
<P><STRONG><a name="[14]"></a>PendSV_Handler</STRONG> (Thumb, 2 bytes, Stack size 0 bytes, startup_mm32spin0280_keil.o(.text))
<BR><BR>[Calls]<UL><LI><a href="#[14]">&gt;&gt;</a>&nbsp;&nbsp;&nbsp;PendSV_Handler
</UL>
<BR>[Called By]<UL><LI><a href="#[14]">&gt;&gt;</a>&nbsp;&nbsp;&nbsp;PendSV_Handler
</UL>
<BR>[Address Reference Count : 1]<UL><LI> startup_mm32spin0280_keil.o(RESET)
</UL>
<P><STRONG><a name="[33]"></a>CSM_IRQn_IRQHandler</STRONG> (Thumb, 0 bytes, Stack size 0 bytes, startup_mm32spin0280_keil.o(.text))
<BR><BR>[Calls]<UL><LI><a href="#[33]">&gt;&gt;</a>&nbsp;&nbsp;&nbsp;CSM_IRQn_IRQHandler
</UL>
<BR>[Called By]<UL><LI><a href="#[33]">&gt;&gt;</a>&nbsp;&nbsp;&nbsp;CSM_IRQn_IRQHandler
</UL>
<BR>[Address Reference Count : 1]<UL><LI> startup_mm32spin0280_keil.o(RESET)
</UL>
<P><STRONG><a name="[166]"></a>MCF_Svm_7</STRONG> (Thumb, 428 bytes, Stack size 20 bytes, mcflib.o(.text))
<BR><BR>[Stack]<UL><LI>Max Depth = 20<LI>Call Chain = MCF_Svm_7
</UL>
<BR>[Called By]<UL><LI><a href="#[4a]">&gt;&gt;</a>&nbsp;&nbsp;&nbsp;M1_RunStartupFast
<LI><a href="#[4b]">&gt;&gt;</a>&nbsp;&nbsp;&nbsp;M1_RunSpinFast
<LI><a href="#[46]">&gt;&gt;</a>&nbsp;&nbsp;&nbsp;M1_RunReadyFast
<LI><a href="#[4c]">&gt;&gt;</a>&nbsp;&nbsp;&nbsp;M1_RunFreewheelFast
<LI><a href="#[49]">&gt;&gt;</a>&nbsp;&nbsp;&nbsp;M1_RunAlignFast
</UL>

<P><STRONG><a name="[21a]"></a>MLIB_Sin</STRONG> (Thumb, 90 bytes, Stack size 16 bytes, mlib.o(.text), UNUSED)

<P><STRONG><a name="[21b]"></a>MLIB_Cos</STRONG> (Thumb, 90 bytes, Stack size 12 bytes, mlib.o(.text), UNUSED)

<P><STRONG><a name="[118]"></a>MLIB_SinCos</STRONG> (Thumb, 112 bytes, Stack size 8 bytes, mlib.o(.text))
<BR><BR>[Stack]<UL><LI>Max Depth = 8<LI>Call Chain = MLIB_SinCos
</UL>
<BR>[Called By]<UL><LI><a href="#[4a]">&gt;&gt;</a>&nbsp;&nbsp;&nbsp;M1_RunStartupFast
<LI><a href="#[117]">&gt;&gt;</a>&nbsp;&nbsp;&nbsp;FOC_Current_Controller
</UL>

<P><STRONG><a name="[5f]"></a>MLIB_PIControl_Q15</STRONG> (Thumb, 126 bytes, Stack size 16 bytes, mlib.o(.text))
<BR><BR>[Stack]<UL><LI>Max Depth = 16<LI>Call Chain = MLIB_PIControl_Q15
</UL>
<BR>[Calls]<UL><LI><a href="#[60]">&gt;&gt;</a>&nbsp;&nbsp;&nbsp;MLIB_ShLBi_Q31
</UL>
<BR>[Called By]<UL><LI><a href="#[53]">&gt;&gt;</a>&nbsp;&nbsp;&nbsp;M1_RunSpinSlow
<LI><a href="#[117]">&gt;&gt;</a>&nbsp;&nbsp;&nbsp;FOC_Current_Controller
</UL>

<P><STRONG><a name="[61]"></a>MLIB_SMO</STRONG> (Thumb, 190 bytes, Stack size 16 bytes, mlib.o(.text))
<BR><BR>[Stack]<UL><LI>Max Depth = 16<LI>Call Chain = MLIB_SMO
</UL>
<BR>[Calls]<UL><LI><a href="#[60]">&gt;&gt;</a>&nbsp;&nbsp;&nbsp;MLIB_ShLBi_Q31
</UL>
<BR>[Called By]<UL><LI><a href="#[4a]">&gt;&gt;</a>&nbsp;&nbsp;&nbsp;M1_RunStartupFast
<LI><a href="#[173]">&gt;&gt;</a>&nbsp;&nbsp;&nbsp;PMSM_Obs
</UL>

<P><STRONG><a name="[62]"></a>MLIB_PLL</STRONG> (Thumb, 90 bytes, Stack size 16 bytes, mlib.o(.text))
<BR><BR>[Stack]<UL><LI>Max Depth = 24<LI>Call Chain = MLIB_PLL &rArr; MLIB_AddSat_Q31
</UL>
<BR>[Calls]<UL><LI><a href="#[60]">&gt;&gt;</a>&nbsp;&nbsp;&nbsp;MLIB_ShLBi_Q31
<LI><a href="#[63]">&gt;&gt;</a>&nbsp;&nbsp;&nbsp;MLIB_AddSat_Q31
</UL>
<BR>[Called By]<UL><LI><a href="#[4a]">&gt;&gt;</a>&nbsp;&nbsp;&nbsp;M1_RunStartupFast
<LI><a href="#[173]">&gt;&gt;</a>&nbsp;&nbsp;&nbsp;PMSM_Obs
</UL>

<P><STRONG><a name="[21c]"></a>MLIB_Ramp_Q15</STRONG> (Thumb, 94 bytes, Stack size 20 bytes, mlib.o(.text), UNUSED)

<P><STRONG><a name="[64]"></a>MLIB_Ramp_Q31</STRONG> (Thumb, 88 bytes, Stack size 16 bytes, mlib.o(.text))
<BR><BR>[Stack]<UL><LI>Max Depth = 24<LI>Call Chain = MLIB_Ramp_Q31 &rArr; MLIB_AddSat_Q31
</UL>
<BR>[Calls]<UL><LI><a href="#[63]">&gt;&gt;</a>&nbsp;&nbsp;&nbsp;MLIB_AddSat_Q31
</UL>
<BR>[Called By]<UL><LI><a href="#[52]">&gt;&gt;</a>&nbsp;&nbsp;&nbsp;M1_RunStartupSlow
<LI><a href="#[53]">&gt;&gt;</a>&nbsp;&nbsp;&nbsp;M1_RunSpinSlow
</UL>

<P><STRONG><a name="[65]"></a>IEC60730_B_RunTimeCPUTest</STRONG> (Thumb, 366 bytes, Stack size 0 bytes, iec60730_b_cpurunkeil.o(.text))
<BR><BR>[Stack]<UL><LI>Max Depth = 72<LI>Call Chain = IEC60730_B_RunTimeCPUTest &rArr; FailSafePOR &rArr; printf
</UL>
<BR>[Calls]<UL><LI><a href="#[66]">&gt;&gt;</a>&nbsp;&nbsp;&nbsp;FailSafePOR
</UL>
<BR>[Called By]<UL><LI><a href="#[13b]">&gt;&gt;</a>&nbsp;&nbsp;&nbsp;IEC60730_B_CpuRunTime_test
</UL>

<P><STRONG><a name="[67]"></a>IEC60730_B_StartUpCPUTest</STRONG> (Thumb, 476 bytes, Stack size 0 bytes, iec60730_b_cpustartkeil.o(.text))
<BR><BR>[Stack]<UL><LI>Max Depth = 72<LI>Call Chain = IEC60730_B_StartUpCPUTest &rArr; FailSafePOR &rArr; printf
</UL>
<BR>[Calls]<UL><LI><a href="#[66]">&gt;&gt;</a>&nbsp;&nbsp;&nbsp;FailSafePOR
</UL>
<BR>[Called By]<UL><LI><a href="#[13d]">&gt;&gt;</a>&nbsp;&nbsp;&nbsp;IEC60730_B_FullCpu_test
</UL>

<P><STRONG><a name="[21d]"></a>IEC60730_B_FullRamMarchCVA5</STRONG> (Thumb, 0 bytes, Stack size unknown bytes, iec60730_b_ramtestkeil.o(.text), UNUSED)

<P><STRONG><a name="[147]"></a>IEC60730_B_FullRamMarchC</STRONG> (Thumb, 0 bytes, Stack size unknown bytes, iec60730_b_ramtestkeil.o(.text))
<BR><BR>[Called By]<UL><LI><a href="#[7e]">&gt;&gt;</a>&nbsp;&nbsp;&nbsp;IEC60730_B_startup
</UL>

<P><STRONG><a name="[13f]"></a>IEC60730_B_TranspRamMarchCXStep</STRONG> (Thumb, 0 bytes, Stack size unknown bytes, iec60730_b_ramtestkeil.o(.text))
<BR><BR>[Called By]<UL><LI><a href="#[13e]">&gt;&gt;</a>&nbsp;&nbsp;&nbsp;IEC60730_B_TranspMarch
</UL>

<P><STRONG><a name="[8c]"></a>__aeabi_uidiv</STRONG> (Thumb, 0 bytes, Stack size 12 bytes, uidiv.o(.text))
<BR><BR>[Stack]<UL><LI>Max Depth = 12<LI>Call Chain = __aeabi_uidiv
</UL>
<BR>[Called By]<UL><LI><a href="#[1d2]">&gt;&gt;</a>&nbsp;&nbsp;&nbsp;SystemCoreClockUpdate
<LI><a href="#[157]">&gt;&gt;</a>&nbsp;&nbsp;&nbsp;Init_Parameter
<LI><a href="#[153]">&gt;&gt;</a>&nbsp;&nbsp;&nbsp;IEC60730_InitRunTimeChecks
<LI><a href="#[1b8]">&gt;&gt;</a>&nbsp;&nbsp;&nbsp;SCL_vCalcualteTargetSpeed
<LI><a href="#[ec]">&gt;&gt;</a>&nbsp;&nbsp;&nbsp;Drv_vSetOutputFreq
<LI><a href="#[126]">&gt;&gt;</a>&nbsp;&nbsp;&nbsp;FRK_vCheckMotorLockComplex
<LI><a href="#[b8]">&gt;&gt;</a>&nbsp;&nbsp;&nbsp;CUR_vGetPhaseCurrentBufferSamples
<LI><a href="#[ef]">&gt;&gt;</a>&nbsp;&nbsp;&nbsp;FLASH_SIM_WriteLocate
<LI><a href="#[a8]">&gt;&gt;</a>&nbsp;&nbsp;&nbsp;UART_Init
<LI><a href="#[136]">&gt;&gt;</a>&nbsp;&nbsp;&nbsp;Flashtest_config
<LI><a href="#[8b]">&gt;&gt;</a>&nbsp;&nbsp;&nbsp;AutoCalPllFactor
<LI><a href="#[1b5]">&gt;&gt;</a>&nbsp;&nbsp;&nbsp;RCC_GetSysClockFreq
</UL>

<P><STRONG><a name="[69]"></a>__aeabi_uidivmod</STRONG> (Thumb, 44 bytes, Stack size 12 bytes, uidiv.o(.text))
<BR><BR>[Stack]<UL><LI>Max Depth = 12<LI>Call Chain = __aeabi_uidivmod
</UL>
<BR>[Called By]<UL><LI><a href="#[ef]">&gt;&gt;</a>&nbsp;&nbsp;&nbsp;FLASH_SIM_WriteLocate
<LI><a href="#[20f]">&gt;&gt;</a>&nbsp;&nbsp;&nbsp;_printf_core
<LI><a href="#[68]">&gt;&gt;</a>&nbsp;&nbsp;&nbsp;__aeabi_idivmod
</UL>

<P><STRONG><a name="[11e]"></a>__aeabi_idiv</STRONG> (Thumb, 0 bytes, Stack size 16 bytes, idiv.o(.text))
<BR><BR>[Stack]<UL><LI>Max Depth = 16<LI>Call Chain = __aeabi_idiv
</UL>
<BR>[Called By]<UL><LI><a href="#[1ec]">&gt;&gt;</a>&nbsp;&nbsp;&nbsp;VOL_vTrackVoltageValues
<LI><a href="#[1c7]">&gt;&gt;</a>&nbsp;&nbsp;&nbsp;SMR_vCheckSpeedMonitorImplement
<LI><a href="#[126]">&gt;&gt;</a>&nbsp;&nbsp;&nbsp;FRK_vCheckMotorLockComplex
<LI><a href="#[121]">&gt;&gt;</a>&nbsp;&nbsp;&nbsp;FPL_vEvaluateVoltageAsymmetry
<LI><a href="#[11d]">&gt;&gt;</a>&nbsp;&nbsp;&nbsp;FPL_vEvaluateCurrentAsymmetry
<LI><a href="#[201]">&gt;&gt;</a>&nbsp;&nbsp;&nbsp;VOL_vCalculateRefVolt
</UL>

<P><STRONG><a name="[68]"></a>__aeabi_idivmod</STRONG> (Thumb, 40 bytes, Stack size 16 bytes, idiv.o(.text), UNUSED)
<BR><BR>[Calls]<UL><LI><a href="#[69]">&gt;&gt;</a>&nbsp;&nbsp;&nbsp;__aeabi_uidivmod
</UL>

<P><STRONG><a name="[168]"></a>abs</STRONG> (Thumb, 8 bytes, Stack size 0 bytes, siabs.o(.text))
<BR><BR>[Called By]<UL><LI><a href="#[1c0]">&gt;&gt;</a>&nbsp;&nbsp;&nbsp;SCL_vSpeedControlModbusHandle
<LI><a href="#[1c2]">&gt;&gt;</a>&nbsp;&nbsp;&nbsp;SCL_vSpeedControlMasterModbusHandle
<LI><a href="#[1bc]">&gt;&gt;</a>&nbsp;&nbsp;&nbsp;SCL_vCalculateActualSpeedFromPU
<LI><a href="#[5b]">&gt;&gt;</a>&nbsp;&nbsp;&nbsp;M1_Stop_Slow
<LI><a href="#[4f]">&gt;&gt;</a>&nbsp;&nbsp;&nbsp;M1_RunWindDetSlow
<LI><a href="#[52]">&gt;&gt;</a>&nbsp;&nbsp;&nbsp;M1_RunStartupSlow
<LI><a href="#[53]">&gt;&gt;</a>&nbsp;&nbsp;&nbsp;M1_RunSpinSlow
<LI><a href="#[46]">&gt;&gt;</a>&nbsp;&nbsp;&nbsp;M1_RunReadyFast
<LI><a href="#[54]">&gt;&gt;</a>&nbsp;&nbsp;&nbsp;M1_RunFreewheelSlow
<LI><a href="#[48]">&gt;&gt;</a>&nbsp;&nbsp;&nbsp;M1_RunBrakeFast
<LI><a href="#[51]">&gt;&gt;</a>&nbsp;&nbsp;&nbsp;M1_RunAlignSlow
</UL>

<P><STRONG><a name="[f0]"></a>__aeabi_memcpy</STRONG> (Thumb, 36 bytes, Stack size 0 bytes, memcpya.o(.text))
<BR><BR>[Called By]<UL><LI><a href="#[ee]">&gt;&gt;</a>&nbsp;&nbsp;&nbsp;EEPROM_Read
</UL>

<P><STRONG><a name="[21e]"></a>__aeabi_memcpy4</STRONG> (Thumb, 0 bytes, Stack size 0 bytes, memcpya.o(.text), UNUSED)

<P><STRONG><a name="[21f]"></a>__aeabi_memcpy8</STRONG> (Thumb, 0 bytes, Stack size 0 bytes, memcpya.o(.text), UNUSED)

<P><STRONG><a name="[1d8]"></a>__aeabi_fmul</STRONG> (Thumb, 122 bytes, Stack size 16 bytes, fmul.o(.text))
<BR><BR>[Stack]<UL><LI>Max Depth = 16<LI>Call Chain = __aeabi_fmul
</UL>
<BR>[Called By]<UL><LI><a href="#[208]">&gt;&gt;</a>&nbsp;&nbsp;&nbsp;WDN_vConfigureStartupParam
<LI><a href="#[25]">&gt;&gt;</a>&nbsp;&nbsp;&nbsp;TIM2_IRQHandler
</UL>

<P><STRONG><a name="[6a]"></a>__aeabi_fdiv</STRONG> (Thumb, 124 bytes, Stack size 16 bytes, fdiv.o(.text))
<BR><BR>[Stack]<UL><LI>Max Depth = 16<LI>Call Chain = __aeabi_fdiv
</UL>
<BR>[Calls]<UL><LI><a href="#[6b]">&gt;&gt;</a>&nbsp;&nbsp;&nbsp;_float_round
</UL>
<BR>[Called By]<UL><LI><a href="#[25]">&gt;&gt;</a>&nbsp;&nbsp;&nbsp;TIM2_IRQHandler
</UL>

<P><STRONG><a name="[6c]"></a>__aeabi_dadd</STRONG> (Thumb, 328 bytes, Stack size 48 bytes, dadd.o(.text))
<BR><BR>[Stack]<UL><LI>Max Depth = 104<LI>Call Chain = __aeabi_dadd &rArr; _double_epilogue &rArr; __aeabi_llsr
</UL>
<BR>[Calls]<UL><LI><a href="#[6e]">&gt;&gt;</a>&nbsp;&nbsp;&nbsp;__aeabi_lasr
<LI><a href="#[6d]">&gt;&gt;</a>&nbsp;&nbsp;&nbsp;__aeabi_llsl
<LI><a href="#[70]">&gt;&gt;</a>&nbsp;&nbsp;&nbsp;_double_round
<LI><a href="#[6f]">&gt;&gt;</a>&nbsp;&nbsp;&nbsp;_double_epilogue
</UL>
<BR>[Called By]<UL><LI><a href="#[1b8]">&gt;&gt;</a>&nbsp;&nbsp;&nbsp;SCL_vCalcualteTargetSpeed
<LI><a href="#[174]">&gt;&gt;</a>&nbsp;&nbsp;&nbsp;MOT_vAngleSmoothSwitch
<LI><a href="#[72]">&gt;&gt;</a>&nbsp;&nbsp;&nbsp;__aeabi_drsub
<LI><a href="#[71]">&gt;&gt;</a>&nbsp;&nbsp;&nbsp;__aeabi_dsub
<LI><a href="#[210]">&gt;&gt;</a>&nbsp;&nbsp;&nbsp;_fp_digits
</UL>

<P><STRONG><a name="[71]"></a>__aeabi_dsub</STRONG> (Thumb, 12 bytes, Stack size 8 bytes, dadd.o(.text), UNUSED)
<BR><BR>[Calls]<UL><LI><a href="#[6c]">&gt;&gt;</a>&nbsp;&nbsp;&nbsp;__aeabi_dadd
</UL>

<P><STRONG><a name="[72]"></a>__aeabi_drsub</STRONG> (Thumb, 12 bytes, Stack size 8 bytes, dadd.o(.text), UNUSED)
<BR><BR>[Calls]<UL><LI><a href="#[6c]">&gt;&gt;</a>&nbsp;&nbsp;&nbsp;__aeabi_dadd
</UL>

<P><STRONG><a name="[73]"></a>__aeabi_dmul</STRONG> (Thumb, 202 bytes, Stack size 72 bytes, dmul.o(.text))
<BR><BR>[Stack]<UL><LI>Max Depth = 128<LI>Call Chain = __aeabi_dmul &rArr; _double_epilogue &rArr; __aeabi_llsr
</UL>
<BR>[Calls]<UL><LI><a href="#[6f]">&gt;&gt;</a>&nbsp;&nbsp;&nbsp;_double_epilogue
</UL>
<BR>[Called By]<UL><LI><a href="#[1c0]">&gt;&gt;</a>&nbsp;&nbsp;&nbsp;SCL_vSpeedControlModbusHandle
<LI><a href="#[1c2]">&gt;&gt;</a>&nbsp;&nbsp;&nbsp;SCL_vSpeedControlMasterModbusHandle
<LI><a href="#[1bc]">&gt;&gt;</a>&nbsp;&nbsp;&nbsp;SCL_vCalculateActualSpeedFromPU
<LI><a href="#[1b8]">&gt;&gt;</a>&nbsp;&nbsp;&nbsp;SCL_vCalcualteTargetSpeed
<LI><a href="#[208]">&gt;&gt;</a>&nbsp;&nbsp;&nbsp;WDN_vConfigureStartupParam
<LI><a href="#[1c8]">&gt;&gt;</a>&nbsp;&nbsp;&nbsp;SMR_vIndependentMotorModelCalculation
<LI><a href="#[126]">&gt;&gt;</a>&nbsp;&nbsp;&nbsp;FRK_vCheckMotorLockComplex
<LI><a href="#[210]">&gt;&gt;</a>&nbsp;&nbsp;&nbsp;_fp_digits
</UL>

<P><STRONG><a name="[74]"></a>__aeabi_ddiv</STRONG> (Thumb, 234 bytes, Stack size 40 bytes, ddiv.o(.text))
<BR><BR>[Stack]<UL><LI>Max Depth = 48<LI>Call Chain = __aeabi_ddiv &rArr; _double_round
</UL>
<BR>[Calls]<UL><LI><a href="#[70]">&gt;&gt;</a>&nbsp;&nbsp;&nbsp;_double_round
</UL>
<BR>[Called By]<UL><LI><a href="#[1c0]">&gt;&gt;</a>&nbsp;&nbsp;&nbsp;SCL_vSpeedControlModbusHandle
<LI><a href="#[1c2]">&gt;&gt;</a>&nbsp;&nbsp;&nbsp;SCL_vSpeedControlMasterModbusHandle
<LI><a href="#[1bc]">&gt;&gt;</a>&nbsp;&nbsp;&nbsp;SCL_vCalculateActualSpeedFromPU
<LI><a href="#[1b8]">&gt;&gt;</a>&nbsp;&nbsp;&nbsp;SCL_vCalcualteTargetSpeed
<LI><a href="#[208]">&gt;&gt;</a>&nbsp;&nbsp;&nbsp;WDN_vConfigureStartupParam
<LI><a href="#[1c8]">&gt;&gt;</a>&nbsp;&nbsp;&nbsp;SMR_vIndependentMotorModelCalculation
<LI><a href="#[126]">&gt;&gt;</a>&nbsp;&nbsp;&nbsp;FRK_vCheckMotorLockComplex
<LI><a href="#[210]">&gt;&gt;</a>&nbsp;&nbsp;&nbsp;_fp_digits
</UL>

<P><STRONG><a name="[1ad]"></a>__aeabi_dcmple</STRONG> (Thumb, 44 bytes, Stack size 8 bytes, dcmple.o(.text))
<BR><BR>[Stack]<UL><LI>Max Depth = 8<LI>Call Chain = __aeabi_dcmple
</UL>
<BR>[Called By]<UL><LI><a href="#[174]">&gt;&gt;</a>&nbsp;&nbsp;&nbsp;MOT_vAngleSmoothSwitch
</UL>

<P><STRONG><a name="[1bb]"></a>__aeabi_dcmplt</STRONG> (Thumb, 44 bytes, Stack size 8 bytes, dcmplt.o(.text))
<BR><BR>[Stack]<UL><LI>Max Depth = 8<LI>Call Chain = __aeabi_dcmplt
</UL>
<BR>[Called By]<UL><LI><a href="#[1c0]">&gt;&gt;</a>&nbsp;&nbsp;&nbsp;SCL_vSpeedControlModbusHandle
<LI><a href="#[1b8]">&gt;&gt;</a>&nbsp;&nbsp;&nbsp;SCL_vCalcualteTargetSpeed
<LI><a href="#[208]">&gt;&gt;</a>&nbsp;&nbsp;&nbsp;WDN_vConfigureStartupParam
<LI><a href="#[1c8]">&gt;&gt;</a>&nbsp;&nbsp;&nbsp;SMR_vIndependentMotorModelCalculation
</UL>

<P><STRONG><a name="[1ae]"></a>__aeabi_dcmpge</STRONG> (Thumb, 44 bytes, Stack size 8 bytes, dcmpge.o(.text))
<BR><BR>[Stack]<UL><LI>Max Depth = 8<LI>Call Chain = __aeabi_dcmpge
</UL>
<BR>[Called By]<UL><LI><a href="#[1c0]">&gt;&gt;</a>&nbsp;&nbsp;&nbsp;SCL_vSpeedControlModbusHandle
<LI><a href="#[1b8]">&gt;&gt;</a>&nbsp;&nbsp;&nbsp;SCL_vCalcualteTargetSpeed
<LI><a href="#[208]">&gt;&gt;</a>&nbsp;&nbsp;&nbsp;WDN_vConfigureStartupParam
<LI><a href="#[174]">&gt;&gt;</a>&nbsp;&nbsp;&nbsp;MOT_vAngleSmoothSwitch
<LI><a href="#[1c8]">&gt;&gt;</a>&nbsp;&nbsp;&nbsp;SMR_vIndependentMotorModelCalculation
</UL>

<P><STRONG><a name="[75]"></a>__aeabi_ui2f</STRONG> (Thumb, 14 bytes, Stack size 8 bytes, ffltui.o(.text))
<BR><BR>[Stack]<UL><LI>Max Depth = 20<LI>Call Chain = __aeabi_ui2f &rArr; _float_epilogue
</UL>
<BR>[Calls]<UL><LI><a href="#[76]">&gt;&gt;</a>&nbsp;&nbsp;&nbsp;_float_epilogue
</UL>
<BR>[Called By]<UL><LI><a href="#[25]">&gt;&gt;</a>&nbsp;&nbsp;&nbsp;TIM2_IRQHandler
</UL>

<P><STRONG><a name="[77]"></a>__aeabi_i2d</STRONG> (Thumb, 34 bytes, Stack size 16 bytes, dflti.o(.text))
<BR><BR>[Stack]<UL><LI>Max Depth = 72<LI>Call Chain = __aeabi_i2d &rArr; _double_epilogue &rArr; __aeabi_llsr
</UL>
<BR>[Calls]<UL><LI><a href="#[6f]">&gt;&gt;</a>&nbsp;&nbsp;&nbsp;_double_epilogue
</UL>
<BR>[Called By]<UL><LI><a href="#[1c0]">&gt;&gt;</a>&nbsp;&nbsp;&nbsp;SCL_vSpeedControlModbusHandle
<LI><a href="#[1c2]">&gt;&gt;</a>&nbsp;&nbsp;&nbsp;SCL_vSpeedControlMasterModbusHandle
<LI><a href="#[1bc]">&gt;&gt;</a>&nbsp;&nbsp;&nbsp;SCL_vCalculateActualSpeedFromPU
<LI><a href="#[1b8]">&gt;&gt;</a>&nbsp;&nbsp;&nbsp;SCL_vCalcualteTargetSpeed
<LI><a href="#[174]">&gt;&gt;</a>&nbsp;&nbsp;&nbsp;MOT_vAngleSmoothSwitch
<LI><a href="#[1c8]">&gt;&gt;</a>&nbsp;&nbsp;&nbsp;SMR_vIndependentMotorModelCalculation
<LI><a href="#[126]">&gt;&gt;</a>&nbsp;&nbsp;&nbsp;FRK_vCheckMotorLockComplex
</UL>

<P><STRONG><a name="[1d9]"></a>__aeabi_f2uiz</STRONG> (Thumb, 40 bytes, Stack size 0 bytes, ffixui.o(.text))
<BR><BR>[Called By]<UL><LI><a href="#[208]">&gt;&gt;</a>&nbsp;&nbsp;&nbsp;WDN_vConfigureStartupParam
<LI><a href="#[25]">&gt;&gt;</a>&nbsp;&nbsp;&nbsp;TIM2_IRQHandler
</UL>

<P><STRONG><a name="[78]"></a>__aeabi_d2iz</STRONG> (Thumb, 62 bytes, Stack size 16 bytes, dfixi.o(.text))
<BR><BR>[Stack]<UL><LI>Max Depth = 24<LI>Call Chain = __aeabi_d2iz &rArr; __aeabi_llsr
</UL>
<BR>[Calls]<UL><LI><a href="#[79]">&gt;&gt;</a>&nbsp;&nbsp;&nbsp;__aeabi_llsr
</UL>
<BR>[Called By]<UL><LI><a href="#[1c0]">&gt;&gt;</a>&nbsp;&nbsp;&nbsp;SCL_vSpeedControlModbusHandle
<LI><a href="#[1c2]">&gt;&gt;</a>&nbsp;&nbsp;&nbsp;SCL_vSpeedControlMasterModbusHandle
<LI><a href="#[1bc]">&gt;&gt;</a>&nbsp;&nbsp;&nbsp;SCL_vCalculateActualSpeedFromPU
<LI><a href="#[1b8]">&gt;&gt;</a>&nbsp;&nbsp;&nbsp;SCL_vCalcualteTargetSpeed
<LI><a href="#[208]">&gt;&gt;</a>&nbsp;&nbsp;&nbsp;WDN_vConfigureStartupParam
<LI><a href="#[174]">&gt;&gt;</a>&nbsp;&nbsp;&nbsp;MOT_vAngleSmoothSwitch
<LI><a href="#[1c8]">&gt;&gt;</a>&nbsp;&nbsp;&nbsp;SMR_vIndependentMotorModelCalculation
<LI><a href="#[126]">&gt;&gt;</a>&nbsp;&nbsp;&nbsp;FRK_vCheckMotorLockComplex
</UL>

<P><STRONG><a name="[209]"></a>__aeabi_f2d</STRONG> (Thumb, 40 bytes, Stack size 0 bytes, f2d.o(.text))
<BR><BR>[Called By]<UL><LI><a href="#[208]">&gt;&gt;</a>&nbsp;&nbsp;&nbsp;WDN_vConfigureStartupParam
</UL>

<P><STRONG><a name="[7a]"></a>__aeabi_uldivmod</STRONG> (Thumb, 96 bytes, Stack size 48 bytes, uldiv.o(.text), UNUSED)
<BR><BR>[Calls]<UL><LI><a href="#[79]">&gt;&gt;</a>&nbsp;&nbsp;&nbsp;__aeabi_llsr
<LI><a href="#[6d]">&gt;&gt;</a>&nbsp;&nbsp;&nbsp;__aeabi_llsl
</UL>
<BR>[Called By]<UL><LI><a href="#[20f]">&gt;&gt;</a>&nbsp;&nbsp;&nbsp;_printf_core
<LI><a href="#[210]">&gt;&gt;</a>&nbsp;&nbsp;&nbsp;_fp_digits
</UL>

<P><STRONG><a name="[6d]"></a>__aeabi_llsl</STRONG> (Thumb, 32 bytes, Stack size 8 bytes, llshl.o(.text))
<BR><BR>[Stack]<UL><LI>Max Depth = 8<LI>Call Chain = __aeabi_llsl
</UL>
<BR>[Called By]<UL><LI><a href="#[6c]">&gt;&gt;</a>&nbsp;&nbsp;&nbsp;__aeabi_dadd
<LI><a href="#[7a]">&gt;&gt;</a>&nbsp;&nbsp;&nbsp;__aeabi_uldivmod
<LI><a href="#[6f]">&gt;&gt;</a>&nbsp;&nbsp;&nbsp;_double_epilogue
<LI><a href="#[7c]">&gt;&gt;</a>&nbsp;&nbsp;&nbsp;__aeabi_d2ulz
</UL>

<P><STRONG><a name="[220]"></a>_ll_shift_l</STRONG> (Thumb, 0 bytes, Stack size 8 bytes, llshl.o(.text), UNUSED)

<P><STRONG><a name="[79]"></a>__aeabi_llsr</STRONG> (Thumb, 34 bytes, Stack size 8 bytes, llushr.o(.text))
<BR><BR>[Stack]<UL><LI>Max Depth = 8<LI>Call Chain = __aeabi_llsr
</UL>
<BR>[Called By]<UL><LI><a href="#[78]">&gt;&gt;</a>&nbsp;&nbsp;&nbsp;__aeabi_d2iz
<LI><a href="#[7a]">&gt;&gt;</a>&nbsp;&nbsp;&nbsp;__aeabi_uldivmod
<LI><a href="#[6f]">&gt;&gt;</a>&nbsp;&nbsp;&nbsp;_double_epilogue
<LI><a href="#[7c]">&gt;&gt;</a>&nbsp;&nbsp;&nbsp;__aeabi_d2ulz
</UL>

<P><STRONG><a name="[221]"></a>_ll_ushift_r</STRONG> (Thumb, 0 bytes, Stack size 8 bytes, llushr.o(.text), UNUSED)

<P><STRONG><a name="[6e]"></a>__aeabi_lasr</STRONG> (Thumb, 38 bytes, Stack size 8 bytes, llsshr.o(.text))
<BR><BR>[Stack]<UL><LI>Max Depth = 8<LI>Call Chain = __aeabi_lasr
</UL>
<BR>[Called By]<UL><LI><a href="#[6c]">&gt;&gt;</a>&nbsp;&nbsp;&nbsp;__aeabi_dadd
</UL>

<P><STRONG><a name="[222]"></a>_ll_sshift_r</STRONG> (Thumb, 0 bytes, Stack size 8 bytes, llsshr.o(.text), UNUSED)

<P><STRONG><a name="[223]"></a>__I$use$fp</STRONG> (Thumb, 0 bytes, Stack size 0 bytes, iusefp.o(.text), UNUSED)

<P><STRONG><a name="[6b]"></a>_float_round</STRONG> (Thumb, 16 bytes, Stack size 0 bytes, fepilogue.o(.text))
<BR><BR>[Called By]<UL><LI><a href="#[6a]">&gt;&gt;</a>&nbsp;&nbsp;&nbsp;__aeabi_fdiv
</UL>

<P><STRONG><a name="[76]"></a>_float_epilogue</STRONG> (Thumb, 114 bytes, Stack size 12 bytes, fepilogue.o(.text))
<BR><BR>[Stack]<UL><LI>Max Depth = 12<LI>Call Chain = _float_epilogue
</UL>
<BR>[Called By]<UL><LI><a href="#[75]">&gt;&gt;</a>&nbsp;&nbsp;&nbsp;__aeabi_ui2f
</UL>

<P><STRONG><a name="[70]"></a>_double_round</STRONG> (Thumb, 26 bytes, Stack size 8 bytes, depilogue.o(.text))
<BR><BR>[Stack]<UL><LI>Max Depth = 8<LI>Call Chain = _double_round
</UL>
<BR>[Called By]<UL><LI><a href="#[74]">&gt;&gt;</a>&nbsp;&nbsp;&nbsp;__aeabi_ddiv
<LI><a href="#[6c]">&gt;&gt;</a>&nbsp;&nbsp;&nbsp;__aeabi_dadd
<LI><a href="#[6f]">&gt;&gt;</a>&nbsp;&nbsp;&nbsp;_double_epilogue
</UL>

<P><STRONG><a name="[6f]"></a>_double_epilogue</STRONG> (Thumb, 164 bytes, Stack size 48 bytes, depilogue.o(.text))
<BR><BR>[Stack]<UL><LI>Max Depth = 56<LI>Call Chain = _double_epilogue &rArr; __aeabi_llsr
</UL>
<BR>[Calls]<UL><LI><a href="#[7b]">&gt;&gt;</a>&nbsp;&nbsp;&nbsp;__ARM_clz
<LI><a href="#[79]">&gt;&gt;</a>&nbsp;&nbsp;&nbsp;__aeabi_llsr
<LI><a href="#[6d]">&gt;&gt;</a>&nbsp;&nbsp;&nbsp;__aeabi_llsl
<LI><a href="#[70]">&gt;&gt;</a>&nbsp;&nbsp;&nbsp;_double_round
</UL>
<BR>[Called By]<UL><LI><a href="#[77]">&gt;&gt;</a>&nbsp;&nbsp;&nbsp;__aeabi_i2d
<LI><a href="#[73]">&gt;&gt;</a>&nbsp;&nbsp;&nbsp;__aeabi_dmul
<LI><a href="#[6c]">&gt;&gt;</a>&nbsp;&nbsp;&nbsp;__aeabi_dadd
</UL>

<P><STRONG><a name="[7c]"></a>__aeabi_d2ulz</STRONG> (Thumb, 54 bytes, Stack size 8 bytes, dfixul.o(.text), UNUSED)
<BR><BR>[Calls]<UL><LI><a href="#[79]">&gt;&gt;</a>&nbsp;&nbsp;&nbsp;__aeabi_llsr
<LI><a href="#[6d]">&gt;&gt;</a>&nbsp;&nbsp;&nbsp;__aeabi_llsl
</UL>
<BR>[Called By]<UL><LI><a href="#[210]">&gt;&gt;</a>&nbsp;&nbsp;&nbsp;_fp_digits
</UL>

<P><STRONG><a name="[211]"></a>__aeabi_cdrcmple</STRONG> (Thumb, 38 bytes, Stack size 0 bytes, cdrcmple.o(.text), UNUSED)
<BR><BR>[Called By]<UL><LI><a href="#[210]">&gt;&gt;</a>&nbsp;&nbsp;&nbsp;_fp_digits
</UL>

<P><STRONG><a name="[5e]"></a>__scatterload</STRONG> (Thumb, 28 bytes, Stack size 0 bytes, init.o(.text))
<BR><BR>[Calls]<UL><LI><a href="#[7d]">&gt;&gt;</a>&nbsp;&nbsp;&nbsp;__main_after_scatterload
</UL>
<BR>[Called By]<UL><LI><a href="#[5d]">&gt;&gt;</a>&nbsp;&nbsp;&nbsp;_main_scatterload
</UL>

<P><STRONG><a name="[224]"></a>__scatterload_rt2</STRONG> (Thumb, 0 bytes, Stack size 0 bytes, init.o(.text), UNUSED)

<P><STRONG><a name="[225]"></a>__decompress</STRONG> (Thumb, 0 bytes, Stack size unknown bytes, __dczerorl.o(.text), UNUSED)

<P><STRONG><a name="[226]"></a>__decompress0</STRONG> (Thumb, 58 bytes, Stack size unknown bytes, __dczerorl.o(.text), UNUSED)

<P><STRONG><a name="[35]"></a>main</STRONG> (Thumb, 40 bytes, Stack size 16 bytes, iec60730_b_startup.o(.text.$Sub$$main))
<BR><BR>[Stack]<UL><LI>Max Depth = 304 + Unknown Stack Size
<LI>Call Chain = main &rArr; $Super$$main &rArr; ERT_vErrorCodeAccess &rArr; SMP_vWriteWordN &rArr; EEPROM_Write &rArr; FLASH_SIM_WriteEE &rArr; FLASH_SIM_ProgramEE &rArr; FLASH_ProgramHalfWord &rArr; FLASH_WaitForLastOperation &rArr; FLASH_GetStatus
</UL>
<BR>[Calls]<UL><LI><a href="#[7e]">&gt;&gt;</a>&nbsp;&nbsp;&nbsp;IEC60730_B_startup
<LI><a href="#[7f]">&gt;&gt;</a>&nbsp;&nbsp;&nbsp;$Super$$main
</UL>
<BR>[Address Reference Count : 1]<UL><LI> entry9a.o(.ARM.Collect$$$$0000000B)
</UL>
<P><STRONG><a name="[22]"></a>ADC1_IRQHandler</STRONG> (Thumb, 2 bytes, Stack size 0 bytes, mm32_it.o(.text.ADC1_IRQHandler))
<BR>[Address Reference Count : 1]<UL><LI> startup_mm32spin0280_keil.o(RESET)
</UL>
<P><STRONG><a name="[2a]"></a>ADC2_IRQHandler</STRONG> (Thumb, 412 bytes, Stack size 16 bytes, mm32_it.o(.text.ADC2_IRQHandler))
<BR><BR>[Stack]<UL><LI>Max Depth = 272<LI>Call Chain = ADC2_IRQHandler &rArr; FHE_vHandleTask &rArr; SMR_vSpeedEvaluation &rArr; SMR_vSpeedEvaluationComplex &rArr; SMR_vIndependentMotorModelCalculation &rArr; __aeabi_dmul &rArr; _double_epilogue &rArr; __aeabi_llsr
</UL>
<BR>[Calls]<UL><LI><a href="#[81]">&gt;&gt;</a>&nbsp;&nbsp;&nbsp;STK_vTriggerSafeTime
<LI><a href="#[83]">&gt;&gt;</a>&nbsp;&nbsp;&nbsp;Get_ADC_Result
<LI><a href="#[80]">&gt;&gt;</a>&nbsp;&nbsp;&nbsp;FMC_u32GetSystickTimerCounter
<LI><a href="#[84]">&gt;&gt;</a>&nbsp;&nbsp;&nbsp;FHE_vHandleTask
<LI><a href="#[82]">&gt;&gt;</a>&nbsp;&nbsp;&nbsp;CUR_vSetOffsetMeasState
</UL>
<BR>[Address Reference Count : 1]<UL><LI> startup_mm32spin0280_keil.o(RESET)
</UL>
<P><STRONG><a name="[c0]"></a>ADC_ANY_CH_Config</STRONG> (Thumb, 126 bytes, Stack size 40 bytes, hal_adc.o(.text.ADC_ANY_CH_Config))
<BR><BR>[Stack]<UL><LI>Max Depth = 40<LI>Call Chain = ADC_ANY_CH_Config
</UL>
<BR>[Called By]<UL><LI><a href="#[99]">&gt;&gt;</a>&nbsp;&nbsp;&nbsp;Drv_Adc_Channel_Init
</UL>

<P><STRONG><a name="[c1]"></a>ADC_ANY_Cmd</STRONG> (Thumb, 52 bytes, Stack size 16 bytes, hal_adc.o(.text.ADC_ANY_Cmd))
<BR><BR>[Stack]<UL><LI>Max Depth = 16<LI>Call Chain = ADC_ANY_Cmd
</UL>
<BR>[Called By]<UL><LI><a href="#[99]">&gt;&gt;</a>&nbsp;&nbsp;&nbsp;Drv_Adc_Channel_Init
</UL>

<P><STRONG><a name="[bf]"></a>ADC_ANY_NUM_Config</STRONG> (Thumb, 44 bytes, Stack size 16 bytes, hal_adc.o(.text.ADC_ANY_NUM_Config))
<BR><BR>[Stack]<UL><LI>Max Depth = 16<LI>Call Chain = ADC_ANY_NUM_Config
</UL>
<BR>[Called By]<UL><LI><a href="#[99]">&gt;&gt;</a>&nbsp;&nbsp;&nbsp;Drv_Adc_Channel_Init
</UL>

<P><STRONG><a name="[c2]"></a>ADC_AutoInjectedConvCmd</STRONG> (Thumb, 52 bytes, Stack size 16 bytes, hal_adc.o(.text.ADC_AutoInjectedConvCmd))
<BR><BR>[Stack]<UL><LI>Max Depth = 16<LI>Call Chain = ADC_AutoInjectedConvCmd
</UL>
<BR>[Called By]<UL><LI><a href="#[9a]">&gt;&gt;</a>&nbsp;&nbsp;&nbsp;Drv_Adc_Inject_Channel_Init
</UL>

<P><STRONG><a name="[bc]"></a>ADC_Calibration</STRONG> (Thumb, 52 bytes, Stack size 16 bytes, hal_adc.o(.text.ADC_Calibration))
<BR><BR>[Stack]<UL><LI>Max Depth = 16<LI>Call Chain = ADC_Calibration
</UL>
<BR>[Called By]<UL><LI><a href="#[98]">&gt;&gt;</a>&nbsp;&nbsp;&nbsp;Drv_Adc_Basic_Init
</UL>

<P><STRONG><a name="[15d]"></a>ADC_ClearITPendingBit</STRONG> (Thumb, 52 bytes, Stack size 16 bytes, hal_adc.o(.text.ADC_ClearITPendingBit))
<BR><BR>[Stack]<UL><LI>Max Depth = 16<LI>Call Chain = ADC_ClearITPendingBit
</UL>
<BR>[Called By]<UL><LI><a href="#[159]">&gt;&gt;</a>&nbsp;&nbsp;&nbsp;Interrupt_Init
</UL>

<P><STRONG><a name="[9b]"></a>ADC_Cmd</STRONG> (Thumb, 52 bytes, Stack size 16 bytes, hal_adc.o(.text.ADC_Cmd))
<BR><BR>[Stack]<UL><LI>Max Depth = 16<LI>Call Chain = ADC_Cmd
</UL>
<BR>[Called By]<UL><LI><a href="#[98]">&gt;&gt;</a>&nbsp;&nbsp;&nbsp;Drv_Adc_Basic_Init
<LI><a href="#[97]">&gt;&gt;</a>&nbsp;&nbsp;&nbsp;Board_ADC_Init
</UL>

<P><STRONG><a name="[be]"></a>ADC_ExternalTrigConvCmd</STRONG> (Thumb, 52 bytes, Stack size 16 bytes, hal_adc.o(.text.ADC_ExternalTrigConvCmd))
<BR><BR>[Stack]<UL><LI>Max Depth = 16<LI>Call Chain = ADC_ExternalTrigConvCmd
</UL>
<BR>[Called By]<UL><LI><a href="#[98]">&gt;&gt;</a>&nbsp;&nbsp;&nbsp;Drv_Adc_Basic_Init
</UL>

<P><STRONG><a name="[15c]"></a>ADC_ITConfig</STRONG> (Thumb, 110 bytes, Stack size 40 bytes, hal_adc.o(.text.ADC_ITConfig))
<BR><BR>[Stack]<UL><LI>Max Depth = 40<LI>Call Chain = ADC_ITConfig
</UL>
<BR>[Called By]<UL><LI><a href="#[159]">&gt;&gt;</a>&nbsp;&nbsp;&nbsp;Interrupt_Init
</UL>

<P><STRONG><a name="[bd]"></a>ADC_Init</STRONG> (Thumb, 84 bytes, Stack size 24 bytes, hal_adc.o(.text.ADC_Init))
<BR><BR>[Stack]<UL><LI>Max Depth = 24<LI>Call Chain = ADC_Init
</UL>
<BR>[Called By]<UL><LI><a href="#[98]">&gt;&gt;</a>&nbsp;&nbsp;&nbsp;Drv_Adc_Basic_Init
</UL>

<P><STRONG><a name="[c5]"></a>ADC_InjectedConvCmd</STRONG> (Thumb, 52 bytes, Stack size 16 bytes, hal_adc.o(.text.ADC_InjectedConvCmd))
<BR><BR>[Stack]<UL><LI>Max Depth = 16<LI>Call Chain = ADC_InjectedConvCmd
</UL>
<BR>[Called By]<UL><LI><a href="#[9a]">&gt;&gt;</a>&nbsp;&nbsp;&nbsp;Drv_Adc_Inject_Channel_Init
</UL>

<P><STRONG><a name="[c4]"></a>ADC_InjectedSequencerChannelConfig</STRONG> (Thumb, 80 bytes, Stack size 52 bytes, hal_adc.o(.text.ADC_InjectedSequencerChannelConfig))
<BR><BR>[Stack]<UL><LI>Max Depth = 52<LI>Call Chain = ADC_InjectedSequencerChannelConfig
</UL>
<BR>[Called By]<UL><LI><a href="#[9a]">&gt;&gt;</a>&nbsp;&nbsp;&nbsp;Drv_Adc_Inject_Channel_Init
</UL>

<P><STRONG><a name="[c3]"></a>ADC_InjectedSequencerLengthConfig</STRONG> (Thumb, 48 bytes, Stack size 32 bytes, hal_adc.o(.text.ADC_InjectedSequencerLengthConfig))
<BR><BR>[Stack]<UL><LI>Max Depth = 32<LI>Call Chain = ADC_InjectedSequencerLengthConfig
</UL>
<BR>[Called By]<UL><LI><a href="#[9a]">&gt;&gt;</a>&nbsp;&nbsp;&nbsp;Drv_Adc_Inject_Channel_Init
</UL>

<P><STRONG><a name="[85]"></a>ADC_RegularChannelConfig</STRONG> (Thumb, 214 bytes, Stack size 56 bytes, hal_adc.o(.text.ADC_RegularChannelConfig))
<BR><BR>[Stack]<UL><LI>Max Depth = 64<LI>Call Chain = ADC_RegularChannelConfig &rArr; ADC_TempSensorVrefintCmd
</UL>
<BR>[Calls]<UL><LI><a href="#[86]">&gt;&gt;</a>&nbsp;&nbsp;&nbsp;ADC_TempSensorVrefintCmd
</UL>
<BR>[Called By]<UL><LI><a href="#[9a]">&gt;&gt;</a>&nbsp;&nbsp;&nbsp;Drv_Adc_Inject_Channel_Init
<LI><a href="#[99]">&gt;&gt;</a>&nbsp;&nbsp;&nbsp;Drv_Adc_Channel_Init
</UL>

<P><STRONG><a name="[ba]"></a>ADC_StructInit</STRONG> (Thumb, 38 bytes, Stack size 8 bytes, hal_adc.o(.text.ADC_StructInit))
<BR><BR>[Stack]<UL><LI>Max Depth = 8<LI>Call Chain = ADC_StructInit
</UL>
<BR>[Called By]<UL><LI><a href="#[98]">&gt;&gt;</a>&nbsp;&nbsp;&nbsp;Drv_Adc_Basic_Init
</UL>

<P><STRONG><a name="[86]"></a>ADC_TempSensorVrefintCmd</STRONG> (Thumb, 52 bytes, Stack size 8 bytes, hal_adc.o(.text.ADC_TempSensorVrefintCmd))
<BR><BR>[Stack]<UL><LI>Max Depth = 8<LI>Call Chain = ADC_TempSensorVrefintCmd
</UL>
<BR>[Called By]<UL><LI><a href="#[85]">&gt;&gt;</a>&nbsp;&nbsp;&nbsp;ADC_RegularChannelConfig
</UL>

<P><STRONG><a name="[0]"></a>AMS_vInitModbus2Stm</STRONG> (Thumb, 72 bytes, Stack size 64 bytes, appmodbus2stm.o(.text.AMS_vInitModbus2Stm))
<BR><BR>[Stack]<UL><LI>Max Depth = 128<LI>Call Chain = AMS_vInitModbus2Stm &rArr; FSM_vInit
</UL>
<BR>[Calls]<UL><LI><a href="#[88]">&gt;&gt;</a>&nbsp;&nbsp;&nbsp;MOS_vGetEventMap
<LI><a href="#[87]">&gt;&gt;</a>&nbsp;&nbsp;&nbsp;MOS2_vGetActionMap
<LI><a href="#[89]">&gt;&gt;</a>&nbsp;&nbsp;&nbsp;FSM_vInit
</UL>
<BR>[Address Reference Count : 1]<UL><LI> appmodbus2stm.o(.data.MOS2_pfStatemachine)
</UL>
<P><STRONG><a name="[1c1]"></a>AMS_vModbus2Statemachine</STRONG> (Thumb, 32 bytes, Stack size 16 bytes, appmodbus2stm.o(.text.AMS_vModbus2Statemachine))
<BR><BR>[Stack]<UL><LI>Max Depth = 16<LI>Call Chain = AMS_vModbus2Statemachine
</UL>
<BR>[Called By]<UL><LI><a href="#[1be]">&gt;&gt;</a>&nbsp;&nbsp;&nbsp;SCL_vSpeedControlHandle
</UL>

<P><STRONG><a name="[3a]"></a>AMS_vModbus2StatemachineRun</STRONG> (Thumb, 16 bytes, Stack size 8 bytes, appmodbus2stm.o(.text.AMS_vModbus2StatemachineRun))
<BR><BR>[Stack]<UL><LI>Max Depth = 64<LI>Call Chain = AMS_vModbus2StatemachineRun &rArr; FSM_vActionPerfrom &rArr; FSM_vGetAction
</UL>
<BR>[Calls]<UL><LI><a href="#[8a]">&gt;&gt;</a>&nbsp;&nbsp;&nbsp;FSM_vActionPerfrom
</UL>
<BR>[Address Reference Count : 1]<UL><LI> appmodbus2stm.o(.text.AMS_vModbus2Statemachine)
</UL>
<P><STRONG><a name="[8b]"></a>AutoCalPllFactor</STRONG> (Thumb, 204 bytes, Stack size 80 bytes, system_mm32spin0280.o(.text.AutoCalPllFactor))
<BR><BR>[Stack]<UL><LI>Max Depth = 92<LI>Call Chain = AutoCalPllFactor &rArr; __aeabi_uidiv
</UL>
<BR>[Calls]<UL><LI><a href="#[8c]">&gt;&gt;</a>&nbsp;&nbsp;&nbsp;__aeabi_uidiv
</UL>
<BR>[Called By]<UL><LI><a href="#[1ce]">&gt;&gt;</a>&nbsp;&nbsp;&nbsp;SetSysClockWithHsiPLL
</UL>

<P><STRONG><a name="[8d]"></a>BOD_vExti9Config</STRONG> (Thumb, 12 bytes, Stack size 8 bytes, board.o(.text.BOD_vExti9Config))
<BR><BR>[Stack]<UL><LI>Max Depth = 76<LI>Call Chain = BOD_vExti9Config &rArr; EXTI9_NVIC_Config &rArr; EXTI_LineConfig
</UL>
<BR>[Calls]<UL><LI><a href="#[8f]">&gt;&gt;</a>&nbsp;&nbsp;&nbsp;EXTI_NVIC_Init
<LI><a href="#[8e]">&gt;&gt;</a>&nbsp;&nbsp;&nbsp;EXTI9_NVIC_Config
</UL>
<BR>[Called By]<UL><LI><a href="#[1b1]">&gt;&gt;</a>&nbsp;&nbsp;&nbsp;Peripheral_Init
</UL>

<P><STRONG><a name="[90]"></a>BSP_vDirectionDetect_Init</STRONG> (Thumb, 60 bytes, Stack size 24 bytes, board.o(.text.BSP_vDirectionDetect_Init))
<BR><BR>[Stack]<UL><LI>Max Depth = 60<LI>Call Chain = BSP_vDirectionDetect_Init &rArr; GPIO_Init
</UL>
<BR>[Calls]<UL><LI><a href="#[92]">&gt;&gt;</a>&nbsp;&nbsp;&nbsp;RCC_AHBPeriphClockCmd
<LI><a href="#[91]">&gt;&gt;</a>&nbsp;&nbsp;&nbsp;GPIO_StructInit
<LI><a href="#[93]">&gt;&gt;</a>&nbsp;&nbsp;&nbsp;GPIO_Init
</UL>
<BR>[Called By]<UL><LI><a href="#[a0]">&gt;&gt;</a>&nbsp;&nbsp;&nbsp;Bsp_Gpio_Init
</UL>

<P><STRONG><a name="[94]"></a>BSP_vExti9Config</STRONG> (Thumb, 56 bytes, Stack size 24 bytes, board.o(.text.BSP_vExti9Config))
<BR><BR>[Stack]<UL><LI>Max Depth = 60<LI>Call Chain = BSP_vExti9Config &rArr; GPIO_Init
</UL>
<BR>[Calls]<UL><LI><a href="#[92]">&gt;&gt;</a>&nbsp;&nbsp;&nbsp;RCC_AHBPeriphClockCmd
<LI><a href="#[91]">&gt;&gt;</a>&nbsp;&nbsp;&nbsp;GPIO_StructInit
<LI><a href="#[93]">&gt;&gt;</a>&nbsp;&nbsp;&nbsp;GPIO_Init
</UL>
<BR>[Called By]<UL><LI><a href="#[a0]">&gt;&gt;</a>&nbsp;&nbsp;&nbsp;Bsp_Gpio_Init
</UL>

<P><STRONG><a name="[95]"></a>BSP_vUARTInit</STRONG> (Thumb, 70 bytes, Stack size 24 bytes, board.o(.text.BSP_vUARTInit))
<BR><BR>[Stack]<UL><LI>Max Depth = 60<LI>Call Chain = BSP_vUARTInit &rArr; GPIO_Init
</UL>
<BR>[Calls]<UL><LI><a href="#[92]">&gt;&gt;</a>&nbsp;&nbsp;&nbsp;RCC_AHBPeriphClockCmd
<LI><a href="#[91]">&gt;&gt;</a>&nbsp;&nbsp;&nbsp;GPIO_StructInit
<LI><a href="#[93]">&gt;&gt;</a>&nbsp;&nbsp;&nbsp;GPIO_Init
</UL>
<BR>[Called By]<UL><LI><a href="#[a0]">&gt;&gt;</a>&nbsp;&nbsp;&nbsp;Bsp_Gpio_Init
</UL>

<P><STRONG><a name="[96]"></a>BSP_vUARTInitUART3</STRONG> (Thumb, 76 bytes, Stack size 24 bytes, board.o(.text.BSP_vUARTInitUART3))
<BR><BR>[Stack]<UL><LI>Max Depth = 60<LI>Call Chain = BSP_vUARTInitUART3 &rArr; GPIO_Init
</UL>
<BR>[Calls]<UL><LI><a href="#[92]">&gt;&gt;</a>&nbsp;&nbsp;&nbsp;RCC_AHBPeriphClockCmd
<LI><a href="#[91]">&gt;&gt;</a>&nbsp;&nbsp;&nbsp;GPIO_StructInit
<LI><a href="#[93]">&gt;&gt;</a>&nbsp;&nbsp;&nbsp;GPIO_Init
</UL>
<BR>[Called By]<UL><LI><a href="#[a0]">&gt;&gt;</a>&nbsp;&nbsp;&nbsp;Bsp_Gpio_Init
</UL>

<P><STRONG><a name="[97]"></a>Board_ADC_Init</STRONG> (Thumb, 172 bytes, Stack size 104 bytes, board.o(.text.Board_ADC_Init))
<BR><BR>[Stack]<UL><LI>Max Depth = 216<LI>Call Chain = Board_ADC_Init &rArr; Drv_Adc_Channel_Init &rArr; ADC_RegularChannelConfig &rArr; ADC_TempSensorVrefintCmd
</UL>
<BR>[Calls]<UL><LI><a href="#[9a]">&gt;&gt;</a>&nbsp;&nbsp;&nbsp;Drv_Adc_Inject_Channel_Init
<LI><a href="#[99]">&gt;&gt;</a>&nbsp;&nbsp;&nbsp;Drv_Adc_Channel_Init
<LI><a href="#[98]">&gt;&gt;</a>&nbsp;&nbsp;&nbsp;Drv_Adc_Basic_Init
<LI><a href="#[9b]">&gt;&gt;</a>&nbsp;&nbsp;&nbsp;ADC_Cmd
</UL>
<BR>[Called By]<UL><LI><a href="#[1b1]">&gt;&gt;</a>&nbsp;&nbsp;&nbsp;Peripheral_Init
</UL>

<P><STRONG><a name="[9c]"></a>Board_Comp_Init</STRONG> (Thumb, 34 bytes, Stack size 16 bytes, board.o(.text.Board_Comp_Init))
<BR><BR>[Stack]<UL><LI>Max Depth = 124<LI>Call Chain = Board_Comp_Init &rArr; Drv_Comp_Init &rArr; COMP_SetCrv
</UL>
<BR>[Calls]<UL><LI><a href="#[9d]">&gt;&gt;</a>&nbsp;&nbsp;&nbsp;Drv_Comp_Init
</UL>
<BR>[Called By]<UL><LI><a href="#[1b1]">&gt;&gt;</a>&nbsp;&nbsp;&nbsp;Peripheral_Init
</UL>

<P><STRONG><a name="[9e]"></a>Bsp_Adc_Init</STRONG> (Thumb, 136 bytes, Stack size 32 bytes, board.o(.text.Bsp_Adc_Init))
<BR><BR>[Stack]<UL><LI>Max Depth = 68<LI>Call Chain = Bsp_Adc_Init &rArr; GPIO_Init
</UL>
<BR>[Calls]<UL><LI><a href="#[92]">&gt;&gt;</a>&nbsp;&nbsp;&nbsp;RCC_AHBPeriphClockCmd
<LI><a href="#[91]">&gt;&gt;</a>&nbsp;&nbsp;&nbsp;GPIO_StructInit
<LI><a href="#[93]">&gt;&gt;</a>&nbsp;&nbsp;&nbsp;GPIO_Init
</UL>
<BR>[Called By]<UL><LI><a href="#[a0]">&gt;&gt;</a>&nbsp;&nbsp;&nbsp;Bsp_Gpio_Init
</UL>

<P><STRONG><a name="[9f]"></a>Bsp_Comp_Init</STRONG> (Thumb, 56 bytes, Stack size 24 bytes, board.o(.text.Bsp_Comp_Init))
<BR><BR>[Stack]<UL><LI>Max Depth = 60<LI>Call Chain = Bsp_Comp_Init &rArr; GPIO_Init
</UL>
<BR>[Calls]<UL><LI><a href="#[92]">&gt;&gt;</a>&nbsp;&nbsp;&nbsp;RCC_AHBPeriphClockCmd
<LI><a href="#[91]">&gt;&gt;</a>&nbsp;&nbsp;&nbsp;GPIO_StructInit
<LI><a href="#[93]">&gt;&gt;</a>&nbsp;&nbsp;&nbsp;GPIO_Init
</UL>
<BR>[Called By]<UL><LI><a href="#[a0]">&gt;&gt;</a>&nbsp;&nbsp;&nbsp;Bsp_Gpio_Init
</UL>

<P><STRONG><a name="[a0]"></a>Bsp_Gpio_Init</STRONG> (Thumb, 40 bytes, Stack size 8 bytes, board.o(.text.Bsp_Gpio_Init))
<BR><BR>[Stack]<UL><LI>Max Depth = 100<LI>Call Chain = Bsp_Gpio_Init &rArr; Bsp_Pwm_Init &rArr; GPIO_PinAFConfig
</UL>
<BR>[Calls]<UL><LI><a href="#[a3]">&gt;&gt;</a>&nbsp;&nbsp;&nbsp;Bsp_Pwm_Init
<LI><a href="#[a2]">&gt;&gt;</a>&nbsp;&nbsp;&nbsp;Bsp_Op_Init
<LI><a href="#[a1]">&gt;&gt;</a>&nbsp;&nbsp;&nbsp;Bsp_Led_Init
<LI><a href="#[9f]">&gt;&gt;</a>&nbsp;&nbsp;&nbsp;Bsp_Comp_Init
<LI><a href="#[9e]">&gt;&gt;</a>&nbsp;&nbsp;&nbsp;Bsp_Adc_Init
<LI><a href="#[96]">&gt;&gt;</a>&nbsp;&nbsp;&nbsp;BSP_vUARTInitUART3
<LI><a href="#[95]">&gt;&gt;</a>&nbsp;&nbsp;&nbsp;BSP_vUARTInit
<LI><a href="#[94]">&gt;&gt;</a>&nbsp;&nbsp;&nbsp;BSP_vExti9Config
<LI><a href="#[90]">&gt;&gt;</a>&nbsp;&nbsp;&nbsp;BSP_vDirectionDetect_Init
</UL>
<BR>[Called By]<UL><LI><a href="#[7f]">&gt;&gt;</a>&nbsp;&nbsp;&nbsp;$Super$$main
</UL>

<P><STRONG><a name="[a1]"></a>Bsp_Led_Init</STRONG> (Thumb, 56 bytes, Stack size 24 bytes, board.o(.text.Bsp_Led_Init))
<BR><BR>[Stack]<UL><LI>Max Depth = 60<LI>Call Chain = Bsp_Led_Init &rArr; GPIO_Init
</UL>
<BR>[Calls]<UL><LI><a href="#[92]">&gt;&gt;</a>&nbsp;&nbsp;&nbsp;RCC_AHBPeriphClockCmd
<LI><a href="#[91]">&gt;&gt;</a>&nbsp;&nbsp;&nbsp;GPIO_StructInit
<LI><a href="#[93]">&gt;&gt;</a>&nbsp;&nbsp;&nbsp;GPIO_Init
</UL>
<BR>[Called By]<UL><LI><a href="#[a0]">&gt;&gt;</a>&nbsp;&nbsp;&nbsp;Bsp_Gpio_Init
</UL>

<P><STRONG><a name="[a2]"></a>Bsp_Op_Init</STRONG> (Thumb, 116 bytes, Stack size 32 bytes, board.o(.text.Bsp_Op_Init))
<BR><BR>[Stack]<UL><LI>Max Depth = 68<LI>Call Chain = Bsp_Op_Init &rArr; GPIO_Init
</UL>
<BR>[Calls]<UL><LI><a href="#[92]">&gt;&gt;</a>&nbsp;&nbsp;&nbsp;RCC_AHBPeriphClockCmd
<LI><a href="#[91]">&gt;&gt;</a>&nbsp;&nbsp;&nbsp;GPIO_StructInit
<LI><a href="#[93]">&gt;&gt;</a>&nbsp;&nbsp;&nbsp;GPIO_Init
</UL>
<BR>[Called By]<UL><LI><a href="#[a0]">&gt;&gt;</a>&nbsp;&nbsp;&nbsp;Bsp_Gpio_Init
</UL>

<P><STRONG><a name="[a3]"></a>Bsp_Pwm_Init</STRONG> (Thumb, 200 bytes, Stack size 40 bytes, board.o(.text.Bsp_Pwm_Init))
<BR><BR>[Stack]<UL><LI>Max Depth = 92<LI>Call Chain = Bsp_Pwm_Init &rArr; GPIO_PinAFConfig
</UL>
<BR>[Calls]<UL><LI><a href="#[92]">&gt;&gt;</a>&nbsp;&nbsp;&nbsp;RCC_AHBPeriphClockCmd
<LI><a href="#[91]">&gt;&gt;</a>&nbsp;&nbsp;&nbsp;GPIO_StructInit
<LI><a href="#[a4]">&gt;&gt;</a>&nbsp;&nbsp;&nbsp;GPIO_PinAFConfig
<LI><a href="#[93]">&gt;&gt;</a>&nbsp;&nbsp;&nbsp;GPIO_Init
</UL>
<BR>[Called By]<UL><LI><a href="#[a0]">&gt;&gt;</a>&nbsp;&nbsp;&nbsp;Bsp_Gpio_Init
</UL>

<P><STRONG><a name="[a5]"></a>CBUart_Init</STRONG> (Thumb, 164 bytes, Stack size 64 bytes, uart_classb.o(.text.CBUart_Init))
<BR><BR>[Stack]<UL><LI>Max Depth = 172<LI>Call Chain = CBUart_Init &rArr; UART_Init &rArr; RCC_GetPCLK1Freq &rArr; RCC_GetHCLKFreq &rArr; RCC_GetSysClockFreq &rArr; __aeabi_uidiv
</UL>
<BR>[Calls]<UL><LI><a href="#[a4]">&gt;&gt;</a>&nbsp;&nbsp;&nbsp;GPIO_PinAFConfig
<LI><a href="#[93]">&gt;&gt;</a>&nbsp;&nbsp;&nbsp;GPIO_Init
<LI><a href="#[a8]">&gt;&gt;</a>&nbsp;&nbsp;&nbsp;UART_Init
<LI><a href="#[a9]">&gt;&gt;</a>&nbsp;&nbsp;&nbsp;UART_Cmd
<LI><a href="#[a6]">&gt;&gt;</a>&nbsp;&nbsp;&nbsp;RCC_UART_ClockCmd
<LI><a href="#[a7]">&gt;&gt;</a>&nbsp;&nbsp;&nbsp;RCC_GPIO_ClockCmd
</UL>
<BR>[Called By]<UL><LI><a href="#[7e]">&gt;&gt;</a>&nbsp;&nbsp;&nbsp;IEC60730_B_startup
<LI><a href="#[7f]">&gt;&gt;</a>&nbsp;&nbsp;&nbsp;$Super$$main
</UL>

<P><STRONG><a name="[2e]"></a>COMP1_2_3_4_5_IRQHandler</STRONG> (Thumb, 2 bytes, Stack size 0 bytes, mm32_it.o(.text.COMP1_2_3_4_5_IRQHandler))
<BR>[Address Reference Count : 1]<UL><LI> startup_mm32spin0280_keil.o(RESET)
</UL>
<P><STRONG><a name="[c9]"></a>COMP_Cmd</STRONG> (Thumb, 68 bytes, Stack size 24 bytes, hal_comp.o(.text.COMP_Cmd))
<BR><BR>[Stack]<UL><LI>Max Depth = 24<LI>Call Chain = COMP_Cmd
</UL>
<BR>[Called By]<UL><LI><a href="#[9d]">&gt;&gt;</a>&nbsp;&nbsp;&nbsp;Drv_Comp_Init
</UL>

<P><STRONG><a name="[c6]"></a>COMP_DeInit</STRONG> (Thumb, 28 bytes, Stack size 8 bytes, hal_comp.o(.text.COMP_DeInit))
<BR><BR>[Stack]<UL><LI>Max Depth = 8<LI>Call Chain = COMP_DeInit
</UL>
<BR>[Called By]<UL><LI><a href="#[9d]">&gt;&gt;</a>&nbsp;&nbsp;&nbsp;Drv_Comp_Init
</UL>

<P><STRONG><a name="[c7]"></a>COMP_Init</STRONG> (Thumb, 64 bytes, Stack size 32 bytes, hal_comp.o(.text.COMP_Init))
<BR><BR>[Stack]<UL><LI>Max Depth = 32<LI>Call Chain = COMP_Init
</UL>
<BR>[Called By]<UL><LI><a href="#[9d]">&gt;&gt;</a>&nbsp;&nbsp;&nbsp;Drv_Comp_Init
</UL>

<P><STRONG><a name="[c8]"></a>COMP_SetCrv</STRONG> (Thumb, 68 bytes, Stack size 36 bytes, hal_comp.o(.text.COMP_SetCrv))
<BR><BR>[Stack]<UL><LI>Max Depth = 36<LI>Call Chain = COMP_SetCrv
</UL>
<BR>[Called By]<UL><LI><a href="#[9d]">&gt;&gt;</a>&nbsp;&nbsp;&nbsp;Drv_Comp_Init
</UL>

<P><STRONG><a name="[aa]"></a>COM_vCheckOverThresholdLimit</STRONG> (Thumb, 134 bytes, Stack size 24 bytes, common.o(.text.COM_vCheckOverThresholdLimit))
<BR><BR>[Stack]<UL><LI>Max Depth = 52<LI>Call Chain = COM_vCheckOverThresholdLimit &rArr; QMATH_max
</UL>
<BR>[Calls]<UL><LI><a href="#[ab]">&gt;&gt;</a>&nbsp;&nbsp;&nbsp;QMATH_max
</UL>
<BR>[Called By]<UL><LI><a href="#[17c]">&gt;&gt;</a>&nbsp;&nbsp;&nbsp;WDN_bEstimateStartupScenario
</UL>

<P><STRONG><a name="[13a]"></a>CRC_CalcBlockCRC</STRONG> (Thumb, 64 bytes, Stack size 20 bytes, hal_crc.o(.text.CRC_CalcBlockCRC))
<BR><BR>[Stack]<UL><LI>Max Depth = 20<LI>Call Chain = CRC_CalcBlockCRC
</UL>
<BR>[Called By]<UL><LI><a href="#[153]">&gt;&gt;</a>&nbsp;&nbsp;&nbsp;IEC60730_InitRunTimeChecks
<LI><a href="#[138]">&gt;&gt;</a>&nbsp;&nbsp;&nbsp;IEC60730_B_CRC_StoreclassBData
</UL>

<P><STRONG><a name="[139]"></a>CRC_ResetDR</STRONG> (Thumb, 12 bytes, Stack size 0 bytes, hal_crc.o(.text.CRC_ResetDR))
<BR><BR>[Called By]<UL><LI><a href="#[153]">&gt;&gt;</a>&nbsp;&nbsp;&nbsp;IEC60730_InitRunTimeChecks
<LI><a href="#[14f]">&gt;&gt;</a>&nbsp;&nbsp;&nbsp;IEC60730_FlashCrc32Init
<LI><a href="#[3b]">&gt;&gt;</a>&nbsp;&nbsp;&nbsp;IEC60730_B_FullFlash_test
<LI><a href="#[138]">&gt;&gt;</a>&nbsp;&nbsp;&nbsp;IEC60730_B_CRC_StoreclassBData
</UL>

<P><STRONG><a name="[42]"></a>CUR_bCheckMotCurrentMeasValues</STRONG> (Thumb, 132 bytes, Stack size 48 bytes, current.o(.text.CUR_bCheckMotCurrentMeasValues))
<BR><BR>[Stack]<UL><LI>Max Depth = 196<LI>Call Chain = CUR_bCheckMotCurrentMeasValues &rArr; CUR_vCheckMotCurrentMeasOffsetVoltage &rArr; FIR_vCalcFilter
</UL>
<BR>[Calls]<UL><LI><a href="#[ac]">&gt;&gt;</a>&nbsp;&nbsp;&nbsp;STK_tGetSafeTime
<LI><a href="#[ad]">&gt;&gt;</a>&nbsp;&nbsp;&nbsp;CUR_vCheckMotCurrentMeasOffsetVoltage
<LI><a href="#[ae]">&gt;&gt;</a>&nbsp;&nbsp;&nbsp;CUR_vCalcCurrentQuantities
</UL>
<BR>[Address Reference Count : 1]<UL><LI> fsmonitor.o(.rodata.FSM_atMonitorConfig)
</UL>
<P><STRONG><a name="[120]"></a>CUR_tGetPhaseCurrentCalPointer</STRONG> (Thumb, 8 bytes, Stack size 0 bytes, current.o(.text.CUR_tGetPhaseCurrentCalPointer))
<BR><BR>[Called By]<UL><LI><a href="#[11f]">&gt;&gt;</a>&nbsp;&nbsp;&nbsp;FPL_vEvaluateStaticVector
</UL>

<P><STRONG><a name="[207]"></a>CUR_u16GetThreePhaseRMS</STRONG> (Thumb, 12 bytes, Stack size 0 bytes, current.o(.text.CUR_u16GetThreePhaseRMS))
<BR><BR>[Called By]<UL><LI><a href="#[17c]">&gt;&gt;</a>&nbsp;&nbsp;&nbsp;WDN_bEstimateStartupScenario
</UL>

<P><STRONG><a name="[af]"></a>CUR_updatePhaseCurrentBuffer</STRONG> (Thumb, 452 bytes, Stack size 64 bytes, current.o(.text.CUR_updatePhaseCurrentBuffer))
<BR><BR>[Stack]<UL><LI>Max Depth = 84<LI>Call Chain = CUR_updatePhaseCurrentBuffer &rArr; Division
</UL>
<BR>[Calls]<UL><LI><a href="#[b0]">&gt;&gt;</a>&nbsp;&nbsp;&nbsp;Division
</UL>
<BR>[Called By]<UL><LI><a href="#[10d]">&gt;&gt;</a>&nbsp;&nbsp;&nbsp;FPL_vPhaseLossEvaluation
</UL>

<P><STRONG><a name="[b1]"></a>CUR_vCalThreePhaseCurRMS</STRONG> (Thumb, 112 bytes, Stack size 24 bytes, current.o(.text.CUR_vCalThreePhaseCurRMS))
<BR><BR>[Stack]<UL><LI>Max Depth = 52<LI>Call Chain = CUR_vCalThreePhaseCurRMS &rArr; FIR_vCalcFilter
</UL>
<BR>[Calls]<UL><LI><a href="#[b3]">&gt;&gt;</a>&nbsp;&nbsp;&nbsp;Hw_Sqrt
<LI><a href="#[b0]">&gt;&gt;</a>&nbsp;&nbsp;&nbsp;Division
<LI><a href="#[b4]">&gt;&gt;</a>&nbsp;&nbsp;&nbsp;FIR_vCalcFilter
<LI><a href="#[b2]">&gt;&gt;</a>&nbsp;&nbsp;&nbsp;CUR_vGetThreePhaseRawValue
</UL>
<BR>[Called By]<UL><LI><a href="#[17c]">&gt;&gt;</a>&nbsp;&nbsp;&nbsp;WDN_bEstimateStartupScenario
</UL>

<P><STRONG><a name="[172]"></a>CUR_vCurRMSFilterInit</STRONG> (Thumb, 2 bytes, Stack size 0 bytes, current.o(.text.CUR_vCurRMSFilterInit))
<BR><BR>[Called By]<UL><LI><a href="#[46]">&gt;&gt;</a>&nbsp;&nbsp;&nbsp;M1_RunReadyFast
</UL>

<P><STRONG><a name="[b8]"></a>CUR_vGetPhaseCurrentBufferSamples</STRONG> (Thumb, 104 bytes, Stack size 16 bytes, current.o(.text.CUR_vGetPhaseCurrentBufferSamples))
<BR><BR>[Stack]<UL><LI>Max Depth = 28<LI>Call Chain = CUR_vGetPhaseCurrentBufferSamples &rArr; __aeabi_uidiv
</UL>
<BR>[Calls]<UL><LI><a href="#[8c]">&gt;&gt;</a>&nbsp;&nbsp;&nbsp;__aeabi_uidiv
</UL>
<BR>[Called By]<UL><LI><a href="#[122]">&gt;&gt;</a>&nbsp;&nbsp;&nbsp;RMP_vOpenPhaseCheckComplex
</UL>

<P><STRONG><a name="[124]"></a>CUR_vGetThreePhaseCur</STRONG> (Thumb, 44 bytes, Stack size 8 bytes, current.o(.text.CUR_vGetThreePhaseCur))
<BR><BR>[Stack]<UL><LI>Max Depth = 8<LI>Call Chain = CUR_vGetThreePhaseCur
</UL>
<BR>[Called By]<UL><LI><a href="#[1c8]">&gt;&gt;</a>&nbsp;&nbsp;&nbsp;SMR_vIndependentMotorModelCalculation
<LI><a href="#[128]">&gt;&gt;</a>&nbsp;&nbsp;&nbsp;FRK_vcalcCurrentVector
<LI><a href="#[123]">&gt;&gt;</a>&nbsp;&nbsp;&nbsp;FPL_vPhaselossprepareSamples
</UL>

<P><STRONG><a name="[b2]"></a>CUR_vGetThreePhaseRawValue</STRONG> (Thumb, 60 bytes, Stack size 8 bytes, current.o(.text.CUR_vGetThreePhaseRawValue))
<BR><BR>[Stack]<UL><LI>Max Depth = 8<LI>Call Chain = CUR_vGetThreePhaseRawValue
</UL>
<BR>[Called By]<UL><LI><a href="#[b1]">&gt;&gt;</a>&nbsp;&nbsp;&nbsp;CUR_vCalThreePhaseCurRMS
</UL>

<P><STRONG><a name="[82]"></a>CUR_vSetOffsetMeasState</STRONG> (Thumb, 24 bytes, Stack size 8 bytes, current.o(.text.CUR_vSetOffsetMeasState))
<BR><BR>[Stack]<UL><LI>Max Depth = 8<LI>Call Chain = CUR_vSetOffsetMeasState
</UL>
<BR>[Called By]<UL><LI><a href="#[2a]">&gt;&gt;</a>&nbsp;&nbsp;&nbsp;ADC2_IRQHandler
</UL>

<P><STRONG><a name="[1f]"></a>DMA1_Channel1_IRQHandler</STRONG> (Thumb, 2 bytes, Stack size 0 bytes, mm32_it.o(.text.DMA1_Channel1_IRQHandler))
<BR>[Address Reference Count : 1]<UL><LI> startup_mm32spin0280_keil.o(RESET)
</UL>
<P><STRONG><a name="[20]"></a>DMA1_Channel2_3_IRQHandler</STRONG> (Thumb, 2 bytes, Stack size 0 bytes, mm32_it.o(.text.DMA1_Channel2_3_IRQHandler))
<BR>[Address Reference Count : 1]<UL><LI> startup_mm32spin0280_keil.o(RESET)
</UL>
<P><STRONG><a name="[21]"></a>DMA1_Channel4_5_IRQHandler</STRONG> (Thumb, 2 bytes, Stack size 0 bytes, mm32_it.o(.text.DMA1_Channel4_5_IRQHandler))
<BR>[Address Reference Count : 1]<UL><LI> startup_mm32spin0280_keil.o(RESET)
</UL>
<P><STRONG><a name="[b9]"></a>DcBus_Ripple_suppress</STRONG> (Thumb, 224 bytes, Stack size 64 bytes, foc_pmsm.o(.text.DcBus_Ripple_suppress))
<BR><BR>[Stack]<UL><LI>Max Depth = 84<LI>Call Chain = DcBus_Ripple_suppress &rArr; Division
</UL>
<BR>[Calls]<UL><LI><a href="#[b0]">&gt;&gt;</a>&nbsp;&nbsp;&nbsp;Division
</UL>
<BR>[Called By]<UL><LI><a href="#[117]">&gt;&gt;</a>&nbsp;&nbsp;&nbsp;FOC_Current_Controller
</UL>

<P><STRONG><a name="[b0]"></a>Division</STRONG> (Thumb, 80 bytes, Stack size 20 bytes, drv_div.o(.text.Division))
<BR><BR>[Stack]<UL><LI>Max Depth = 20<LI>Call Chain = Division
</UL>
<BR>[Called By]<UL><LI><a href="#[104]">&gt;&gt;</a>&nbsp;&nbsp;&nbsp;FCN_vGetPhaseVoltage
<LI><a href="#[b1]">&gt;&gt;</a>&nbsp;&nbsp;&nbsp;CUR_vCalThreePhaseCurRMS
<LI><a href="#[b9]">&gt;&gt;</a>&nbsp;&nbsp;&nbsp;DcBus_Ripple_suppress
<LI><a href="#[129]">&gt;&gt;</a>&nbsp;&nbsp;&nbsp;FRK_vcalcVoltageVector
<LI><a href="#[128]">&gt;&gt;</a>&nbsp;&nbsp;&nbsp;FRK_vcalcCurrentVector
<LI><a href="#[127]">&gt;&gt;</a>&nbsp;&nbsp;&nbsp;FRK_vcalcBemf
<LI><a href="#[123]">&gt;&gt;</a>&nbsp;&nbsp;&nbsp;FPL_vPhaselossprepareSamples
<LI><a href="#[af]">&gt;&gt;</a>&nbsp;&nbsp;&nbsp;CUR_updatePhaseCurrentBuffer
<LI><a href="#[130]">&gt;&gt;</a>&nbsp;&nbsp;&nbsp;FTE_vCalculateTemperature
<LI><a href="#[12f]">&gt;&gt;</a>&nbsp;&nbsp;&nbsp;FTE_vCalculateNTCTemperature
</UL>

<P><STRONG><a name="[98]"></a>Drv_Adc_Basic_Init</STRONG> (Thumb, 148 bytes, Stack size 64 bytes, drv_adc.o(.text.Drv_Adc_Basic_Init))
<BR><BR>[Stack]<UL><LI>Max Depth = 88<LI>Call Chain = Drv_Adc_Basic_Init &rArr; ADC_Init
</UL>
<BR>[Calls]<UL><LI><a href="#[9b]">&gt;&gt;</a>&nbsp;&nbsp;&nbsp;ADC_Cmd
<LI><a href="#[bb]">&gt;&gt;</a>&nbsp;&nbsp;&nbsp;RCC_APB2PeriphClockCmd
<LI><a href="#[ba]">&gt;&gt;</a>&nbsp;&nbsp;&nbsp;ADC_StructInit
<LI><a href="#[bd]">&gt;&gt;</a>&nbsp;&nbsp;&nbsp;ADC_Init
<LI><a href="#[be]">&gt;&gt;</a>&nbsp;&nbsp;&nbsp;ADC_ExternalTrigConvCmd
<LI><a href="#[bc]">&gt;&gt;</a>&nbsp;&nbsp;&nbsp;ADC_Calibration
</UL>
<BR>[Called By]<UL><LI><a href="#[97]">&gt;&gt;</a>&nbsp;&nbsp;&nbsp;Board_ADC_Init
</UL>

<P><STRONG><a name="[99]"></a>Drv_Adc_Channel_Init</STRONG> (Thumb, 138 bytes, Stack size 48 bytes, drv_adc.o(.text.Drv_Adc_Channel_Init))
<BR><BR>[Stack]<UL><LI>Max Depth = 112<LI>Call Chain = Drv_Adc_Channel_Init &rArr; ADC_RegularChannelConfig &rArr; ADC_TempSensorVrefintCmd
</UL>
<BR>[Calls]<UL><LI><a href="#[85]">&gt;&gt;</a>&nbsp;&nbsp;&nbsp;ADC_RegularChannelConfig
<LI><a href="#[bf]">&gt;&gt;</a>&nbsp;&nbsp;&nbsp;ADC_ANY_NUM_Config
<LI><a href="#[c1]">&gt;&gt;</a>&nbsp;&nbsp;&nbsp;ADC_ANY_Cmd
<LI><a href="#[c0]">&gt;&gt;</a>&nbsp;&nbsp;&nbsp;ADC_ANY_CH_Config
</UL>
<BR>[Called By]<UL><LI><a href="#[97]">&gt;&gt;</a>&nbsp;&nbsp;&nbsp;Board_ADC_Init
</UL>

<P><STRONG><a name="[9a]"></a>Drv_Adc_Inject_Channel_Init</STRONG> (Thumb, 88 bytes, Stack size 24 bytes, drv_adc.o(.text.Drv_Adc_Inject_Channel_Init))
<BR><BR>[Stack]<UL><LI>Max Depth = 88<LI>Call Chain = Drv_Adc_Inject_Channel_Init &rArr; ADC_RegularChannelConfig &rArr; ADC_TempSensorVrefintCmd
</UL>
<BR>[Calls]<UL><LI><a href="#[85]">&gt;&gt;</a>&nbsp;&nbsp;&nbsp;ADC_RegularChannelConfig
<LI><a href="#[c3]">&gt;&gt;</a>&nbsp;&nbsp;&nbsp;ADC_InjectedSequencerLengthConfig
<LI><a href="#[c4]">&gt;&gt;</a>&nbsp;&nbsp;&nbsp;ADC_InjectedSequencerChannelConfig
<LI><a href="#[c5]">&gt;&gt;</a>&nbsp;&nbsp;&nbsp;ADC_InjectedConvCmd
<LI><a href="#[c2]">&gt;&gt;</a>&nbsp;&nbsp;&nbsp;ADC_AutoInjectedConvCmd
</UL>
<BR>[Called By]<UL><LI><a href="#[97]">&gt;&gt;</a>&nbsp;&nbsp;&nbsp;Board_ADC_Init
</UL>

<P><STRONG><a name="[9d]"></a>Drv_Comp_Init</STRONG> (Thumb, 128 bytes, Stack size 72 bytes, drv_comp.o(.text.Drv_Comp_Init))
<BR><BR>[Stack]<UL><LI>Max Depth = 108<LI>Call Chain = Drv_Comp_Init &rArr; COMP_SetCrv
</UL>
<BR>[Calls]<UL><LI><a href="#[bb]">&gt;&gt;</a>&nbsp;&nbsp;&nbsp;RCC_APB2PeriphClockCmd
<LI><a href="#[c8]">&gt;&gt;</a>&nbsp;&nbsp;&nbsp;COMP_SetCrv
<LI><a href="#[c7]">&gt;&gt;</a>&nbsp;&nbsp;&nbsp;COMP_Init
<LI><a href="#[c6]">&gt;&gt;</a>&nbsp;&nbsp;&nbsp;COMP_DeInit
<LI><a href="#[c9]">&gt;&gt;</a>&nbsp;&nbsp;&nbsp;COMP_Cmd
</UL>
<BR>[Called By]<UL><LI><a href="#[9c]">&gt;&gt;</a>&nbsp;&nbsp;&nbsp;Board_Comp_Init
</UL>

<P><STRONG><a name="[ca]"></a>Drv_Hwdiv_Init</STRONG> (Thumb, 26 bytes, Stack size 16 bytes, drv_div.o(.text.Drv_Hwdiv_Init))
<BR><BR>[Stack]<UL><LI>Max Depth = 32<LI>Call Chain = Drv_Hwdiv_Init &rArr; RCC_AHBPeriphClockCmd
</UL>
<BR>[Calls]<UL><LI><a href="#[92]">&gt;&gt;</a>&nbsp;&nbsp;&nbsp;RCC_AHBPeriphClockCmd
<LI><a href="#[cb]">&gt;&gt;</a>&nbsp;&nbsp;&nbsp;HDIV_SignInit
</UL>
<BR>[Called By]<UL><LI><a href="#[1b1]">&gt;&gt;</a>&nbsp;&nbsp;&nbsp;Peripheral_Init
</UL>

<P><STRONG><a name="[cc]"></a>Drv_Iwdg_Init</STRONG> (Thumb, 76 bytes, Stack size 16 bytes, drv_iwdg.o(.text.Drv_Iwdg_Init))
<BR><BR>[Stack]<UL><LI>Max Depth = 56<LI>Call Chain = Drv_Iwdg_Init &rArr; IWDG_SetReload &rArr; RVU_CheckStatus &rArr; IWDG_GetFlagStatus
</UL>
<BR>[Calls]<UL><LI><a href="#[d4]">&gt;&gt;</a>&nbsp;&nbsp;&nbsp;IWDG_ReloadCounter
<LI><a href="#[d2]">&gt;&gt;</a>&nbsp;&nbsp;&nbsp;RVU_CheckStatus
<LI><a href="#[cd]">&gt;&gt;</a>&nbsp;&nbsp;&nbsp;RCC_LSICmd
<LI><a href="#[ce]">&gt;&gt;</a>&nbsp;&nbsp;&nbsp;RCC_GetFlagStatus
<LI><a href="#[cf]">&gt;&gt;</a>&nbsp;&nbsp;&nbsp;PVU_CheckStatus
<LI><a href="#[d0]">&gt;&gt;</a>&nbsp;&nbsp;&nbsp;IWDG_WriteAccessCmd
<LI><a href="#[d3]">&gt;&gt;</a>&nbsp;&nbsp;&nbsp;IWDG_SetReload
<LI><a href="#[d1]">&gt;&gt;</a>&nbsp;&nbsp;&nbsp;IWDG_SetPrescaler
<LI><a href="#[d5]">&gt;&gt;</a>&nbsp;&nbsp;&nbsp;IWDG_Enable
</UL>
<BR>[Called By]<UL><LI><a href="#[1b1]">&gt;&gt;</a>&nbsp;&nbsp;&nbsp;Peripheral_Init
</UL>

<P><STRONG><a name="[d6]"></a>Drv_Opamp_Init</STRONG> (Thumb, 40 bytes, Stack size 16 bytes, drv_opamp.o(.text.Drv_Opamp_Init))
<BR><BR>[Stack]<UL><LI>Max Depth = 32<LI>Call Chain = Drv_Opamp_Init &rArr; RCC_APB2PeriphClockCmd
</UL>
<BR>[Calls]<UL><LI><a href="#[bb]">&gt;&gt;</a>&nbsp;&nbsp;&nbsp;RCC_APB2PeriphClockCmd
<LI><a href="#[d7]">&gt;&gt;</a>&nbsp;&nbsp;&nbsp;OPAMP_Configure
</UL>
<BR>[Called By]<UL><LI><a href="#[1b1]">&gt;&gt;</a>&nbsp;&nbsp;&nbsp;Peripheral_Init
</UL>

<P><STRONG><a name="[d8]"></a>Drv_Pwm_Init</STRONG> (Thumb, 296 bytes, Stack size 112 bytes, drv_pwm.o(.text.Drv_Pwm_Init))
<BR><BR>[Stack]<UL><LI>Max Depth = 136<LI>Call Chain = Drv_Pwm_Init &rArr; TIM_OC4Init
</UL>
<BR>[Calls]<UL><LI><a href="#[bb]">&gt;&gt;</a>&nbsp;&nbsp;&nbsp;RCC_APB2PeriphClockCmd
<LI><a href="#[d9]">&gt;&gt;</a>&nbsp;&nbsp;&nbsp;TIM_TimeBaseInit
<LI><a href="#[de]">&gt;&gt;</a>&nbsp;&nbsp;&nbsp;TIM_OC4Init
<LI><a href="#[e1]">&gt;&gt;</a>&nbsp;&nbsp;&nbsp;TIM_OC3PreloadConfig
<LI><a href="#[dd]">&gt;&gt;</a>&nbsp;&nbsp;&nbsp;TIM_OC3Init
<LI><a href="#[e0]">&gt;&gt;</a>&nbsp;&nbsp;&nbsp;TIM_OC2PreloadConfig
<LI><a href="#[dc]">&gt;&gt;</a>&nbsp;&nbsp;&nbsp;TIM_OC2Init
<LI><a href="#[df]">&gt;&gt;</a>&nbsp;&nbsp;&nbsp;TIM_OC1PreloadConfig
<LI><a href="#[db]">&gt;&gt;</a>&nbsp;&nbsp;&nbsp;TIM_OC1Init
<LI><a href="#[e4]">&gt;&gt;</a>&nbsp;&nbsp;&nbsp;TIM_CtrlPWMOutputs
<LI><a href="#[e3]">&gt;&gt;</a>&nbsp;&nbsp;&nbsp;TIM_Cmd
<LI><a href="#[da]">&gt;&gt;</a>&nbsp;&nbsp;&nbsp;TIM_BDTRConfig
<LI><a href="#[e2]">&gt;&gt;</a>&nbsp;&nbsp;&nbsp;TIM_ARRPreloadConfig
</UL>
<BR>[Called By]<UL><LI><a href="#[1b1]">&gt;&gt;</a>&nbsp;&nbsp;&nbsp;Peripheral_Init
</UL>

<P><STRONG><a name="[e5]"></a>Drv_Sqrt_Init</STRONG> (Thumb, 22 bytes, Stack size 16 bytes, drv_sqrt.o(.text.Drv_Sqrt_Init))
<BR><BR>[Stack]<UL><LI>Max Depth = 32<LI>Call Chain = Drv_Sqrt_Init &rArr; RCC_AHBPeriphClockCmd
</UL>
<BR>[Calls]<UL><LI><a href="#[92]">&gt;&gt;</a>&nbsp;&nbsp;&nbsp;RCC_AHBPeriphClockCmd
</UL>
<BR>[Called By]<UL><LI><a href="#[1b1]">&gt;&gt;</a>&nbsp;&nbsp;&nbsp;Peripheral_Init
</UL>

<P><STRONG><a name="[e6]"></a>Drv_Tim16_Counter_Init</STRONG> (Thumb, 112 bytes, Stack size 72 bytes, drv_counter.o(.text.Drv_Tim16_Counter_Init))
<BR><BR>[Stack]<UL><LI>Max Depth = 104<LI>Call Chain = Drv_Tim16_Counter_Init &rArr; TIM_DeInit &rArr; exRCC_APB1PeriphReset
</UL>
<BR>[Calls]<UL><LI><a href="#[bb]">&gt;&gt;</a>&nbsp;&nbsp;&nbsp;RCC_APB2PeriphClockCmd
<LI><a href="#[d9]">&gt;&gt;</a>&nbsp;&nbsp;&nbsp;TIM_TimeBaseInit
<LI><a href="#[e3]">&gt;&gt;</a>&nbsp;&nbsp;&nbsp;TIM_Cmd
<LI><a href="#[e2]">&gt;&gt;</a>&nbsp;&nbsp;&nbsp;TIM_ARRPreloadConfig
<LI><a href="#[e7]">&gt;&gt;</a>&nbsp;&nbsp;&nbsp;TIM_TimeBaseStructInit
<LI><a href="#[e8]">&gt;&gt;</a>&nbsp;&nbsp;&nbsp;TIM_OCStructInit
<LI><a href="#[e9]">&gt;&gt;</a>&nbsp;&nbsp;&nbsp;TIM_DeInit
</UL>
<BR>[Called By]<UL><LI><a href="#[103]">&gt;&gt;</a>&nbsp;&nbsp;&nbsp;FMC_vSetSystickTimerRegisters
</UL>

<P><STRONG><a name="[ea]"></a>Drv_u32GetTim16CountVal</STRONG> (Thumb, 16 bytes, Stack size 8 bytes, drv_counter.o(.text.Drv_u32GetTim16CountVal))
<BR><BR>[Stack]<UL><LI>Max Depth = 16<LI>Call Chain = Drv_u32GetTim16CountVal &rArr; TIM_GetCounter
</UL>
<BR>[Calls]<UL><LI><a href="#[eb]">&gt;&gt;</a>&nbsp;&nbsp;&nbsp;TIM_GetCounter
</UL>
<BR>[Called By]<UL><LI><a href="#[80]">&gt;&gt;</a>&nbsp;&nbsp;&nbsp;FMC_u32GetSystickTimerCounter
</UL>

<P><STRONG><a name="[ec]"></a>Drv_vSetOutputFreq</STRONG> (Thumb, 64 bytes, Stack size 16 bytes, drv_output.o(.text.Drv_vSetOutputFreq))
<BR><BR>[Stack]<UL><LI>Max Depth = 32<LI>Call Chain = Drv_vSetOutputFreq &rArr; TIM_SetAutoreload
</UL>
<BR>[Calls]<UL><LI><a href="#[ed]">&gt;&gt;</a>&nbsp;&nbsp;&nbsp;TIM_SetAutoreload
<LI><a href="#[8c]">&gt;&gt;</a>&nbsp;&nbsp;&nbsp;__aeabi_uidiv
</UL>
<BR>[Called By]<UL><LI><a href="#[1bc]">&gt;&gt;</a>&nbsp;&nbsp;&nbsp;SCL_vCalculateActualSpeedFromPU
</UL>

<P><STRONG><a name="[ee]"></a>EEPROM_Read</STRONG> (Thumb, 120 bytes, Stack size 40 bytes, drv_eep.o(.text.EEPROM_Read))
<BR><BR>[Stack]<UL><LI>Max Depth = 116<LI>Call Chain = EEPROM_Read &rArr; FLASH_SIM_WriteLocate &rArr; FLASH_SIM_FindEmpty
</UL>
<BR>[Calls]<UL><LI><a href="#[ef]">&gt;&gt;</a>&nbsp;&nbsp;&nbsp;FLASH_SIM_WriteLocate
<LI><a href="#[f0]">&gt;&gt;</a>&nbsp;&nbsp;&nbsp;__aeabi_memcpy
</UL>
<BR>[Called By]<UL><LI><a href="#[f5]">&gt;&gt;</a>&nbsp;&nbsp;&nbsp;SMP_vReadWordN
</UL>

<P><STRONG><a name="[f1]"></a>EEPROM_Write</STRONG> (Thumb, 48 bytes, Stack size 40 bytes, drv_eep.o(.text.EEPROM_Write))
<BR><BR>[Stack]<UL><LI>Max Depth = 216<LI>Call Chain = EEPROM_Write &rArr; FLASH_SIM_WriteEE &rArr; FLASH_SIM_ProgramEE &rArr; FLASH_ProgramHalfWord &rArr; FLASH_WaitForLastOperation &rArr; FLASH_GetStatus
</UL>
<BR>[Calls]<UL><LI><a href="#[f2]">&gt;&gt;</a>&nbsp;&nbsp;&nbsp;FLASH_SIM_WriteEE
</UL>
<BR>[Called By]<UL><LI><a href="#[f4]">&gt;&gt;</a>&nbsp;&nbsp;&nbsp;SMP_vWriteWordN
</UL>

<P><STRONG><a name="[162]"></a>ERT_tGetErrorCode</STRONG> (Thumb, 8 bytes, Stack size 0 bytes, errorreact.o(.text.ERT_tGetErrorCode))
<BR><BR>[Called By]<UL><LI><a href="#[56]">&gt;&gt;</a>&nbsp;&nbsp;&nbsp;M1_Init_Fast
</UL>

<P><STRONG><a name="[f3]"></a>ERT_vErrorCodeAccess</STRONG> (Thumb, 140 bytes, Stack size 16 bytes, errorreact.o(.text.ERT_vErrorCodeAccess))
<BR><BR>[Stack]<UL><LI>Max Depth = 264<LI>Call Chain = ERT_vErrorCodeAccess &rArr; SMP_vWriteWordN &rArr; EEPROM_Write &rArr; FLASH_SIM_WriteEE &rArr; FLASH_SIM_ProgramEE &rArr; FLASH_ProgramHalfWord &rArr; FLASH_WaitForLastOperation &rArr; FLASH_GetStatus
</UL>
<BR>[Calls]<UL><LI><a href="#[f4]">&gt;&gt;</a>&nbsp;&nbsp;&nbsp;SMP_vWriteWordN
<LI><a href="#[f5]">&gt;&gt;</a>&nbsp;&nbsp;&nbsp;SMP_vReadWordN
</UL>
<BR>[Called By]<UL><LI><a href="#[7f]">&gt;&gt;</a>&nbsp;&nbsp;&nbsp;$Super$$main
</UL>

<P><STRONG><a name="[161]"></a>ERT_vErrorLEDDisplay</STRONG> (Thumb, 256 bytes, Stack size 8 bytes, errorreact.o(.text.ERT_vErrorLEDDisplay))
<BR><BR>[Stack]<UL><LI>Max Depth = 8<LI>Call Chain = ERT_vErrorLEDDisplay
</UL>
<BR>[Called By]<UL><LI><a href="#[59]">&gt;&gt;</a>&nbsp;&nbsp;&nbsp;M1_Fault_Slow
</UL>

<P><STRONG><a name="[f6]"></a>ERT_vErrorReaction</STRONG> (Thumb, 24 bytes, Stack size 8 bytes, errorreact.o(.text.ERT_vErrorReaction))
<BR><BR>[Stack]<UL><LI>Max Depth = 40<LI>Call Chain = ERT_vErrorReaction &rArr; M1_SwitchForceFault &rArr; variable_reset
</UL>
<BR>[Calls]<UL><LI><a href="#[f7]">&gt;&gt;</a>&nbsp;&nbsp;&nbsp;M1_SwitchForceFault
</UL>
<BR>[Called By]<UL><LI><a href="#[fb]">&gt;&gt;</a>&nbsp;&nbsp;&nbsp;ERT_vErrorReport
</UL>

<P><STRONG><a name="[f8]"></a>ERT_vErrorReactionRecovery</STRONG> (Thumb, 224 bytes, Stack size 16 bytes, errorreact.o(.text.ERT_vErrorReactionRecovery))
<BR><BR>[Stack]<UL><LI>Max Depth = 48<LI>Call Chain = ERT_vErrorReactionRecovery &rArr; M1_SwitchForceToStop &rArr; variable_reset
</UL>
<BR>[Calls]<UL><LI><a href="#[fa]">&gt;&gt;</a>&nbsp;&nbsp;&nbsp;M1_SwitchForceToStop
<LI><a href="#[f9]">&gt;&gt;</a>&nbsp;&nbsp;&nbsp;ERT_vResetErrorCode
</UL>
<BR>[Called By]<UL><LI><a href="#[59]">&gt;&gt;</a>&nbsp;&nbsp;&nbsp;M1_Fault_Slow
</UL>

<P><STRONG><a name="[fb]"></a>ERT_vErrorReport</STRONG> (Thumb, 212 bytes, Stack size 16 bytes, errorreact.o(.text.ERT_vErrorReport))
<BR><BR>[Stack]<UL><LI>Max Depth = 56<LI>Call Chain = ERT_vErrorReport &rArr; ERT_vErrorReaction &rArr; M1_SwitchForceFault &rArr; variable_reset
</UL>
<BR>[Calls]<UL><LI><a href="#[fc]">&gt;&gt;</a>&nbsp;&nbsp;&nbsp;ERT_vSetErrorCode
<LI><a href="#[f6]">&gt;&gt;</a>&nbsp;&nbsp;&nbsp;ERT_vErrorReaction
</UL>
<BR>[Called By]<UL><LI><a href="#[81]">&gt;&gt;</a>&nbsp;&nbsp;&nbsp;STK_vTriggerSafeTime
<LI><a href="#[52]">&gt;&gt;</a>&nbsp;&nbsp;&nbsp;M1_RunStartupSlow
<LI><a href="#[15f]">&gt;&gt;</a>&nbsp;&nbsp;&nbsp;M1_FaultDetection
<LI><a href="#[1c7]">&gt;&gt;</a>&nbsp;&nbsp;&nbsp;SMR_vCheckSpeedMonitorImplement
<LI><a href="#[126]">&gt;&gt;</a>&nbsp;&nbsp;&nbsp;FRK_vCheckMotorLockComplex
<LI><a href="#[122]">&gt;&gt;</a>&nbsp;&nbsp;&nbsp;RMP_vOpenPhaseCheckComplex
<LI><a href="#[1ff]">&gt;&gt;</a>&nbsp;&nbsp;&nbsp;VOL_vCheckInternalReferenceVoltageCondition
<LI><a href="#[200]">&gt;&gt;</a>&nbsp;&nbsp;&nbsp;VOL_vCheck15VVoltageCondition
<LI><a href="#[131]">&gt;&gt;</a>&nbsp;&nbsp;&nbsp;FTE_vEvaluationTemperature
</UL>

<P><STRONG><a name="[f9]"></a>ERT_vResetErrorCode</STRONG> (Thumb, 32 bytes, Stack size 8 bytes, errorreact.o(.text.ERT_vResetErrorCode))
<BR><BR>[Stack]<UL><LI>Max Depth = 8<LI>Call Chain = ERT_vResetErrorCode
</UL>
<BR>[Called By]<UL><LI><a href="#[f8]">&gt;&gt;</a>&nbsp;&nbsp;&nbsp;ERT_vErrorReactionRecovery
<LI><a href="#[15f]">&gt;&gt;</a>&nbsp;&nbsp;&nbsp;M1_FaultDetection
<LI><a href="#[1ff]">&gt;&gt;</a>&nbsp;&nbsp;&nbsp;VOL_vCheckInternalReferenceVoltageCondition
<LI><a href="#[200]">&gt;&gt;</a>&nbsp;&nbsp;&nbsp;VOL_vCheck15VVoltageCondition
<LI><a href="#[131]">&gt;&gt;</a>&nbsp;&nbsp;&nbsp;FTE_vEvaluationTemperature
</UL>

<P><STRONG><a name="[16e]"></a>ERT_vResetErrorCount</STRONG> (Thumb, 12 bytes, Stack size 0 bytes, errorreact.o(.text.ERT_vResetErrorCount))
<BR><BR>[Called By]<UL><LI><a href="#[4c]">&gt;&gt;</a>&nbsp;&nbsp;&nbsp;M1_RunFreewheelFast
</UL>

<P><STRONG><a name="[fc]"></a>ERT_vSetErrorCode</STRONG> (Thumb, 28 bytes, Stack size 8 bytes, errorreact.o(.text.ERT_vSetErrorCode))
<BR><BR>[Stack]<UL><LI>Max Depth = 8<LI>Call Chain = ERT_vSetErrorCode
</UL>
<BR>[Called By]<UL><LI><a href="#[fb]">&gt;&gt;</a>&nbsp;&nbsp;&nbsp;ERT_vErrorReport
</UL>

<P><STRONG><a name="[1b]"></a>EXTI0_1_IRQHandler</STRONG> (Thumb, 2 bytes, Stack size 0 bytes, mm32_it.o(.text.EXTI0_1_IRQHandler))
<BR>[Address Reference Count : 1]<UL><LI> startup_mm32spin0280_keil.o(RESET)
</UL>
<P><STRONG><a name="[1c]"></a>EXTI2_3_IRQHandler</STRONG> (Thumb, 2 bytes, Stack size 0 bytes, mm32_it.o(.text.EXTI2_3_IRQHandler))
<BR>[Address Reference Count : 1]<UL><LI> startup_mm32spin0280_keil.o(RESET)
</UL>
<P><STRONG><a name="[1d]"></a>EXTI4_15_IRQHandler</STRONG> (Thumb, 40 bytes, Stack size 8 bytes, mm32_it.o(.text.EXTI4_15_IRQHandler))
<BR><BR>[Stack]<UL><LI>Max Depth = 24<LI>Call Chain = EXTI4_15_IRQHandler &rArr; EXTI_GetFlagStatus
</UL>
<BR>[Calls]<UL><LI><a href="#[fd]">&gt;&gt;</a>&nbsp;&nbsp;&nbsp;EXTI_GetFlagStatus
<LI><a href="#[fe]">&gt;&gt;</a>&nbsp;&nbsp;&nbsp;EXTI_ClearFlag
</UL>
<BR>[Address Reference Count : 1]<UL><LI> startup_mm32spin0280_keil.o(RESET)
</UL>
<P><STRONG><a name="[fe]"></a>EXTI_ClearFlag</STRONG> (Thumb, 24 bytes, Stack size 8 bytes, hal_exti.o(.text.EXTI_ClearFlag))
[...]
<BR><BR>[Called By]<UL><LI><a href="#[52]">&gt;&gt;</a>&nbsp;&nbsp;&nbsp;M1_RunStartupSlow
</UL>

<P><STRONG><a name="[17a]"></a>M1_SwitchRunStartupSpin</STRONG> (Thumb, 124 bytes, Stack size 0 bytes, statemachine.o(.text.M1_SwitchRunStartupSpin))
<BR><BR>[Called By]<UL><LI><a href="#[52]">&gt;&gt;</a>&nbsp;&nbsp;&nbsp;M1_RunStartupSlow
</UL>

<P><STRONG><a name="[17f]"></a>M1_SwitchStopRun</STRONG> (Thumb, 24 bytes, Stack size 0 bytes, statemachine.o(.text.M1_SwitchStopRun))
<BR><BR>[Called By]<UL><LI><a href="#[5b]">&gt;&gt;</a>&nbsp;&nbsp;&nbsp;M1_Stop_Slow
</UL>

<P><STRONG><a name="[165]"></a>MCFLIB_Clark_Sat_S16</STRONG> (Thumb, 124 bytes, Stack size 36 bytes, statemachine.o(.text.MCFLIB_Clark_Sat_S16))
<BR><BR>[Stack]<UL><LI>Max Depth = 36<LI>Call Chain = MCFLIB_Clark_Sat_S16
</UL>
<BR>[Called By]<UL><LI><a href="#[4a]">&gt;&gt;</a>&nbsp;&nbsp;&nbsp;M1_RunStartupFast
<LI><a href="#[4b]">&gt;&gt;</a>&nbsp;&nbsp;&nbsp;M1_RunSpinFast
<LI><a href="#[4c]">&gt;&gt;</a>&nbsp;&nbsp;&nbsp;M1_RunFreewheelFast
<LI><a href="#[49]">&gt;&gt;</a>&nbsp;&nbsp;&nbsp;M1_RunAlignFast
</UL>

<P><STRONG><a name="[176]"></a>MLIB_Conv_Q15l</STRONG> (Thumb, 16 bytes, Stack size 8 bytes, statemachine.o(.text.MLIB_Conv_Q15l))
<BR><BR>[Stack]<UL><LI>Max Depth = 8<LI>Call Chain = MLIB_Conv_Q15l
</UL>
<BR>[Called By]<UL><LI><a href="#[52]">&gt;&gt;</a>&nbsp;&nbsp;&nbsp;M1_RunStartupSlow
<LI><a href="#[53]">&gt;&gt;</a>&nbsp;&nbsp;&nbsp;M1_RunSpinSlow
</UL>

<P><STRONG><a name="[175]"></a>MLIB_Conv_Q31s</STRONG> (Thumb, 18 bytes, Stack size 8 bytes, statemachine.o(.text.MLIB_Conv_Q31s))
<BR><BR>[Stack]<UL><LI>Max Depth = 8<LI>Call Chain = MLIB_Conv_Q31s
</UL>
<BR>[Called By]<UL><LI><a href="#[52]">&gt;&gt;</a>&nbsp;&nbsp;&nbsp;M1_RunStartupSlow
<LI><a href="#[53]">&gt;&gt;</a>&nbsp;&nbsp;&nbsp;M1_RunSpinSlow
</UL>

<P><STRONG><a name="[178]"></a>MLIB_Mul_Q15</STRONG> (Thumb, 38 bytes, Stack size 24 bytes, statemachine.o(.text.MLIB_Mul_Q15))
<BR><BR>[Stack]<UL><LI>Max Depth = 24<LI>Call Chain = MLIB_Mul_Q15
</UL>
<BR>[Called By]<UL><LI><a href="#[167]">&gt;&gt;</a>&nbsp;&nbsp;&nbsp;PWM_Update
<LI><a href="#[4a]">&gt;&gt;</a>&nbsp;&nbsp;&nbsp;M1_RunStartupFast
</UL>

<P><STRONG><a name="[11d]"></a>FPL_vEvaluateCurrentAsymmetry</STRONG> (Thumb, 512 bytes, Stack size 64 bytes, fsphaseloss.o(.text.FPL_vEvaluateCurrentAsymmetry))
<BR><BR>[Stack]<UL><LI>Max Depth = 80<LI>Call Chain = FPL_vEvaluateCurrentAsymmetry &rArr; __aeabi_idiv
</UL>
<BR>[Calls]<UL><LI><a href="#[11e]">&gt;&gt;</a>&nbsp;&nbsp;&nbsp;__aeabi_idiv
</UL>
<BR>[Called By]<UL><LI><a href="#[122]">&gt;&gt;</a>&nbsp;&nbsp;&nbsp;RMP_vOpenPhaseCheckComplex
</UL>

<P><STRONG><a name="[11f]"></a>FPL_vEvaluateStaticVector</STRONG> (Thumb, 356 bytes, Stack size 40 bytes, fsphaseloss.o(.text.FPL_vEvaluateStaticVector))
<BR><BR>[Stack]<UL><LI>Max Depth = 40<LI>Call Chain = FPL_vEvaluateStaticVector
</UL>
<BR>[Calls]<UL><LI><a href="#[120]">&gt;&gt;</a>&nbsp;&nbsp;&nbsp;CUR_tGetPhaseCurrentCalPointer
</UL>
<BR>[Called By]<UL><LI><a href="#[122]">&gt;&gt;</a>&nbsp;&nbsp;&nbsp;RMP_vOpenPhaseCheckComplex
</UL>

<P><STRONG><a name="[121]"></a>FPL_vEvaluateVoltageAsymmetry</STRONG> (Thumb, 392 bytes, Stack size 56 bytes, fsphaseloss.o(.text.FPL_vEvaluateVoltageAsymmetry))
<BR><BR>[Stack]<UL><LI>Max Depth = 72<LI>Call Chain = FPL_vEvaluateVoltageAsymmetry &rArr; __aeabi_idiv
</UL>
<BR>[Calls]<UL><LI><a href="#[11e]">&gt;&gt;</a>&nbsp;&nbsp;&nbsp;__aeabi_idiv
</UL>
<BR>[Called By]<UL><LI><a href="#[122]">&gt;&gt;</a>&nbsp;&nbsp;&nbsp;RMP_vOpenPhaseCheckComplex
</UL>

<P><STRONG><a name="[12a]"></a>MLIB_Mul_Q15</STRONG> (Thumb, 38 bytes, Stack size 24 bytes, fsrotorlock.o(.text.MLIB_Mul_Q15))
<BR><BR>[Stack]<UL><LI>Max Depth = 24<LI>Call Chain = MLIB_Mul_Q15
</UL>
<BR>[Called By]<UL><LI><a href="#[127]">&gt;&gt;</a>&nbsp;&nbsp;&nbsp;FRK_vcalcBemf
</UL>

<P><STRONG><a name="[1ca]"></a>MLIB_Mul_Q15</STRONG> (Thumb, 38 bytes, Stack size 24 bytes, speedmonitor.o(.text.MLIB_Mul_Q15))
<BR><BR>[Stack]<UL><LI>Max Depth = 24<LI>Call Chain = MLIB_Mul_Q15
</UL>
<BR>[Called By]<UL><LI><a href="#[1c8]">&gt;&gt;</a>&nbsp;&nbsp;&nbsp;SMR_vIndependentMotorModelCalculation
</UL>

<P><STRONG><a name="[106]"></a>MLIB_Mul_Q15</STRONG> (Thumb, 38 bytes, Stack size 24 bytes, fscommon.o(.text.MLIB_Mul_Q15))
<BR><BR>[Stack]<UL><LI>Max Depth = 24<LI>Call Chain = MLIB_Mul_Q15
</UL>
<BR>[Called By]<UL><LI><a href="#[104]">&gt;&gt;</a>&nbsp;&nbsp;&nbsp;FCN_vGetPhaseVoltage
</UL>

<P><STRONG><a name="[12d]"></a>FSM_bInitMonitors</STRONG> (Thumb, 152 bytes, Stack size 32 bytes, fsmonitor.o(.text.FSM_bInitMonitors))
<BR><BR>[Stack]<UL><LI>Max Depth = 32<LI>Call Chain = FSM_bInitMonitors
</UL>
<BR>[Called By]<UL><LI><a href="#[12b]">&gt;&gt;</a>&nbsp;&nbsp;&nbsp;FSM_ucHandleTask
</UL>

<P><STRONG><a name="[12c]"></a>FSM_vHandleMonitors</STRONG> (Thumb, 100 bytes, Stack size 32 bytes, fsmonitor.o(.text.FSM_vHandleMonitors))
<BR><BR>[Stack]<UL><LI>Max Depth = 32<LI>Call Chain = FSM_vHandleMonitors
</UL>
<BR>[Called By]<UL><LI><a href="#[12b]">&gt;&gt;</a>&nbsp;&nbsp;&nbsp;FSM_ucHandleTask
</UL>

<P><STRONG><a name="[ae]"></a>CUR_vCalcCurrentQuantities</STRONG> (Thumb, 172 bytes, Stack size 40 bytes, current.o(.text.CUR_vCalcCurrentQuantities))
<BR><BR>[Stack]<UL><LI>Max Depth = 76<LI>Call Chain = CUR_vCalcCurrentQuantities &rArr; MCFLIB_Clark_Sat_S16
</UL>
<BR>[Calls]<UL><LI><a href="#[b4]">&gt;&gt;</a>&nbsp;&nbsp;&nbsp;FIR_vCalcFilter
<LI><a href="#[b6]">&gt;&gt;</a>&nbsp;&nbsp;&nbsp;FPM_ulSqrt
<LI><a href="#[b5]">&gt;&gt;</a>&nbsp;&nbsp;&nbsp;MCFLIB_Clark_Sat_S16
</UL>
<BR>[Called By]<UL><LI><a href="#[42]">&gt;&gt;</a>&nbsp;&nbsp;&nbsp;CUR_bCheckMotCurrentMeasValues
</UL>

<P><STRONG><a name="[ad]"></a>CUR_vCheckMotCurrentMeasOffsetVoltage</STRONG> (Thumb, 436 bytes, Stack size 120 bytes, current.o(.text.CUR_vCheckMotCurrentMeasOffsetVoltage))
<BR><BR>[Stack]<UL><LI>Max Depth = 148<LI>Call Chain = CUR_vCheckMotCurrentMeasOffsetVoltage &rArr; FIR_vCalcFilter
</UL>
<BR>[Calls]<UL><LI><a href="#[ac]">&gt;&gt;</a>&nbsp;&nbsp;&nbsp;STK_tGetSafeTime
<LI><a href="#[b4]">&gt;&gt;</a>&nbsp;&nbsp;&nbsp;FIR_vCalcFilter
<LI><a href="#[b7]">&gt;&gt;</a>&nbsp;&nbsp;&nbsp;CUR_vResetCurrentValues
</UL>
<BR>[Called By]<UL><LI><a href="#[42]">&gt;&gt;</a>&nbsp;&nbsp;&nbsp;CUR_bCheckMotCurrentMeasValues
</UL>

<P><STRONG><a name="[b7]"></a>CUR_vResetCurrentValues</STRONG> (Thumb, 32 bytes, Stack size 0 bytes, current.o(.text.CUR_vResetCurrentValues))
<BR><BR>[Called By]<UL><LI><a href="#[ad]">&gt;&gt;</a>&nbsp;&nbsp;&nbsp;CUR_vCheckMotCurrentMeasOffsetVoltage
</UL>

<P><STRONG><a name="[b5]"></a>MCFLIB_Clark_Sat_S16</STRONG> (Thumb, 124 bytes, Stack size 36 bytes, current.o(.text.MCFLIB_Clark_Sat_S16))
<BR><BR>[Stack]<UL><LI>Max Depth = 36<LI>Call Chain = MCFLIB_Clark_Sat_S16
</UL>
<BR>[Called By]<UL><LI><a href="#[ae]">&gt;&gt;</a>&nbsp;&nbsp;&nbsp;CUR_vCalcCurrentQuantities
</UL>

<P><STRONG><a name="[1fa]"></a>VOL_bCheckOverVoltageCondition</STRONG> (Thumb, 208 bytes, Stack size 48 bytes, voltage.o(.text.VOL_bCheckOverVoltageCondition))
<BR><BR>[Stack]<UL><LI>Max Depth = 52<LI>Call Chain = VOL_bCheckOverVoltageCondition &rArr; STK_tGetSafeTime
</UL>
<BR>[Calls]<UL><LI><a href="#[ac]">&gt;&gt;</a>&nbsp;&nbsp;&nbsp;STK_tGetSafeTime
<LI><a href="#[1fb]">&gt;&gt;</a>&nbsp;&nbsp;&nbsp;VOL_tGetDclVolV
</UL>
<BR>[Called By]<UL><LI><a href="#[41]">&gt;&gt;</a>&nbsp;&nbsp;&nbsp;VOL_bVoltageErrorDetection
</UL>

<P><STRONG><a name="[1fc]"></a>VOL_bCheckUnderVoltageCondition</STRONG> (Thumb, 200 bytes, Stack size 48 bytes, voltage.o(.text.VOL_bCheckUnderVoltageCondition))
<BR><BR>[Stack]<UL><LI>Max Depth = 52<LI>Call Chain = VOL_bCheckUnderVoltageCondition &rArr; STK_tGetSafeTime
</UL>
<BR>[Calls]<UL><LI><a href="#[ac]">&gt;&gt;</a>&nbsp;&nbsp;&nbsp;STK_tGetSafeTime
<LI><a href="#[1fb]">&gt;&gt;</a>&nbsp;&nbsp;&nbsp;VOL_tGetDclVolV
</UL>
<BR>[Called By]<UL><LI><a href="#[41]">&gt;&gt;</a>&nbsp;&nbsp;&nbsp;VOL_bVoltageErrorDetection
</UL>

<P><STRONG><a name="[1fd]"></a>VOL_vCalcVolLowPassFilters</STRONG> (Thumb, 96 bytes, Stack size 16 bytes, voltage.o(.text.VOL_vCalcVolLowPassFilters))
<BR><BR>[Stack]<UL><LI>Max Depth = 44<LI>Call Chain = VOL_vCalcVolLowPassFilters &rArr; FIR_vCalcFilter
</UL>
<BR>[Calls]<UL><LI><a href="#[b4]">&gt;&gt;</a>&nbsp;&nbsp;&nbsp;FIR_vCalcFilter
</UL>
<BR>[Called By]<UL><LI><a href="#[40]">&gt;&gt;</a>&nbsp;&nbsp;&nbsp;VOL_bHandleTask
</UL>

<P><STRONG><a name="[200]"></a>VOL_vCheck15VVoltageCondition</STRONG> (Thumb, 148 bytes, Stack size 16 bytes, voltage.o(.text.VOL_vCheck15VVoltageCondition))
<BR><BR>[Stack]<UL><LI>Max Depth = 72<LI>Call Chain = VOL_vCheck15VVoltageCondition &rArr; ERT_vErrorReport &rArr; ERT_vErrorReaction &rArr; M1_SwitchForceFault &rArr; variable_reset
</UL>
<BR>[Calls]<UL><LI><a href="#[f9]">&gt;&gt;</a>&nbsp;&nbsp;&nbsp;ERT_vResetErrorCode
<LI><a href="#[fb]">&gt;&gt;</a>&nbsp;&nbsp;&nbsp;ERT_vErrorReport
<LI><a href="#[202]">&gt;&gt;</a>&nbsp;&nbsp;&nbsp;VOL_tGet15VolmV
</UL>
<BR>[Called By]<UL><LI><a href="#[41]">&gt;&gt;</a>&nbsp;&nbsp;&nbsp;VOL_bVoltageErrorDetection
</UL>

<P><STRONG><a name="[1ff]"></a>VOL_vCheckInternalReferenceVoltageCondition</STRONG> (Thumb, 148 bytes, Stack size 16 bytes, voltage.o(.text.VOL_vCheckInternalReferenceVoltageCondition))
<BR><BR>[Stack]<UL><LI>Max Depth = 72<LI>Call Chain = VOL_vCheckInternalReferenceVoltageCondition &rArr; ERT_vErrorReport &rArr; ERT_vErrorReaction &rArr; M1_SwitchForceFault &rArr; variable_reset
</UL>
<BR>[Calls]<UL><LI><a href="#[f9]">&gt;&gt;</a>&nbsp;&nbsp;&nbsp;ERT_vResetErrorCode
<LI><a href="#[fb]">&gt;&gt;</a>&nbsp;&nbsp;&nbsp;ERT_vErrorReport
<LI><a href="#[203]">&gt;&gt;</a>&nbsp;&nbsp;&nbsp;VOL_tGetInternalVoltRefVolmV
</UL>
<BR>[Called By]<UL><LI><a href="#[41]">&gt;&gt;</a>&nbsp;&nbsp;&nbsp;VOL_bVoltageErrorDetection
</UL>

<P><STRONG><a name="[cb]"></a>HDIV_SignInit</STRONG> (Thumb, 16 bytes, Stack size 0 bytes, drv_div.o(.text.HDIV_SignInit))
<BR><BR>[Called By]<UL><LI><a href="#[ca]">&gt;&gt;</a>&nbsp;&nbsp;&nbsp;Drv_Hwdiv_Init
</UL>

<P><STRONG><a name="[1e9]"></a>TIM_vDutyCycleToCompare</STRONG> (Thumb, 68 bytes, Stack size 20 bytes, drv_pwm.o(.text.TIM_vDutyCycleToCompare))
<BR><BR>[Stack]<UL><LI>Max Depth = 20<LI>Call Chain = TIM_vDutyCycleToCompare
</UL>
<BR>[Called By]<UL><LI><a href="#[170]">&gt;&gt;</a>&nbsp;&nbsp;&nbsp;TIM_bSetOutputConfig
</UL>

<P><STRONG><a name="[1f5]"></a>UART_vNVICConfigure</STRONG> (Thumb, 56 bytes, Stack size 48 bytes, drv_sci.o(.text.UART_vNVICConfigure))
<BR><BR>[Stack]<UL><LI>Max Depth = 72<LI>Call Chain = UART_vNVICConfigure &rArr; exNVIC_Init
</UL>
<BR>[Calls]<UL><LI><a href="#[1f0]">&gt;&gt;</a>&nbsp;&nbsp;&nbsp;exNVIC_Init
</UL>
<BR>[Called By]<UL><LI><a href="#[1b2]">&gt;&gt;</a>&nbsp;&nbsp;&nbsp;UART_vCONSOLE_Init
</UL>

<P><STRONG><a name="[111]"></a>FLASH_SIM_EraseEE</STRONG> (Thumb, 30 bytes, Stack size 24 bytes, drv_eep.o(.text.FLASH_SIM_EraseEE))
<BR><BR>[Stack]<UL><LI>Max Depth = 96<LI>Call Chain = FLASH_SIM_EraseEE &rArr; FLASH_ErasePage &rArr; FLASH_WaitForLastOperation &rArr; FLASH_GetStatus
</UL>
<BR>[Calls]<UL><LI><a href="#[112]">&gt;&gt;</a>&nbsp;&nbsp;&nbsp;FLASH_Unlock
<LI><a href="#[113]">&gt;&gt;</a>&nbsp;&nbsp;&nbsp;FLASH_Lock
<LI><a href="#[10e]">&gt;&gt;</a>&nbsp;&nbsp;&nbsp;FLASH_ErasePage
</UL>
<BR>[Called By]<UL><LI><a href="#[f2]">&gt;&gt;</a>&nbsp;&nbsp;&nbsp;FLASH_SIM_WriteEE
</UL>

<P><STRONG><a name="[115]"></a>FLASH_SIM_FindEmpty</STRONG> (Thumb, 104 bytes, Stack size 28 bytes, drv_eep.o(.text.FLASH_SIM_FindEmpty))
<BR><BR>[Stack]<UL><LI>Max Depth = 28<LI>Call Chain = FLASH_SIM_FindEmpty
</UL>
<BR>[Called By]<UL><LI><a href="#[ef]">&gt;&gt;</a>&nbsp;&nbsp;&nbsp;FLASH_SIM_WriteLocate
</UL>

<P><STRONG><a name="[114]"></a>FLASH_SIM_ProgramEE</STRONG> (Thumb, 96 bytes, Stack size 48 bytes, drv_eep.o(.text.FLASH_SIM_ProgramEE))
<BR><BR>[Stack]<UL><LI>Max Depth = 128<LI>Call Chain = FLASH_SIM_ProgramEE &rArr; FLASH_ProgramHalfWord &rArr; FLASH_WaitForLastOperation &rArr; FLASH_GetStatus
</UL>
<BR>[Calls]<UL><LI><a href="#[112]">&gt;&gt;</a>&nbsp;&nbsp;&nbsp;FLASH_Unlock
<LI><a href="#[110]">&gt;&gt;</a>&nbsp;&nbsp;&nbsp;FLASH_ProgramHalfWord
<LI><a href="#[113]">&gt;&gt;</a>&nbsp;&nbsp;&nbsp;FLASH_Lock
</UL>
<BR>[Called By]<UL><LI><a href="#[f2]">&gt;&gt;</a>&nbsp;&nbsp;&nbsp;FLASH_SIM_WriteEE
</UL>

<P><STRONG><a name="[f2]"></a>FLASH_SIM_WriteEE</STRONG> (Thumb, 192 bytes, Stack size 48 bytes, drv_eep.o(.text.FLASH_SIM_WriteEE))
<BR><BR>[Stack]<UL><LI>Max Depth = 176<LI>Call Chain = FLASH_SIM_WriteEE &rArr; FLASH_SIM_ProgramEE &rArr; FLASH_ProgramHalfWord &rArr; FLASH_WaitForLastOperation &rArr; FLASH_GetStatus
</UL>
<BR>[Calls]<UL><LI><a href="#[ef]">&gt;&gt;</a>&nbsp;&nbsp;&nbsp;FLASH_SIM_WriteLocate
<LI><a href="#[114]">&gt;&gt;</a>&nbsp;&nbsp;&nbsp;FLASH_SIM_ProgramEE
<LI><a href="#[111]">&gt;&gt;</a>&nbsp;&nbsp;&nbsp;FLASH_SIM_EraseEE
</UL>
<BR>[Called By]<UL><LI><a href="#[f1]">&gt;&gt;</a>&nbsp;&nbsp;&nbsp;EEPROM_Write
</UL>

<P><STRONG><a name="[1f7]"></a>UART_vNVICConfigureUART3</STRONG> (Thumb, 56 bytes, Stack size 48 bytes, drv_sci_2.o(.text.UART_vNVICConfigureUART3))
<BR><BR>[Stack]<UL><LI>Max Depth = 72<LI>Call Chain = UART_vNVICConfigureUART3 &rArr; exNVIC_Init
</UL>
<BR>[Calls]<UL><LI><a href="#[1f0]">&gt;&gt;</a>&nbsp;&nbsp;&nbsp;exNVIC_Init
</UL>
<BR>[Called By]<UL><LI><a href="#[1b3]">&gt;&gt;</a>&nbsp;&nbsp;&nbsp;UART_vCONSOLE_InitUART3
</UL>

<P><STRONG><a name="[1e0]"></a>TI1_Configure</STRONG> (Thumb, 84 bytes, Stack size 56 bytes, hal_tim.o(.text.TI1_Configure))
<BR><BR>[Stack]<UL><LI>Max Depth = 56<LI>Call Chain = TI1_Configure
</UL>
<BR>[Called By]<UL><LI><a href="#[1df]">&gt;&gt;</a>&nbsp;&nbsp;&nbsp;TIM_ICInit
</UL>

<P><STRONG><a name="[1e2]"></a>TI2_Configure</STRONG> (Thumb, 90 bytes, Stack size 56 bytes, hal_tim.o(.text.TI2_Configure))
<BR><BR>[Stack]<UL><LI>Max Depth = 56<LI>Call Chain = TI2_Configure
</UL>
<BR>[Called By]<UL><LI><a href="#[1df]">&gt;&gt;</a>&nbsp;&nbsp;&nbsp;TIM_ICInit
</UL>

<P><STRONG><a name="[1e4]"></a>TI3_Configure</STRONG> (Thumb, 90 bytes, Stack size 56 bytes, hal_tim.o(.text.TI3_Configure))
<BR><BR>[Stack]<UL><LI>Max Depth = 56<LI>Call Chain = TI3_Configure
</UL>
<BR>[Called By]<UL><LI><a href="#[1df]">&gt;&gt;</a>&nbsp;&nbsp;&nbsp;TIM_ICInit
</UL>

<P><STRONG><a name="[1e6]"></a>TI4_Configure</STRONG> (Thumb, 94 bytes, Stack size 56 bytes, hal_tim.o(.text.TI4_Configure))
<BR><BR>[Stack]<UL><LI>Max Depth = 56<LI>Call Chain = TI4_Configure
</UL>
<BR>[Called By]<UL><LI><a href="#[1df]">&gt;&gt;</a>&nbsp;&nbsp;&nbsp;TIM_ICInit
</UL>

<P><STRONG><a name="[1cd]"></a>SetSysClock</STRONG> (Thumb, 14 bytes, Stack size 16 bytes, system_mm32spin0280.o(.text.SetSysClock))
<BR><BR>[Stack]<UL><LI>Max Depth = 164<LI>Call Chain = SetSysClock &rArr; SetSysClockWithHsiPLL &rArr; AutoCalPllFactor &rArr; __aeabi_uidiv
</UL>
<BR>[Calls]<UL><LI><a href="#[1ce]">&gt;&gt;</a>&nbsp;&nbsp;&nbsp;SetSysClockWithHsiPLL
</UL>
<BR>[Called By]<UL><LI><a href="#[36]">&gt;&gt;</a>&nbsp;&nbsp;&nbsp;SystemInit
</UL>

<P><STRONG><a name="[1d4]"></a>SetSysClockToDefaultHSI</STRONG> (Thumb, 108 bytes, Stack size 8 bytes, system_mm32spin0280.o(.text.SetSysClockToDefaultHSI))
<BR><BR>[Stack]<UL><LI>Max Depth = 8<LI>Call Chain = SetSysClockToDefaultHSI
</UL>
<BR>[Called By]<UL><LI><a href="#[36]">&gt;&gt;</a>&nbsp;&nbsp;&nbsp;SystemInit
</UL>

<P><STRONG><a name="[1ce]"></a>SetSysClockWithHsiPLL</STRONG> (Thumb, 404 bytes, Stack size 56 bytes, system_mm32spin0280.o(.text.SetSysClockWithHsiPLL))
<BR><BR>[Stack]<UL><LI>Max Depth = 148<LI>Call Chain = SetSysClockWithHsiPLL &rArr; AutoCalPllFactor &rArr; __aeabi_uidiv
</UL>
<BR>[Calls]<UL><LI><a href="#[8b]">&gt;&gt;</a>&nbsp;&nbsp;&nbsp;AutoCalPllFactor
<LI><a href="#[1cf]">&gt;&gt;</a>&nbsp;&nbsp;&nbsp;delay_x_cycle
</UL>
<BR>[Called By]<UL><LI><a href="#[1cd]">&gt;&gt;</a>&nbsp;&nbsp;&nbsp;SetSysClock
</UL>

<P><STRONG><a name="[1cf]"></a>delay_x_cycle</STRONG> (Thumb, 74 bytes, Stack size 20 bytes, system_mm32spin0280.o(.text.delay_x_cycle))
<BR><BR>[Stack]<UL><LI>Max Depth = 20<LI>Call Chain = delay_x_cycle
</UL>
<BR>[Called By]<UL><LI><a href="#[1ce]">&gt;&gt;</a>&nbsp;&nbsp;&nbsp;SetSysClockWithHsiPLL
</UL>

<P><STRONG><a name="[144]"></a>__NVIC_SystemReset</STRONG> (Thumb, 28 bytes, Stack size 0 bytes, iec60730_b_aux.o(.text.__NVIC_SystemReset))
<BR><BR>[Called By]<UL><LI><a href="#[142]">&gt;&gt;</a>&nbsp;&nbsp;&nbsp;IEC60730_B_WDGSelfTest
</UL>

<P><STRONG><a name="[154]"></a>SysTick_Config</STRONG> (Thumb, 88 bytes, Stack size 24 bytes, iec60730_b_runtimetest.o(.text.SysTick_Config))
<BR><BR>[Stack]<UL><LI>Max Depth = 56<LI>Call Chain = SysTick_Config &rArr; __NVIC_SetPriority
</UL>
<BR>[Calls]<UL><LI><a href="#[1d0]">&gt;&gt;</a>&nbsp;&nbsp;&nbsp;__NVIC_SetPriority
</UL>
<BR>[Called By]<UL><LI><a href="#[153]">&gt;&gt;</a>&nbsp;&nbsp;&nbsp;IEC60730_InitRunTimeChecks
</UL>

<P><STRONG><a name="[1d0]"></a>__NVIC_SetPriority</STRONG> (Thumb, 144 bytes, Stack size 32 bytes, iec60730_b_runtimetest.o(.text.__NVIC_SetPriority))
<BR><BR>[Stack]<UL><LI>Max Depth = 32<LI>Call Chain = __NVIC_SetPriority
</UL>
<BR>[Called By]<UL><LI><a href="#[154]">&gt;&gt;</a>&nbsp;&nbsp;&nbsp;SysTick_Config
</UL>

<P><STRONG><a name="[63]"></a>MLIB_AddSat_Q31</STRONG> (Thumb, 32 bytes, Stack size 8 bytes, mlib.o(.text))
<BR><BR>[Stack]<UL><LI>Max Depth = 8<LI>Call Chain = MLIB_AddSat_Q31
</UL>
<BR>[Called By]<UL><LI><a href="#[64]">&gt;&gt;</a>&nbsp;&nbsp;&nbsp;MLIB_Ramp_Q31
<LI><a href="#[62]">&gt;&gt;</a>&nbsp;&nbsp;&nbsp;MLIB_PLL
</UL>

<P><STRONG><a name="[60]"></a>MLIB_ShLBi_Q31</STRONG> (Thumb, 14 bytes, Stack size 0 bytes, mlib.o(.text))
<BR><BR>[Called By]<UL><LI><a href="#[61]">&gt;&gt;</a>&nbsp;&nbsp;&nbsp;MLIB_SMO
<LI><a href="#[62]">&gt;&gt;</a>&nbsp;&nbsp;&nbsp;MLIB_PLL
<LI><a href="#[5f]">&gt;&gt;</a>&nbsp;&nbsp;&nbsp;MLIB_PIControl_Q15
</UL>

<P><STRONG><a name="[38]"></a>CPUTstCont</STRONG> (Thumb, 0 bytes, Stack size unknown bytes, iec60730_b_cpurunkeil.o(.text))
<BR>[Address Reference Count : 1]<UL><LI> iec60730_b_cpurunkeil.o(.text)
</UL>
<P><STRONG><a name="[39]"></a>CPUTstCont</STRONG> (Thumb, 0 bytes, Stack size unknown bytes, iec60730_b_cpustartkeil.o(.text))
<BR>[Address Reference Count : 1]<UL><LI> iec60730_b_cpustartkeil.o(.text)
</UL>
<P><STRONG><a name="[210]"></a>_fp_digits</STRONG> (Thumb, 344 bytes, Stack size 64 bytes, printfa.o(i._fp_digits), UNUSED)
<BR><BR>[Calls]<UL><LI><a href="#[73]">&gt;&gt;</a>&nbsp;&nbsp;&nbsp;__aeabi_dmul
<LI><a href="#[74]">&gt;&gt;</a>&nbsp;&nbsp;&nbsp;__aeabi_ddiv
<LI><a href="#[6c]">&gt;&gt;</a>&nbsp;&nbsp;&nbsp;__aeabi_dadd
<LI><a href="#[7a]">&gt;&gt;</a>&nbsp;&nbsp;&nbsp;__aeabi_uldivmod
<LI><a href="#[7c]">&gt;&gt;</a>&nbsp;&nbsp;&nbsp;__aeabi_d2ulz
<LI><a href="#[211]">&gt;&gt;</a>&nbsp;&nbsp;&nbsp;__aeabi_cdrcmple
</UL>
<BR>[Called By]<UL><LI><a href="#[20f]">&gt;&gt;</a>&nbsp;&nbsp;&nbsp;_printf_core
</UL>

<P><STRONG><a name="[20f]"></a>_printf_core</STRONG> (Thumb, 1754 bytes, Stack size 128 bytes, printfa.o(i._printf_core), UNUSED)
<BR><BR>[Calls]<UL><LI><a href="#[7a]">&gt;&gt;</a>&nbsp;&nbsp;&nbsp;__aeabi_uldivmod
<LI><a href="#[212]">&gt;&gt;</a>&nbsp;&nbsp;&nbsp;_printf_pre_padding
<LI><a href="#[213]">&gt;&gt;</a>&nbsp;&nbsp;&nbsp;_printf_post_padding
<LI><a href="#[210]">&gt;&gt;</a>&nbsp;&nbsp;&nbsp;_fp_digits
<LI><a href="#[69]">&gt;&gt;</a>&nbsp;&nbsp;&nbsp;__aeabi_uidivmod
</UL>
<BR>[Called By]<UL><LI><a href="#[20e]">&gt;&gt;</a>&nbsp;&nbsp;&nbsp;__0printf
</UL>

<P><STRONG><a name="[213]"></a>_printf_post_padding</STRONG> (Thumb, 32 bytes, Stack size 24 bytes, printfa.o(i._printf_post_padding), UNUSED)
<BR><BR>[Called By]<UL><LI><a href="#[20f]">&gt;&gt;</a>&nbsp;&nbsp;&nbsp;_printf_core
</UL>

<P><STRONG><a name="[212]"></a>_printf_pre_padding</STRONG> (Thumb, 44 bytes, Stack size 40 bytes, printfa.o(i._printf_pre_padding), UNUSED)
<BR><BR>[Called By]<UL><LI><a href="#[20f]">&gt;&gt;</a>&nbsp;&nbsp;&nbsp;_printf_core
</UL>
<P>
<H3>
Undefined Global Symbols
</H3><HR></body></html>
