<html>
<body>
<pre>
<h1>µVision Build Log</h1>
<h2>Tool Versions:</h2>
IDE-Version: ¦ÌVision V5.26.2.0
Copyright (C) 2018 ARM Ltd and ARM Germany GmbH. All rights reserved.
License Information: Bing JACK WANG, WB, LIC=MPPLD-8VZEG-9UG4U-SPWVC-R27WT-QML3Y
 
Tool Versions:
Toolchain:       MDK-ARM Plus  Version: 5.26.2.0
Toolchain Path:  C:\Keil_v5\ARM\ARMCLANG\Bin
C Compiler:      ArmClang.exe V6.10.1
Assembler:       Armasm.exe V6.10.1
Linker/Locator:  ArmLink.exe V6.10.1
Library Manager: ArmAr.exe V6.10.1
Hex Converter:   FromElf.exe V6.10.1
CPU DLL:         SARMCM3.DLL V5.26.2.0
Dialog DLL:      DARMCM1.DLL V1.19.1.0
Target DLL:      Segger\JL2CM3.dll V2.99.31.0
Dialog DLL:      TARMCM1.DLL V1.14.0.0
 
<h2>Project:</h2>
C:\Users\JACK WANG\Projects\KT\KT\KT_FAN_HW03_Debug_V2\KEIL_PRJ\KT_FAN.uvprojx
Project File Date:  10/04/2023

<h2>Output:</h2>
*** Using Compiler 'V6.10.1', folder: 'C:\Keil_v5\ARM\ARMCLANG\Bin'
Rebuild target 'KT_FAN'
compiling user_function.c...
compiling main.c...
compiling Modbus.c...
compiling delay.c...
compiling mm32_it.c...
compiling board.c...
compiling sys.c...
compiling ModbusCRC.c...
compiling TimeSlice.c...
compiling Ramp.c...
compiling SpeedControl.c...
compiling StateMachine.c...
compiling FOC_PMSM.c...
compiling WindDetection.c...
compiling fsHandle.c...
compiling fsPhaseLoss.c...
compiling fsMCU.c...
compiling fsRotorLock.c...
compiling fsCommon.c...
compiling SpeedMonitor.c...
compiling fsClock.c...
compiling Common.c...
compiling Current.c...
compiling Math.c...
compiling Filter.c...
compiling Transfer.c...
compiling Voltage.c...
compiling drv_adc.c...
compiling drv_comp.c...
compiling drv_div.c...
compiling drv_iic.c...
compiling drv_iwdg.c...
compiling drv_opamp.c...
compiling drv_led.c...
compiling drv_pwm.c...
compiling drv_sci.c...
compiling drv_sqrt.c...
compiling drv_Counter.c...
compiling drv_dma.c...
compiling drv_Output.c...
compiling drv_Capture.c...
compiling hal_bkp.c...
compiling hal_adc.c...
compiling hal_comp.c...
compiling hal_crc.c...
compiling hal_csm.c...
compiling hal_dac.c...
compiling hal_dbg.c...
compiling hal_div.c...
compiling hal_dma.c...
compiling hal_exti.c...
compiling hal_flash.c...
compiling hal_misc.c...
compiling hal_opamp.c...
compiling hal_iwdg.c...
compiling hal_pwr.c...
compiling hal_gpio.c...
compiling hal_i2c.c...
compiling hal_rcc.c...
compiling hal_sqrt.c...
compiling hal_spi.c...
compiling hal_uid.c...
compiling hal_uart.c...
compiling hal_ver.c...
assembling startup_mm32spin0280_keil.s...
compiling hal_tim.c...
compiling hal_wwdg.c...
compiling system_mm32spin0280.c...
compiling uart_classb.c...
compiling IEC60730_B_clocktest.c...
compiling IEC60730_B_runtimetest.c...
compiling IEC60730_B_aux.c...
../ClassBTest/Library/src/IEC60730_B_startup.c(247): warning: implicit declaration of function '$Super$$main' is invalid in C99 [-Wimplicit-function-declaration]
    $Super$$main ();
    ^
1 warning generated.
compiling IEC60730_B_startup.c...
linking...
Program Size: Code=42932 RO-data=2320 RW-data=320 ZI-data=2428  
FromELF: creating hex file...
After Build - User command #1: .\crc_gen_keil.bat
Computing CRC
-------------------------------------
crc cal block: 64
PAD 56 byte 0xFF
create new crc hex file "obj\KT_FAN_CRC.hex".
checksum range:(0x08000000~0x0800B240) checksum offset address:[0x0000B240] checksum: [0x21806AC6]
-------------------------------------
".\obj\KT_FAN.axf" - 0 Error(s), 1 Warning(s).

<h2>Software Packages used:</h2>

Package Vendor: MindMotion
                http://www.mindmotion.com.cn/Download/MDK_KEIL/MindMotion.MM32SPIN0280_DFP.1.0.0.pack
                MindMotion.MM32SPIN0280_DFP.1.0.0
                MindMotion MM32SPIN0280 Series Device Support, Drivers and Examples

<h2>Collection of Component include folders:</h2>
  .\RTE\_KT_FAN
  C:\Keil_v5\ARM\PACK\MindMotion\MM32SPIN0280_DFP\1.0.0\Device\MM32SPIN0280\Include

<h2>Collection of Component Files used:</h2>
Build Time Elapsed:  00:00:31
</pre>
</body>
</html>
