Component: ARM Compiler 6.10.1 Tool: armlink [5d142800]

==============================================================================

Section Cross References

    delay.o(.text.DELAY_Init) refers to uidiv.o(.text) for __aeabi_uidiv
    delay.o(.text.DELAY_Init) refers to delay.o(.text.SysTick_Config) for SysTick_Config
    delay.o(.text.DELAY_Init) refers to delay.o(.text.__NVIC_SetPriority) for __NVIC_SetPriority
    delay.o(.text.DELAY_Init) refers to system_mm32spin0280.o(.data.SystemCoreClock) for SystemCoreClock
    delay.o(.ARM.exidx.text.DELAY_Init) refers to delay.o(.text.DELAY_Init) for [Anonymous Symbol]
    delay.o(.text.SysTick_Config) refers to delay.o(.text.__NVIC_SetPriority) for __NVIC_SetPriority
    delay.o(.ARM.exidx.text.SysTick_Config) refers to delay.o(.text.SysTick_Config) for [Anonymous Symbol]
    delay.o(.ARM.exidx.text.__NVIC_SetPriority) refers to delay.o(.text.__NVIC_SetPriority) for [Anonymous Symbol]
    delay.o(.text.DELAY_Ms) refers to delay.o(.bss.sTimingDelay) for [Anonymous Symbol]
    delay.o(.ARM.exidx.text.DELAY_Ms) refers to delay.o(.text.DELAY_Ms) for [Anonymous Symbol]
    main.o(.text.WDG_Init) refers to iec60730_b_aux.o(.text.Iwdg_Init) for Iwdg_Init
    main.o(.ARM.exidx.text.WDG_Init) refers to main.o(.text.WDG_Init) for [Anonymous Symbol]
    main.o(.text.WDG_Refresh) refers to hal_iwdg.o(.text.IWDG_ReloadCounter) for IWDG_ReloadCounter
    main.o(.ARM.exidx.text.WDG_Refresh) refers to main.o(.text.WDG_Refresh) for [Anonymous Symbol]
    main.o(.text.main) refers to uart_classb.o(.text.CBUart_Init) for CBUart_Init
    main.o(.text.main) refers to system_mm32spin0280.o(.text.SystemCoreClockUpdate) for SystemCoreClockUpdate
    main.o(.text.main) refers to printfa.o(i.__0printf) for printf
    main.o(.text.main) refers to main.o(.text.WDG_Init) for WDG_Init
    main.o(.text.main) refers to iec60730_b_runtimetest.o(.text.IEC60730_InitRunTimeChecks) for IEC60730_InitRunTimeChecks
    main.o(.text.main) refers to fsclock.o(.text.FCK_vInitSafeTime) for FCK_vInitSafeTime
    main.o(.text.main) refers to user_function.o(.text.Init_Parameter) for Init_Parameter
    main.o(.text.main) refers to board.o(.text.Bsp_Gpio_Init) for Bsp_Gpio_Init
    main.o(.text.main) refers to board.o(.text.Peripheral_Init) for Peripheral_Init
    main.o(.text.main) refers to mm32_it.o(.text.Interrupt_Init) for Interrupt_Init
    main.o(.text.main) refers to modbus.o(.text.MOS_vModbusInit) for MOS_vModbusInit
    main.o(.text.main) refers to iec60730_b_runtimetest.o(.text.IEC60730_DoRunTimeChecks) for IEC60730_DoRunTimeChecks
    main.o(.text.main) refers to main.o(.text.WDG_Refresh) for WDG_Refresh
    main.o(.text.main) refers to modbus.o(.text.MOS_vModBusHandler_2) for MOS_vModBusHandler_2
    main.o(.text.main) refers to timeslice.o(.text.TSE_vSliceTaskHandle) for TSE_vSliceTaskHandle
    main.o(.text.main) refers to fshandle.o(.text.FHE_vFunctionSafetyCheck) for FHE_vFunctionSafetyCheck
    main.o(.text.main) refers to fsmonitor.o(.text.FSM_ucHandleTask) for FSM_ucHandleTask
    main.o(.text.main) refers to speedcontrol.o(.text.SCL_vSpeedControlHandle) for SCL_vSpeedControlHandle
    main.o(.text.main) refers to errorhandle.o(.text.EHE_vErrorHandleTask) for EHE_vErrorHandleTask
    main.o(.text.main) refers to main.o(.rodata.str1.1) for .L.str
    main.o(.text.main) refers to main.o(.bss.Motor_1st) for Motor_1st
    main.o(.ARM.exidx.text.main) refers to main.o(.text.main) for [Anonymous Symbol]
    sys.o(.text.exRCC_ClkPrescaler_Init) refers to sys.o(.rodata.cRCC_ClockPrescalerTable) for cRCC_ClockPrescalerTable
    sys.o(.ARM.exidx.text.exRCC_ClkPrescaler_Init) refers to sys.o(.text.exRCC_ClkPrescaler_Init) for [Anonymous Symbol]
    sys.o(.text.SYSCLK_Init) refers to memcpya.o(.text) for __aeabi_memcpy
    sys.o(.text.SYSCLK_Init) refers to sys.o(.text.DELAY_xUs) for DELAY_xUs
    sys.o(.text.SYSCLK_Init) refers to sys.o(.text.exRCC_ClkPrescaler_Init) for exRCC_ClkPrescaler_Init
    sys.o(.text.SYSCLK_Init) refers to uidiv.o(.text) for __aeabi_uidiv
    sys.o(.text.SYSCLK_Init) refers to sys.o(.rodata..LSYSCLK_Init.latency_pllmul_plldiv_sysclksrc_pllsrc_table) for [Anonymous Symbol]
    sys.o(.text.SYSCLK_Init) refers to sys.o(.data.gSystemClockValue) for gSystemClockValue
    sys.o(.ARM.exidx.text.SYSCLK_Init) refers to sys.o(.text.SYSCLK_Init) for [Anonymous Symbol]
    sys.o(.ARM.exidx.text.DELAY_xUs) refers to sys.o(.text.DELAY_xUs) for [Anonymous Symbol]
    sys.o(.ARM.exidx.text.RCC_SetDefault) refers to sys.o(.text.RCC_SetDefault) for [Anonymous Symbol]
    sys.o(.text.SystemReInit) refers to sys.o(.text.RCC_SetDefault) for RCC_SetDefault
    sys.o(.text.SystemReInit) refers to sys.o(.text.SYSCLK_Init) for SYSCLK_Init
    sys.o(.ARM.exidx.text.SystemReInit) refers to sys.o(.text.SystemReInit) for [Anonymous Symbol]
    board.o(.text.Bsp_Op_Init) refers to hal_gpio.o(.text.GPIO_StructInit) for GPIO_StructInit
[...]
    Incap_Freq                               0x20000054   Data           4  iec60730_b_startup.o(CLASS_B_RAM)
    CtrlFlowCntInv                           0x20000058   Data           4  iec60730_b_startup.o(CLASS_B_RAM_REV)
    ISRCtrlFlowCntInv                        0x2000005c   Data           4  iec60730_b_startup.o(CLASS_B_RAM_REV)
    PeriodValueInv                           0x20000060   Data           4  iec60730_b_startup.o(CLASS_B_RAM_REV)
    TickCounterInv                           0x20000064   Data           4  iec60730_b_startup.o(CLASS_B_RAM_REV)
    TimeBaseFlagInv                          0x20000068   Data           4  iec60730_b_startup.o(CLASS_B_RAM_REV)
    LSIPeriodFlagInv                         0x2000006c   Data           4  iec60730_b_startup.o(CLASS_B_RAM_REV)
    LastCtrlFlowCntInv                       0x20000070   Data           4  iec60730_b_startup.o(CLASS_B_RAM_REV)
    pRunCrc32ChkInv                          0x20000074   Data           4  iec60730_b_startup.o(CLASS_B_RAM_REV)
    RefCrc32Inv                              0x20000078   Data           4  iec60730_b_startup.o(CLASS_B_RAM_REV)
    __stdout                                 0x20000080   Data           4  stdout.o(.data)
    MOS_aucReadAllData                       0x200000b4   Data           8  modbus.o(.data.MOS_aucReadAllData)
    MOS_aucWriteData                         0x200000bc   Data           8  modbus.o(.data.MOS_aucWriteData)
    RegData                                  0x200000c6   Data          24  modbus.o(.data.RegData)
    SystemCoreClock                          0x20000138   Data           4  system_mm32spin0280.o(.data.SystemCoreClock)
    WDN_tOverCurrentZeroHighSpdPara          0x20000158   Data           6  winddetection.o(.data.WDN_tOverCurrentZeroHighSpdPara)
    WDN_tOverCurrentZeroPara                 0x2000015e   Data           6  winddetection.o(.data.WDN_tOverCurrentZeroPara)
    WDN_tWindDetectionPara                   0x20000164   Data           6  winddetection.o(.data.WDN_tWindDetectionPara)
    eM1_MainState                            0x2000016a   Data           1  statemachine.o(.data.eM1_MainState)
    App_FLASH_BLOCK_WORDS                    0x20000180   Data           4  iec60730_b_startup.o(.bss.App_FLASH_BLOCK_WORDS)
    App_REF_CRC32                            0x20000184   Data           4  iec60730_b_startup.o(.bss.App_REF_CRC32)
    App_ROM_END                              0x20000188   Data           4  iec60730_b_startup.o(.bss.App_ROM_END)
    App_ROM_SIZE                             0x2000018c   Data           4  iec60730_b_startup.o(.bss.App_ROM_SIZE)
    App_ROM_SIZEinWORDS                      0x20000190   Data           4  iec60730_b_startup.o(.bss.App_ROM_SIZEinWORDS)
    App_ROM_START                            0x20000194   Data           4  iec60730_b_startup.o(.bss.App_ROM_START)
    App_STEPS_NUMBER                         0x20000198   Data           4  iec60730_b_startup.o(.bss.App_STEPS_NUMBER)
    EHE_tErrorData                           0x20000294   Data          12  errorhandle.o(.bss.EHE_tErrorData)
    Error_word                               0x200002a0   Data           4  iec60730_b_startup.o(.bss.Error_word)
    FHE_eCurrentCallId                       0x20000314   Data           1  fshandle.o(.bss.FHE_eCurrentCallId)
    FULL_FLASH_CHECKED                       0x20000434   Data           4  iec60730_b_runtimetest.o(.bss.FULL_FLASH_CHECKED)
    FlashFulltestcall                        0x20000440   Data           4  iec60730_b_startup.o(.bss.FlashFulltestcall)
    FlashRuntestcall                         0x20000444   Data           4  iec60730_b_runtimetest.o(.bss.FlashRuntestcall)
    M1FaultID                                0x20000448   Data           2  main.o(.bss.M1FaultID)
    M1FaultID_Record                         0x2000044a   Data           2  main.o(.bss.M1FaultID_Record)
    MOS_tModbusData                          0x20000471   Data          45  modbus.o(.bss.MOS_tModbusData)
    Motor_1st                                0x200004b0   Data         340  main.o(.bss.Motor_1st)
    RAMBuffertest_end                        0x20000614   Data           4  iec60730_b_startup.o(.bss.RAMBuffertest_end)
    RAMRunTimetest_end                       0x20000618   Data           4  iec60730_b_startup.o(.bss.RAMRunTimetest_end)
    RAMRunTimetest_start                     0x2000061c   Data           4  iec60730_b_startup.o(.bss.RAMRunTimetest_start)
    RAM_endadd_run                           0x20000620   Data           4  iec60730_b_startup.o(.bss.RAM_endadd_run)
    STK_pfGeneralTimerCallback               0x200006d0   Data           4  mm32_it.o(.bss.STK_pfGeneralTimerCallback)
    VOL_u16NormalAdcValueArray               0x20000780   Data          12  voltage.o(.bss.VOL_u16NormalAdcValueArray)
    WDN_tOverCurrentZeroData                 0x2000079c   Data           8  winddetection.o(.bss.WDN_tOverCurrentZeroData)
    WDN_tOverCurrentZeroHighSpdData          0x200007a4   Data           8  winddetection.o(.bss.WDN_tOverCurrentZeroHighSpdData)
    WDN_tWindDetectionData                   0x200007ac   Data           8  winddetection.o(.bss.WDN_tWindDetectionData)
    eM1_RunSubState                          0x200007b4   Data           1  statemachine.o(.bss.eM1_RunSubState)
    rom_test                                 0x200007b8   Data           4  iec60730_b_runtimetest.o(.bss.rom_test)
    runtime_checkindx                        0x200007bc   Data           1  iec60730_b_runtimetest.o(.bss.runtime_checkindx)
    runtime_flash_CtrlFlow_indx              0x200007bd   Data           1  iec60730_b_runtimetest.o(.bss.runtime_flash_CtrlFlow_indx)
    s16PosElEst_SMO                          0x200007be   Data           2  statemachine.o(.bss.s16PosElEst_SMO)
    temp                                     0x200007c0   Data           4  iec60730_b_clocktest.o(.bss.temp)
    u16ThreePhaseRMSCur                      0x200007dc   Data           2  winddetection.o(.bss.u16ThreePhaseRMSCur)
    uwTick                                   0x200007e0   Data           4  iec60730_b_aux.o(.bss.uwTick)
    aStackOverFlowPtrn                       0x20001bf0   Data          16  iec60730_b_startup.o(STACK_BOTTOM)
    __initial_sp                             0x20002000   Data           0  startup_mm32spin0280_keil.o(STACK)



==============================================================================

Memory Map of the image

  Image Entry point : 0x080000c1

  Load Region LR_IROM1 (Base: 0x08000000, Size: 0x0000c7c0, Max: 0x00020000, ABSOLUTE)

    Execution Region ER_IROM1 (Exec base: 0x08000000, Load base: 0x08000000, Size: 0x0000c644, Max: 0x00020000, ABSOLUTE)

    Exec Addr    Load Addr    Size         Type   Attr      Idx    E Section Name        Object

    0x08000000   0x08000000   0x000000c0   Data   RO         2487    RESET               startup_mm32spin0280_keil.o
    0x080000c0   0x080000c0   0x00000000   Code   RO         2745  * .ARM.Collect$$$$00000000  mc_p.l(entry.o)
    0x080000c0   0x080000c0   0x00000004   Code   RO         2814    .ARM.Collect$$$$00000001  mc_p.l(entry2.o)
    0x080000c4   0x080000c4   0x00000004   Code   RO         2817    .ARM.Collect$$$$00000004  mc_p.l(entry5.o)
    0x080000c8   0x080000c8   0x00000000   Code   RO         2819    .ARM.Collect$$$$00000008  mc_p.l(entry7b.o)
    0x080000c8   0x080000c8   0x00000000   Code   RO         2821    .ARM.Collect$$$$0000000A  mc_p.l(entry8b.o)
    0x080000c8   0x080000c8   0x00000008   Code   RO         2822    .ARM.Collect$$$$0000000B  mc_p.l(entry9a.o)
    0x080000d0   0x080000d0   0x00000000   Code   RO         2824    .ARM.Collect$$$$0000000D  mc_p.l(entry10a.o)
    0x080000d0   0x080000d0   0x00000000   Code   RO         2826    .ARM.Collect$$$$0000000F  mc_p.l(entry11a.o)
    0x080000d0   0x080000d0   0x00000004   Code   RO         2815    .ARM.Collect$$$$00002712  mc_p.l(entry2.o)
    0x080000d4   0x080000d4   0x00000028   Code   RO         2488    .text               startup_mm32spin0280_keil.o
    0x080000fc   0x080000fc   0x000001b4   Code   RO         2679    .text               MCFLIB.lib(mcflib.o)
    0x080002b0   0x080002b0   0x000003ac   Code   RO         2681    .text               MLIB.lib(mlib.o)
    0x0800065c   0x0800065c   0x00000184   Code   RO         2706    .text               IEC60730B_M0_COM_KEIL_v1_0.lib(iec60730_b_cpurunkeil.o)
    0x080007e0   0x080007e0   0x00000210   Code   RO         2710    .text               IEC60730B_M0_COM_KEIL_v1_0.lib(iec60730_b_cpustartkeil.o)
    0x080009f0   0x080009f0   0x00000324   Code   RO         2714    .text               IEC60730B_M0_COM_KEIL_v1_0.lib(iec60730_b_ramtestkeil.o)
    0x08000d14   0x08000d14   0x0000002c   Code   RO         2748    .text               mc_p.l(uidiv.o)
    0x08000d40   0x08000d40   0x00000028   Code   RO         2750    .text               mc_p.l(idiv.o)
    0x08000d68   0x08000d68   0x00000008   Code   RO         2752    .text               mc_p.l(siabs.o)
    0x08000d70   0x08000d70   0x00000024   Code   RO         2756    .text               mc_p.l(memcpya.o)
    0x08000d94   0x08000d94   0x0000007a   Code   RO         2788    .text               mf_p.l(fmul.o)
    0x08000e0e   0x08000e0e   0x0000007c   Code   RO         2790    .text               mf_p.l(fdiv.o)
    0x08000e8a   0x08000e8a   0x00000002   PAD
    0x08000e8c   0x08000e8c   0x00000164   Code   RO         2792    .text               mf_p.l(dadd.o)
    0x08000ff0   0x08000ff0   0x000000d0   Code   RO         2794    .text               mf_p.l(dmul.o)
    0x080010c0   0x080010c0   0x000000f0   Code   RO         2796    .text               mf_p.l(ddiv.o)
    0x080011b0   0x080011b0   0x0000002c   Code   RO         2798    .text               mf_p.l(dcmple.o)
    0x080011dc   0x080011dc   0x0000002c   Code   RO         2800    .text               mf_p.l(dcmplt.o)
    0x08001208   0x08001208   0x0000002c   Code   RO         2802    .text               mf_p.l(dcmpge.o)
    0x08001234   0x08001234   0x0000000e   Code   RO         2804    .text               mf_p.l(ffltui.o)
    0x08001242   0x08001242   0x00000002   PAD
    0x08001244   0x08001244   0x00000028   Code   RO         2806    .text               mf_p.l(dflti.o)
    0x0800126c   0x0800126c   0x00000028   Code   RO         2808    .text               mf_p.l(ffixui.o)
    0x08001294   0x08001294   0x00000048   Code   RO         2810    .text               mf_p.l(dfixi.o)
    0x080012dc   0x080012dc   0x00000028   Code   RO         2812    .text               mf_p.l(f2d.o)
    0x08001304   0x08001304   0x00000060   Code   RO         2829    .text               mc_p.l(uldiv.o)
    0x08001364   0x08001364   0x00000020   Code   RO         2831    .text               mc_p.l(llshl.o)
    0x08001384   0x08001384   0x00000022   Code   RO         2833    .text               mc_p.l(llushr.o)
    0x080013a6   0x080013a6   0x00000026   Code   RO         2835    .text               mc_p.l(llsshr.o)
    0x080013cc   0x080013cc   0x00000000   Code   RO         2837    .text               mc_p.l(iusefp.o)
    0x080013cc   0x080013cc   0x00000082   Code   RO         2838    .text               mf_p.l(fepilogue.o)
    0x0800144e   0x0800144e   0x000000be   Code   RO         2840    .text               mf_p.l(depilogue.o)
    0x0800150c   0x0800150c   0x00000040   Code   RO         2844    .text               mf_p.l(dfixul.o)
    0x0800154c   0x0800154c   0x00000028   Code   RO         2846    .text               mf_p.l(cdrcmple.o)
    0x08001574   0x08001574   0x00000024   Code   RO         2848    .text               mc_p.l(init.o)
    0x08001598   0x08001598   0x0000003a   Code   RO         2858    .text               mc_p.l(__dczerorl.o)
    0x080015d2   0x080015d2   0x00000002   PAD
    0x080015d4   0x080015d4   0x00000028   Code   RO         2643    .text.$Sub$$main    iec60730_b_startup.o
    0x080015fc   0x080015fc   0x00000002   Code   RO          151    .text.ADC1_IRQHandler  mm32_it.o
    0x080015fe   0x080015fe   0x00000002   PAD
    0x08001600   0x08001600   0x0000019c   Code   RO          165    .text.ADC2_IRQHandler  mm32_it.o
    0x0800179c   0x0800179c   0x0000007e   Code   RO         1389    .text.ADC_ANY_CH_Config  hal_adc.o
    0x0800181a   0x0800181a   0x00000034   Code   RO         1393    .text.ADC_ANY_Cmd   hal_adc.o
    0x0800184e   0x0800184e   0x0000002c   Code   RO         1391    .text.ADC_ANY_NUM_Config  hal_adc.o
    0x0800187a   0x0800187a   0x00000034   Code   RO         1395    .text.ADC_AutoInjectedConvCmd  hal_adc.o
    0x080018ae   0x080018ae   0x00000034   Code   RO         1419    .text.ADC_Calibration  hal_adc.o
    0x080018e2   0x080018e2   0x00000034   Code   RO         1387    .text.ADC_ClearITPendingBit  hal_adc.o
    0x08001916   0x08001916   0x00000034   Code   RO         1347    .text.ADC_Cmd       hal_adc.o
    0x0800194a   0x0800194a   0x00000034   Code   RO         1361    .text.ADC_ExternalTrigConvCmd  hal_adc.o
    0x0800197e   0x0800197e   0x0000006e   Code   RO         1351    .text.ADC_ITConfig  hal_adc.o
    0x080019ec   0x080019ec   0x00000054   Code   RO         1343    .text.ADC_Init      hal_adc.o
    0x08001a40   0x08001a40   0x00000034   Code   RO         1401    .text.ADC_InjectedConvCmd  hal_adc.o
    0x08001a74   0x08001a74   0x00000050   Code   RO         1409    .text.ADC_InjectedSequencerChannelConfig  hal_adc.o
    0x08001ac4   0x08001ac4   0x00000030   Code   RO         1407    .text.ADC_InjectedSequencerLengthConfig  hal_adc.o
    0x08001af4   0x08001af4   0x000000d6   Code   RO         1357    .text.ADC_RegularChannelConfig  hal_adc.o
    0x08001bca   0x08001bca   0x00000026   Code   RO         1345    .text.ADC_StructInit  hal_adc.o
    0x08001bf0   0x08001bf0   0x00000034   Code   RO         1359    .text.ADC_TempSensorVrefintCmd  hal_adc.o
    0x08001c24   0x08001c24   0x000000cc   Code   RO         2502    .text.AutoCalPllFactor  system_mm32spin0280.o
    0x08001cf0   0x08001cf0   0x0000000c   Code   RO           99    .text.BOD_vExti9Config  board.o
    0x08001cfc   0x08001cfc   0x0000003c   Code   RO           89    .text.BSP_vDirectionDetect_Init  board.o
    0x08001d38   0x08001d38   0x00000034   Code   RO           79    .text.BSP_vExti9Config  board.o
    0x08001d6c   0x08001d6c   0x00000046   Code   RO           83    .text.BSP_vUARTInit  board.o
    0x08001db2   0x08001db2   0x00000002   PAD
    0x08001db4   0x08001db4   0x000000ac   Code   RO           93    .text.Board_ADC_Init  board.o
    0x08001e60   0x08001e60   0x00000022   Code   RO           95    .text.Board_Comp_Init  board.o
    0x08001e82   0x08001e82   0x00000002   PAD
    0x08001e84   0x08001e84   0x00000084   Code   RO           67    .text.Bsp_Adc_Init  board.o
    0x08001f08   0x08001f08   0x00000040   Code   RO           85    .text.Bsp_Capture_Init  board.o
    0x08001f48   0x08001f48   0x00000038   Code   RO           69    .text.Bsp_Comp_Init  board.o
    0x08001f80   0x08001f80   0x0000002c   Code   RO           91    .text.Bsp_Gpio_Init  board.o
    0x08001fac   0x08001fac   0x00000038   Code   RO           71    .text.Bsp_Led_Init  board.o
    0x08001fe4   0x08001fe4   0x00000070   Code   RO           65    .text.Bsp_Op_Init   board.o
    0x08002054   0x08002054   0x00000048   Code   RO           87    .text.Bsp_PWM_Output_Init  board.o
    0x0800209c   0x0800209c   0x000000c8   Code   RO           73    .text.Bsp_Pwm_Init  board.o
    0x08002164   0x08002164   0x000000a4   Code   RO         2526    .text.CBUart_Init   uart_classb.o
    0x08002208   0x08002208   0x00000002   Code   RO          173    .text.COMP1_2_3_4_5_IRQHandler  mm32_it.o
    0x0800220a   0x0800220a   0x00000002   PAD
    0x0800220c   0x0800220c   0x00000040   Code   RO         1457    .text.COMP_Cmd      hal_comp.o
    0x0800224c   0x0800224c   0x00000018   Code   RO         1451    .text.COMP_DeInit   hal_comp.o
    0x08002264   0x08002264   0x00000040   Code   RO         1453    .text.COMP_Init     hal_comp.o
    0x080022a4   0x080022a4   0x00000044   Code   RO         1459    .text.COMP_SetCrv   hal_comp.o
    0x080022e8   0x080022e8   0x00000086   Code   RO          852    .text.COM_vCheckOverThresholdLimit  common_1.o
    0x0800236e   0x0800236e   0x00000002   PAD
    0x08002370   0x08002370   0x00000040   Code   RO         1489    .text.CRC_CalcBlockCRC  hal_crc.o
    0x080023b0   0x080023b0   0x0000000c   Code   RO         1485    .text.CRC_ResetDR   hal_crc.o
    0x080023bc   0x080023bc   0x00000084   Code   RO          868    .text.CUR_bCheckMotCurrentMeasValues  current.o
    0x08002440   0x08002440   0x00000004   Code   RO          892    .text.CUR_tGetPhaseCurrentCalPointer  current.o
    0x08002444   0x08002444   0x00000008   Code   RO          886    .text.CUR_u16GetThreePhaseRMS  current.o
    0x0800244c   0x0800244c   0x000001c0   Code   RO          888    .text.CUR_updatePhaseCurrentBuffer  current.o
    0x0800260c   0x0800260c   0x00000070   Code   RO          884    .text.CUR_vCalThreePhaseCurRMS  current.o
    0x0800267c   0x0800267c   0x000000a8   Code   RO          872    .text.CUR_vCalcCurrentQuantities  current.o
    0x08002724   0x08002724   0x000001ac   Code   RO          870    .text.CUR_vCheckMotCurrentMeasOffsetVoltage  current.o
    0x080028d0   0x080028d0   0x00000002   Code   RO          882    .text.CUR_vCurRMSFilterInit  current.o
    0x080028d2   0x080028d2   0x00000002   PAD
    0x080028d4   0x080028d4   0x00000068   Code   RO          890    .text.CUR_vGetPhaseCurrentBufferSamples  current.o
    0x0800293c   0x0800293c   0x0000002c   Code   RO          876    .text.CUR_vGetThreePhaseCur  current.o
    0x08002968   0x08002968   0x0000003c   Code   RO          880    .text.CUR_vGetThreePhaseRawValue  current.o
    0x080029a4   0x080029a4   0x0000001c   Code   RO          894    .text.CUR_vResetCurrentValues  current.o
    0x080029c0   0x080029c0   0x00000018   Code   RO          878    .text.CUR_vSetOffsetMeasState  current.o
    0x080029d8   0x080029d8   0x00000002   Code   RO          145    .text.DMA1_Channel1_IRQHandler  mm32_it.o
    0x080029da   0x080029da   0x00000002   Code   RO          147    .text.DMA1_Channel2_3_IRQHandler  mm32_it.o
    0x080029dc   0x080029dc   0x00000002   Code   RO          149    .text.DMA1_Channel4_5_IRQHandler  mm32_it.o
    0x080029de   0x080029de   0x00000002   PAD
    0x080029e0   0x080029e0   0x000000e0   Code   RO          391    .text.DcBus_Ripple_suppress  foc_pmsm.o
    0x08002ac0   0x08002ac0   0x00000050   Code   RO         1114    .text.Division      drv_div.o
    0x08002b10   0x08002b10   0x00000090   Code   RO         1082    .text.Drv_Adc_Basic_Init  drv_adc.o
    0x08002ba0   0x08002ba0   0x0000008a   Code   RO         1084    .text.Drv_Adc_Channel_Init  drv_adc.o
    0x08002c2a   0x08002c2a   0x00000002   PAD
    0x08002c2c   0x08002c2c   0x00000058   Code   RO         1086    .text.Drv_Adc_Inject_Channel_Init  drv_adc.o
    0x08002c84   0x08002c84   0x00000080   Code   RO         1098    .text.Drv_Comp_Init  drv_comp.o
    0x08002d04   0x08002d04   0x0000001a   Code   RO         1110    .text.Drv_Hwdiv_Init  drv_div.o
    0x08002d1e   0x08002d1e   0x00000002   PAD
    0x08002d20   0x08002d20   0x0000004c   Code   RO         1138    .text.Drv_Iwdg_Init  drv_iwdg.o
    0x08002d6c   0x08002d6c   0x00000028   Code   RO         1166    .text.Drv_Opamp_Init  drv_opamp.o
    0x08002d94   0x08002d94   0x00000128   Code   RO         1178    .text.Drv_Pwm_Init  drv_pwm.o
    0x08002ebc   0x08002ebc   0x00000016   Code   RO         1239    .text.Drv_Sqrt_Init  drv_sqrt.o
    0x08002ed2   0x08002ed2   0x00000002   PAD
    0x08002ed4   0x08002ed4   0x0000006c   Code   RO         1253    .text.Drv_Tim16_Counter_Init  drv_counter.o
    0x08002f40   0x08002f40   0x000000a0   Code   RO         1269    .text.Drv_Tim17_PWM_Out_Init  drv_output.o
    0x08002fe0   0x08002fe0   0x000000c8   Code   RO         1287    .text.Drv_Tim3_Pwm_In_Init  drv_capture.o
    0x080030a8   0x080030a8   0x00000010   Code   RO         1257    .text.Drv_u32GetTim16CountVal  drv_counter.o
    0x080030b8   0x080030b8   0x00000010   Code   RO         1289    .text.Drv_vCaptureInit  drv_capture.o
    0x080030c8   0x080030c8   0x00000028   Code   RO         1271    .text.Drv_vPwmOutputInit  drv_output.o
    0x080030f0   0x080030f0   0x00000040   Code   RO         1273    .text.Drv_vSetOutputFreq  drv_output.o
    0x08003130   0x08003130   0x00000074   Code   RO         1321    .text.EEPROM_Read   drv_eep.o
    0x080031a4   0x080031a4   0x00000030   Code   RO         1323    .text.EEPROM_Write  drv_eep.o
    0x080031d4   0x080031d4   0x0000006c   Code   RO          371    .text.EHE_vErrorHandleTask  errorhandle.o
    0x08003240   0x08003240   0x0000001c   Code   RO          373    .text.EHE_vSetErrorCode  errorhandle.o
    0x0800325c   0x0800325c   0x00000002   Code   RO          137    .text.EXTI0_1_IRQHandler  mm32_it.o
    0x0800325e   0x0800325e   0x00000002   Code   RO          139    .text.EXTI2_3_IRQHandler  mm32_it.o
    0x08003260   0x08003260   0x00000028   Code   RO          141    .text.EXTI4_15_IRQHandler  mm32_it.o
    0x08003288   0x08003288   0x00000032   Code   RO          101    .text.EXTI9_NVIC_Config  board.o
    0x080032ba   0x080032ba   0x00000002   PAD
    0x080032bc   0x080032bc   0x00000014   Code   RO         1630    .text.EXTI_ClearFlag  hal_exti.o
    0x080032d0   0x080032d0   0x00000028   Code   RO         1628    .text.EXTI_GetFlagStatus  hal_exti.o
    0x080032f8   0x080032f8   0x000000f4   Code   RO         1622    .text.EXTI_Init     hal_exti.o
    0x080033ec   0x080033ec   0x00000054   Code   RO         1620    .text.EXTI_LineConfig  hal_exti.o
    0x08003440   0x08003440   0x00000018   Code   RO          103    .text.EXTI_NVIC_Init  board.o
    0x08003458   0x08003458   0x0000001c   Code   RO          769    .text.FCK_vInitSafeTime  fsclock.o
    0x08003474   0x08003474   0x000000e0   Code   RO          787    .text.FCN_vGetPhaseVoltage  fscommon.o
    0x08003554   0x08003554   0x00000024   Code   RO          791    .text.FCN_vGetThreePhaseVol  fscommon.o
    0x08003578   0x08003578   0x00000010   Code   RO          609    .text.FHE_vFunctionSafetyCheck  fshandle.o
    0x08003588   0x08003588   0x00000058   Code   RO          607    .text.FHE_vHandleTask  fshandle.o
    0x080035e0   0x080035e0   0x00000044   Code   RO         1034    .text.FIR_vCalcFilter  filter.o
    0x08003624   0x08003624   0x00000020   Code   RO         1036    .text.FIR_vInitFilterOutput  filter.o
    0x08003644   0x08003644   0x00000034   Code   RO         1658    .text.FLASH_ErasePage  hal_flash.o
    0x08003678   0x08003678   0x00000050   Code   RO         1688    .text.FLASH_GetStatus  hal_flash.o
    0x080036c8   0x080036c8   0x00000002   Code   RO          133    .text.FLASH_IRQHandler  mm32_it.o
    0x080036ca   0x080036ca   0x00000002   PAD
    0x080036cc   0x080036cc   0x0000000c   Code   RO         1652    .text.FLASH_Lock    hal_flash.o
    0x080036d8   0x080036d8   0x0000002c   Code   RO         1666    .text.FLASH_ProgramHalfWord  hal_flash.o
    0x08003704   0x08003704   0x0000001e   Code   RO         1319    .text.FLASH_SIM_EraseEE  drv_eep.o
    0x08003722   0x08003722   0x00000002   PAD
    0x08003724   0x08003724   0x00000064   Code   RO         1315    .text.FLASH_SIM_FindEmpty  drv_eep.o
    0x08003788   0x08003788   0x00000060   Code   RO         1329    .text.FLASH_SIM_ProgramEE  drv_eep.o
    0x080037e8   0x080037e8   0x000000c0   Code   RO         1325    .text.FLASH_SIM_WriteEE  drv_eep.o
    0x080038a8   0x080038a8   0x000000b6   Code   RO         1313    .text.FLASH_SIM_WriteLocate  drv_eep.o
    0x0800395e   0x0800395e   0x00000002   PAD
    0x08003960   0x08003960   0x00000018   Code   RO         1654    .text.FLASH_Unlock  hal_flash.o
    0x08003978   0x08003978   0x00000094   Code   RO         1660    .text.FLASH_WaitForLastOperation  hal_flash.o
    0x08003a0c   0x08003a0c   0x00000008   Code   RO          626    .text.FMC_u32GetSystickTimerCounter  fsmcu.o
    0x08003a14   0x08003a14   0x00000010   Code   RO          622    .text.FMC_vSetSystickTimerRegisters  fsmcu.o
    0x08003a24   0x08003a24   0x0000014c   Code   RO          399    .text.FOC_Current_Controller  foc_pmsm.o
    0x08003b70   0x08003b70   0x00000200   Code   RO          650    .text.FPL_vEvaluateCurrentAsymmetry  fsphaseloss.o
    0x08003d70   0x08003d70   0x00000164   Code   RO          648    .text.FPL_vEvaluateStaticVector  fsphaseloss.o
    0x08003ed4   0x08003ed4   0x00000188   Code   RO          652    .text.FPL_vEvaluateVoltageAsymmetry  fsphaseloss.o
    0x0800405c   0x0800405c   0x00000008   Code   RO          654    .text.FPL_vPhaseLossCheck  fsphaseloss.o
    0x08004064   0x08004064   0x00000024   Code   RO          640    .text.FPL_vPhaseLossEvaluation  fsphaseloss.o
    0x08004088   0x08004088   0x00000180   Code   RO          638    .text.FPL_vPhaselossprepareSamples  fsphaseloss.o
    0x08004208   0x08004208   0x0000006c   Code   RO         1014    .text.FPM_ulSqrt    math.o
    0x08004274   0x08004274   0x00000108   Code   RO         1012    .text.FPM_vCart2Pol  math.o
    0x0800437c   0x0800437c   0x00000008   Code   RO          686    .text.FRK_vCheckMotorLock  fsrotorlock.o
    0x08004384   0x08004384   0x00000188   Code   RO          682    .text.FRK_vCheckMotorLockComplex  fsrotorlock.o
    0x0800450c   0x0800450c   0x00000008   Code   RO          680    .text.FRK_vLockedRotorEvaluation  fsrotorlock.o
    0x08004514   0x08004514   0x00000090   Code   RO          676    .text.FRK_vcalcBemf  fsrotorlock.o
    0x080045a4   0x080045a4   0x000000bc   Code   RO          672    .text.FRK_vcalcCurrentVector  fsrotorlock.o
    0x08004660   0x08004660   0x00000094   Code   RO          674    .text.FRK_vcalcVoltageVector  fsrotorlock.o
    0x080046f4   0x080046f4   0x00000098   Code   RO          811    .text.FSM_bInitMonitors  fsmonitor.o
    0x0800478c   0x0800478c   0x00000090   Code   RO          807    .text.FSM_ucHandleTask  fsmonitor.o
    0x0800481c   0x0800481c   0x00000064   Code   RO          809    .text.FSM_vHandleMonitors  fsmonitor.o
    0x08004880   0x08004880   0x00000068   Code   RO          828    .text.FTE_bDataFilter  fstemperature.o
    0x080048e8   0x080048e8   0x00000104   Code   RO          834    .text.FTE_vCalculateNTCTemperature  fstemperature.o
    0x080049ec   0x080049ec   0x00000044   Code   RO          832    .text.FTE_vCalculateTemperature  fstemperature.o
    0x08004a30   0x08004a30   0x0000005c   Code   RO          836    .text.FTE_vEvaluationTemperature  fstemperature.o
    0x08004a8c   0x08004a8c   0x00000020   Code   RO          830    .text.FTE_vTemperatueInit  fstemperature.o
    0x08004aac   0x08004aac   0x0000006c   Code   RO          838    .text.FTE_vTemperatureCal  fstemperature.o
    0x08004b18   0x08004b18   0x00000098   Code   RO         2538    .text.FailSafePOR   iec60730_b_aux.o
    0x08004bb0   0x08004bb0   0x000000f8   Code   RO          471    .text.Fault_LED_Disp  statemachine.o
    0x08004ca8   0x08004ca8   0x00000150   Code   RO         2635    .text.Flashtest_config  iec60730_b_startup.o
    0x08004df8   0x08004df8   0x00000118   Code   RO         1716    .text.GPIO_Init     hal_gpio.o
    0x08004f10   0x08004f10   0x0000005e   Code   RO         1740    .text.GPIO_PinAFConfig  hal_gpio.o
    0x08004f6e   0x08004f6e   0x0000002c   Code   RO         1720    .text.GPIO_ReadInputDataBit  hal_gpio.o
    0x08004f9a   0x08004f9a   0x00000002   PAD
    0x08004f9c   0x08004f9c   0x00000024   Code   RO         1718    .text.GPIO_StructInit  hal_gpio.o
    0x08004fc0   0x08004fc0   0x00000070   Code   RO          393    .text.Get_ADC_Result  foc_pmsm.o
    0x08005030   0x08005030   0x00000010   Code   RO         1112    .text.HDIV_SignInit  drv_div.o
    0x08005040   0x08005040   0x00000002   Code   RO          143    .text.HWDIV_IRQHandler  mm32_it.o
    0x08005042   0x08005042   0x00000002   PAD
    0x08005044   0x08005044   0x0000003c   Code   RO         1241    .text.Hw_Sqrt       drv_sqrt.o
    0x08005080   0x08005080   0x00000002   Code   RO          171    .text.I2C1_IRQHandler  mm32_it.o
    0x08005082   0x08005082   0x00000002   PAD
    0x08005084   0x08005084   0x0000003c   Code   RO         2649    .text.IEC60730_B_CRC_StoreclassBData  iec60730_b_startup.o
    0x080050c0   0x080050c0   0x00000038   Code   RO         2605    .text.IEC60730_B_CpuRunTime_test  iec60730_b_runtimetest.o
    0x080050f8   0x080050f8   0x00000180   Code   RO         2615    .text.IEC60730_B_FlashRunTime_test  iec60730_b_runtimetest.o
    0x08005278   0x08005278   0x00000038   Code   RO         2639    .text.IEC60730_B_FullCpu_test  iec60730_b_startup.o
    0x080052b0   0x080052b0   0x000000a4   Code   RO         2720    .text.IEC60730_B_FullFlash_test  IEC60730B_M0_COM_KEIL_v1_0.lib(iec60730_b_flashtest.o)
    0x08005354   0x08005354   0x000000e0   Code   RO         2733    .text.IEC60730_B_TranspMarch  IEC60730B_M0_COM_KEIL_v1_0.lib(iec60730_b_transpram.o)
    0x08005434   0x08005434   0x00000028   Code   RO         2731    .text.IEC60730_B_TranspMarchInit  IEC60730B_M0_COM_KEIL_v1_0.lib(iec60730_b_transpram.o)
    0x0800545c   0x0800545c   0x00000108   Code   RO         2544    .text.IEC60730_B_WDGSelfTest  iec60730_b_aux.o
    0x08005564   0x08005564   0x00000148   Code   RO         2645    .text.IEC60730_B_startup  iec60730_b_startup.o
    0x080056ac   0x080056ac   0x00000084   Code   RO         2609    .text.IEC60730_CheckStack  iec60730_b_runtimetest.o
    0x08005730   0x08005730   0x00000054   Code   RO         2571    .text.IEC60730_ClockStartUpTest  iec60730_b_clocktest.o
    0x08005784   0x08005784   0x0000008c   Code   RO         2611    .text.IEC60730_ClockTest_RunTime  iec60730_b_runtimetest.o
    0x08005810   0x08005810   0x00000038   Code   RO         2641    .text.IEC60730_ClockTest_Startup  iec60730_b_startup.o
    0x08005848   0x08005848   0x000000e4   Code   RO         2613    .text.IEC60730_DoRunTimeChecks  iec60730_b_runtimetest.o
    0x0800592c   0x0800592c   0x0000001c   Code   RO         2718    .text.IEC60730_FlashCrc32Init  IEC60730B_M0_COM_KEIL_v1_0.lib(iec60730_b_flashtest.o)
    0x08005948   0x08005948   0x0000003c   Code   RO         2573    .text.IEC60730_InitClock_Xcross_Measurement  iec60730_b_clocktest.o
    0x08005984   0x08005984   0x00000134   Code   RO         2601    .text.IEC60730_InitRunTimeChecks  iec60730_b_runtimetest.o
    0x08005ab8   0x08005ab8   0x00000078   Code   RO         2567    .text.IEC60730_MainClockTest  iec60730_b_clocktest.o
    0x08005b30   0x08005b30   0x00000040   Code   RO         2607    .text.IEC60730_Stack_Check  iec60730_b_runtimetest.o
    0x08005b70   0x08005b70   0x00000058   Code   RO         2569    .text.IEC60730_clockrun_valuecheck  iec60730_b_clocktest.o
    0x08005bc8   0x08005bc8   0x00000118   Code   RO         2722    .text.IEC60730_crc32Run  IEC60730B_M0_COM_KEIL_v1_0.lib(iec60730_b_flashtest.o)
    0x08005ce0   0x08005ce0   0x0000000c   Code   RO         1834    .text.IWDG_Enable   hal_iwdg.o
    0x08005cec   0x08005cec   0x0000002c   Code   RO         1836    .text.IWDG_GetFlagStatus  hal_iwdg.o
    0x08005d18   0x08005d18   0x0000000c   Code   RO         1832    .text.IWDG_ReloadCounter  hal_iwdg.o
    0x08005d24   0x08005d24   0x00000020   Code   RO         1822    .text.IWDG_SetPrescaler  hal_iwdg.o
    0x08005d44   0x08005d44   0x0000001c   Code   RO         1826    .text.IWDG_SetReload  hal_iwdg.o
    0x08005d60   0x08005d60   0x00000018   Code   RO         1820    .text.IWDG_WriteAccessCmd  hal_iwdg.o
    0x08005d78   0x08005d78   0x0000027c   Code   RO          216    .text.Init_Parameter  user_function.o
    0x08005ff4   0x08005ff4   0x00000074   Code   RO          123    .text.Interrupt_Init  mm32_it.o
    0x08006068   0x08006068   0x00000078   Code   RO         2540    .text.Iwdg_Init     iec60730_b_aux.o
    0x080060e0   0x080060e0   0x00000104   Code   RO          463    .text.M1_FaultDetection  statemachine.o
    0x080061e4   0x080061e4   0x00000014   Code   RO          447    .text.M1_Fault_Fast  statemachine.o
    0x080061f8   0x080061f8   0x00000044   Code   RO          455    .text.M1_Fault_Slow  statemachine.o
    0x0800623c   0x0800623c   0x0000001c   Code   RO          449    .text.M1_Init_Fast  statemachine.o
    0x08006258   0x08006258   0x0000000c   Code   RO          457    .text.M1_Init_Slow  statemachine.o
    0x08006264   0x08006264   0x00000050   Code   RO          503    .text.M1_RunAlignFast  statemachine.o
    0x080062b4   0x080062b4   0x000000c0   Code   RO          523    .text.M1_RunAlignSlow  statemachine.o
    0x08006374   0x08006374   0x0000002c   Code   RO          501    .text.M1_RunBrakeFast  statemachine.o
    0x080063a0   0x080063a0   0x00000002   Code   RO          521    .text.M1_RunBrakeSlow  statemachine.o
    0x080063a2   0x080063a2   0x00000008   Code   RO          495    .text.M1_RunCalibFast  statemachine.o
    0x080063aa   0x080063aa   0x00000002   PAD
    0x080063ac   0x080063ac   0x0000000c   Code   RO          515    .text.M1_RunCalibSlow  statemachine.o
    0x080063b8   0x080063b8   0x00000050   Code   RO          509    .text.M1_RunFreewheelFast  statemachine.o
    0x08006408   0x08006408   0x00000060   Code   RO          529    .text.M1_RunFreewheelSlow  statemachine.o
    0x08006468   0x08006468   0x0000009c   Code   RO          497    .text.M1_RunReadyFast  statemachine.o
    0x08006504   0x08006504   0x00000010   Code   RO          517    .text.M1_RunReadySlow  statemachine.o
    0x08006514   0x08006514   0x00000054   Code   RO          507    .text.M1_RunSpinFast  statemachine.o
    0x08006568   0x08006568   0x0000006c   Code   RO          527    .text.M1_RunSpinSlow  statemachine.o
    0x080065d4   0x080065d4   0x00000178   Code   RO          505    .text.M1_RunStartupFast  statemachine.o
    0x0800674c   0x0800674c   0x00000184   Code   RO          525    .text.M1_RunStartupSlow  statemachine.o
    0x080068d0   0x080068d0   0x00000010   Code   RO          499    .text.M1_RunWindDetFast  statemachine.o
    0x080068e0   0x080068e0   0x00000050   Code   RO          519    .text.M1_RunWindDetSlow  statemachine.o
    0x08006930   0x08006930   0x00000034   Code   RO          453    .text.M1_Run_Fast   statemachine.o
    0x08006964   0x08006964   0x00000020   Code   RO          461    .text.M1_Run_Slow   statemachine.o
    0x08006984   0x08006984   0x00000038   Code   RO          451    .text.M1_Stop_Fast  statemachine.o
    0x080069bc   0x080069bc   0x0000002c   Code   RO          459    .text.M1_Stop_Slow  statemachine.o
    0x080069e8   0x080069e8   0x00000008   Code   RO          473    .text.M1_SwitchFaultStop  statemachine.o
    0x080069f0   0x080069f0   0x00000008   Code   RO          465    .text.M1_SwitchInitStop  statemachine.o
    0x080069f8   0x080069f8   0x00000020   Code   RO          531    .text.M1_SwitchRunAlignReady  statemachine.o
    0x08006a18   0x08006a18   0x00000054   Code   RO          533    .text.M1_SwitchRunAlignStartup  statemachine.o
    0x08006a6c   0x08006a6c   0x00000010   Code   RO          511    .text.M1_SwitchRunCalibReady  statemachine.o
    0x08006a7c   0x08006a7c   0x00000020   Code   RO          469    .text.M1_SwitchRunFault  statemachine.o
    0x08006a9c   0x08006a9c   0x00000024   Code   RO          545    .text.M1_SwitchRunFreewheelReady  statemachine.o
    0x08006ac0   0x08006ac0   0x00000008   Code   RO          477    .text.M1_SwitchRunReadyWindDet  statemachine.o
    0x08006ac8   0x08006ac8   0x00000018   Code   RO          543    .text.M1_SwitchRunSpinFreewheel  statemachine.o
    0x08006ae0   0x08006ae0   0x00000008   Code   RO          539    .text.M1_SwitchRunStartupFreewheel  statemachine.o
    0x08006ae8   0x08006ae8   0x00000078   Code   RO          541    .text.M1_SwitchRunStartupSpin  statemachine.o
    0x08006b60   0x08006b60   0x00000008   Code   RO          481    .text.M1_SwitchRunWindDetAlign  statemachine.o
    0x08006b68   0x08006b68   0x00000008   Code   RO          485    .text.M1_SwitchRunWindDetReady  statemachine.o
    0x08006b70   0x08006b70   0x00000008   Code   RO          467    .text.M1_SwitchStopFault  statemachine.o
    0x08006b78   0x08006b78   0x00000018   Code   RO          475    .text.M1_SwitchStopRun  statemachine.o
    0x08006b90   0x08006b90   0x0000006c   Code   RO          513    .text.MCFLIB_Clark_Sat_S16  statemachine.o
    0x08006bfc   0x08006bfc   0x00000070   Code   RO          896    .text.MCFLIB_Clark_Sat_S16  current.o
    0x08006c6c   0x08006c6c   0x00000068   Code   RO          405    .text.MCFLIB_InvPark_S16  foc_pmsm.o
    0x08006cd4   0x08006cd4   0x00000068   Code   RO          401    .text.MCFLIB_Park_S16  foc_pmsm.o
    0x08006d3c   0x08006d3c   0x00000008   Code   RO          191    .text.MIT_ptGetCaptureData  mm32_it.o
    0x08006d44   0x08006d44   0x00000068   Code   RO          230    .text.MLIB_AddSat_Q31  user_function.o
    0x08006dac   0x08006dac   0x00000010   Code   RO          537    .text.MLIB_Conv_Q15l  statemachine.o
    0x08006dbc   0x08006dbc   0x00000012   Code   RO          535    .text.MLIB_Conv_Q31s  statemachine.o
    0x08006dce   0x08006dce   0x00000046   Code   RO          224    .text.MLIB_FilterMA_Q15  user_function.o
    0x08006e14   0x08006e14   0x00000026   Code   RO          347    .text.MLIB_Mul_Q15  speedcontrol.o
    0x08006e3a   0x08006e3a   0x00000026   Code   RO          397    .text.MLIB_Mul_Q15  foc_pmsm.o
    0x08006e60   0x08006e60   0x00000026   Code   RO          491    .text.MLIB_Mul_Q15  statemachine.o
    0x08006e86   0x08006e86   0x00000026   Code   RO          678    .text.MLIB_Mul_Q15  fsrotorlock.o
    0x08006eac   0x08006eac   0x00000026   Code   RO          711    .text.MLIB_Mul_Q15  speedmonitor.o
    0x08006ed2   0x08006ed2   0x00000026   Code   RO          789    .text.MLIB_Mul_Q15  fscommon.o
    0x08006ef8   0x08006ef8   0x00000014   Code   RO          218    .text.MLIB_Neg_Q15  user_function.o
    0x08006f0c   0x08006f0c   0x00000014   Code   RO          403    .text.MLIB_Neg_Q15  foc_pmsm.o
    0x08006f20   0x08006f20   0x00000058   Code   RO          236    .text.MLIB_Sat_Q15  user_function.o
    0x08006f78   0x08006f78   0x0000001c   Code   RO          232    .text.MLIB_ShR_Q31  user_function.o
    0x08006f94   0x08006f94   0x00000070   Code   RO          234    .text.MLIB_SubSat_Q31  user_function.o
    0x08007004   0x08007004   0x00000010   Code   RO          284    .text.MOS_bGetInitStatus  modbus.o
    0x08007014   0x08007014   0x00000018   Code   RO          258    .text.MOS_vCallbackInit  modbus.o
    0x0800702c   0x0800702c   0x0000004c   Code   RO          276    .text.MOS_vCheckReadAllDataCommand  modbus.o
    0x08007078   0x08007078   0x0000004c   Code   RO          272    .text.MOS_vCheckWriteDataCommand  modbus.o
    0x080070c4   0x080070c4   0x0000000c   Code   RO          268    .text.MOS_vConfigureSlaveAddress  modbus.o
    0x080070d0   0x080070d0   0x00000048   Code   RO          262    .text.MOS_vDataReceiveInterrupt  modbus.o
    0x08007118   0x08007118   0x00000060   Code   RO          250    .text.MOS_vEventHandler  modbus.o
    0x08007178   0x08007178   0x000000d8   Code   RO          282    .text.MOS_vModBusHandler_2  modbus.o
    0x08007250   0x08007250   0x00000114   Code   RO          274    .text.MOS_vModbudFun6  modbus.o
    0x08007364   0x08007364   0x0000012c   Code   RO          278    .text.MOS_vModbusFun4  modbus.o
    0x08007490   0x08007490   0x00000024   Code   RO          264    .text.MOS_vModbusInit  modbus.o
    0x080074b4   0x080074b4   0x00000008   Code   RO          266    .text.MOS_vModbusProtocalConfig  modbus.o
    0x080074bc   0x080074bc   0x00000044   Code   RO          280    .text.MOS_vReadWriteDataCommon  modbus.o
    0x08007500   0x08007500   0x00000042   Code   RO          252    .text.MOS_vRegisterHandler  modbus.o
    0x08007542   0x08007542   0x00000002   PAD
    0x08007544   0x08007544   0x00000014   Code   RO          256    .text.MOS_vSlaveAddressUpdate  modbus.o
    0x08007558   0x08007558   0x00000038   Code   RO          260    .text.MOS_vTimeoutInterrupt  modbus.o
    0x08007590   0x08007590   0x0000002c   Code   RO          248    .text.MOS_vTriggerEvent  modbus.o
    0x080075bc   0x080075bc   0x00000002   Code   RO          254    .text.MOS_vWriteDataIntoEEP  modbus.o
    0x080075be   0x080075be   0x00000002   PAD
    0x080075c0   0x080075c0   0x00000098   Code   RO          493    .text.MOT_vAngleSmoothSwitch  statemachine.o
    0x08007658   0x08007658   0x0000001c   Code   RO         2550    .text.NMI_Handler   iec60730_b_aux.o
    0x08007674   0x08007674   0x0000002c   Code   RO          121    .text.NVIC_Configure  mm32_it.o
    0x080076a0   0x080076a0   0x0000007c   Code   RO         1866    .text.NVIC_Init     hal_misc.o
    0x0800771c   0x0800771c   0x00000038   Code   RO         1884    .text.OPAMP_Configure  hal_opamp.o
    0x08007754   0x08007754   0x000000b0   Code   RO          395    .text.PMSM_Obs      foc_pmsm.o
    0x08007804   0x08007804   0x00000002   Code   RO          129    .text.PVD_IRQHandler  mm32_it.o
    0x08007806   0x08007806   0x00000014   Code   RO         1824    .text.PVU_CheckStatus  hal_iwdg.o
    0x0800781a   0x0800781a   0x00000002   Code   RO          131    .text.PWM_IRQHandler  mm32_it.o
    0x0800781c   0x0800781c   0x00000078   Code   RO          489    .text.PWM_Update    statemachine.o
    0x08007894   0x08007894   0x00000048   Code   RO          109    .text.Peripheral_Init  board.o
    0x080078dc   0x080078dc   0x0000003c   Code   RO         1016    .text.QMATH_max     math.o
    0x08007918   0x08007918   0x00000034   Code   RO         1968    .text.RCC_AHBPeriphClockCmd  hal_rcc.o
    0x0800794c   0x0800794c   0x00000034   Code   RO         1972    .text.RCC_APB1PeriphClockCmd  hal_rcc.o
    0x08007980   0x08007980   0x00000034   Code   RO         1970    .text.RCC_APB2PeriphClockCmd  hal_rcc.o
    0x080079b4   0x080079b4   0x00000020   Code   RO         1992    .text.RCC_ClearITPendingBit  hal_rcc.o
    0x080079d4   0x080079d4   0x00000024   Code   RO         1982    .text.RCC_ClockSecuritySystemCmd  hal_rcc.o
    0x080079f8   0x080079f8   0x000000f4   Code   RO         2024    .text.RCC_GPIO_ClockCmd  hal_rcc.o
    0x08007aec   0x08007aec   0x0000006c   Code   RO         1930    .text.RCC_GetFlagStatus  hal_rcc.o
    0x08007b58   0x08007b58   0x00000018   Code   RO         1960    .text.RCC_GetHCLKFreq  hal_rcc.o
    0x08007b70   0x08007b70   0x0000001c   Code   RO         1962    .text.RCC_GetPCLK1Freq  hal_rcc.o
    0x08007b8c   0x08007b8c   0x00000020   Code   RO         1964    .text.RCC_GetPCLK2Freq  hal_rcc.o
    0x08007bac   0x08007bac   0x000000c4   Code   RO         1958    .text.RCC_GetSysClockFreq  hal_rcc.o
    0x08007c70   0x08007c70   0x00000002   Code   RO          135    .text.RCC_IRQHandler  mm32_it.o
    0x08007c72   0x08007c72   0x00000002   PAD
    0x08007c74   0x08007c74   0x00000024   Code   RO         1956    .text.RCC_LSICmd    hal_rcc.o
    0x08007c98   0x08007c98   0x0000008c   Code   RO         2030    .text.RCC_UART_ClockCmd  hal_rcc.o
    0x08007d24   0x08007d24   0x00000260   Code   RO          646    .text.RMP_vOpenPhaseCheckComplex  fsphaseloss.o
    0x08007f84   0x08007f84   0x00000014   Code   RO         1828    .text.RVU_CheckStatus  hal_iwdg.o
    0x08007f98   0x08007f98   0x0000003c   Code   RO         2637    .text.Ramtest_config  iec60730_b_startup.o
    0x08007fd4   0x08007fd4   0x00000068   Code   RO          341    .text.SCL_bDataFilter  speedcontrol.o
    0x0800803c   0x0800803c   0x000001e4   Code   RO          345    .text.SCL_vCalcualteTargetSpeed  speedcontrol.o
    0x08008220   0x08008220   0x00000048   Code   RO          343    .text.SCL_vCalculateActualSpeedFromPU  speedcontrol.o
    0x08008268   0x08008268   0x000000c8   Code   RO          339    .text.SCL_vMotorDirectionCheck  speedcontrol.o
    0x08008330   0x08008330   0x000000ac   Code   RO          353    .text.SCL_vSpeedControlHandle  speedcontrol.o
    0x080083dc   0x080083dc   0x00000158   Code   RO          351    .text.SCL_vSpeedControlModbusHandle  speedcontrol.o
    0x08008534   0x08008534   0x00000078   Code   RO          349    .text.SCL_vSpeedControlPWMHandle  speedcontrol.o
    0x080085ac   0x080085ac   0x0000002a   Code   RO         1068    .text.SMP_vWriteWordN  simeep.o
    0x080085d6   0x080085d6   0x00000008   Code   RO          725    .text.SMR_vCheckSpeedMonitor  speedmonitor.o
    0x080085de   0x080085de   0x00000002   PAD
    0x080085e0   0x080085e0   0x0000013c   Code   RO          723    .text.SMR_vCheckSpeedMonitorImplement  speedmonitor.o
    0x0800871c   0x0800871c   0x0000024c   Code   RO          713    .text.SMR_vIndependentMotorModelCalculation  speedmonitor.o
    0x08008968   0x08008968   0x00000008   Code   RO          721    .text.SMR_vSpeedEvaluation  speedmonitor.o
    0x08008970   0x08008970   0x00000028   Code   RO          719    .text.SMR_vSpeedEvaluationComplex  speedmonitor.o
    0x08008998   0x08008998   0x00000002   Code   RO          175    .text.SPI1_IRQHandler  mm32_it.o
    0x0800899a   0x0800899a   0x00000002   Code   RO          177    .text.SPI2_IRQHandler  mm32_it.o
    0x0800899c   0x0800899c   0x00000014   Code   RO          767    .text.STK_tGetSafeTime  fsclock.o
    0x080089b0   0x080089b0   0x00000018   Code   RO          187    .text.STK_vSetGenericTimerCallbackFunc  mm32_it.o
    0x080089c8   0x080089c8   0x000000ec   Code   RO          765    .text.STK_vTriggerSafeTime  fsclock.o
    0x08008ab4   0x08008ab4   0x0000000e   Code   RO         2500    .text.SetSysClock   system_mm32spin0280.o
    0x08008ac2   0x08008ac2   0x00000002   PAD
    0x08008ac4   0x08008ac4   0x00000060   Code   RO         2498    .text.SetSysClockToDefaultHSI  system_mm32spin0280.o
    0x08008b24   0x08008b24   0x00000190   Code   RO         2506    .text.SetSysClockWithHsiPLL  system_mm32spin0280.o
    0x08008cb4   0x08008cb4   0x00000058   Code   RO         2603    .text.SysTick_Config  iec60730_b_runtimetest.o
    0x08008d0c   0x08008d0c   0x00000198   Code   RO         2552    .text.SysTick_Handler  iec60730_b_aux.o
    0x08008ea4   0x08008ea4   0x000000cc   Code   RO         2504    .text.SystemCoreClockUpdate  system_mm32spin0280.o
    0x08008f70   0x08008f70   0x0000000c   Code   RO         2496    .text.SystemInit    system_mm32spin0280.o
    0x08008f7c   0x08008f7c   0x00000054   Code   RO         2137    .text.TI1_Configure  hal_tim.o
    0x08008fd0   0x08008fd0   0x0000005a   Code   RO         2141    .text.TI2_Configure  hal_tim.o
    0x0800902a   0x0800902a   0x0000005a   Code   RO         2145    .text.TI3_Configure  hal_tim.o
    0x08009084   0x08009084   0x0000005e   Code   RO         2149    .text.TI4_Configure  hal_tim.o
    0x080090e2   0x080090e2   0x00000002   Code   RO          163    .text.TIM14_IRQHandler  mm32_it.o
    0x080090e4   0x080090e4   0x00000002   Code   RO          167    .text.TIM16_IRQHandler  mm32_it.o
    0x080090e6   0x080090e6   0x00000002   Code   RO          169    .text.TIM17_IRQHandler  mm32_it.o
    0x080090e8   0x080090e8   0x00000038   Code   RO          153    .text.TIM1_BRK_UP_TRG_COM_IRQHandler  mm32_it.o
    0x08009120   0x08009120   0x00000002   Code   RO          155    .text.TIM1_CC_IRQHandler  mm32_it.o
    0x08009122   0x08009122   0x00000002   PAD
    0x08009124   0x08009124   0x00000114   Code   RO         2581    .text.TIM2_IRQHandler  iec60730_b_clocktest.o
    0x08009238   0x08009238   0x00000048   Code   RO          157    .text.TIM3_IRQHandler  mm32_it.o
    0x08009280   0x08009280   0x00000002   Code   RO          159    .text.TIM8_BRK_UP_TRG_COM_IRQHandler  mm32_it.o
    0x08009282   0x08009282   0x00000002   Code   RO          161    .text.TIM8_CC_IRQHandler  mm32_it.o
    0x08009284   0x08009284   0x00000034   Code   RO         2205    .text.TIM_ARRPreloadConfig  hal_tim.o
    0x080092b8   0x080092b8   0x00000034   Code   RO         2155    .text.TIM_BDTRConfig  hal_tim.o
    0x080092ec   0x080092ec   0x00000034   Code   RO         2251    .text.TIM_CCxCmd    hal_tim.o
    0x08009320   0x08009320   0x0000001e   Code   RO         2299    .text.TIM_ClearFlag  hal_tim.o
    0x0800933e   0x0800933e   0x0000001e   Code   RO         2303    .text.TIM_ClearITPendingBit  hal_tim.o
    0x0800935c   0x0800935c   0x00000034   Code   RO         2165    .text.TIM_Cmd       hal_tim.o
    0x08009390   0x08009390   0x00000038   Code   RO         2167    .text.TIM_CtrlPWMOutputs  hal_tim.o
    0x080093c8   0x080093c8   0x000000a4   Code   RO         2123    .text.TIM_DeInit    hal_tim.o
    0x0800946c   0x0800946c   0x00000010   Code   RO         2285    .text.TIM_GetCapture1  hal_tim.o
    0x0800947c   0x0800947c   0x00000010   Code   RO         2287    .text.TIM_GetCapture2  hal_tim.o
    0x0800948c   0x0800948c   0x00000010   Code   RO         2291    .text.TIM_GetCapture4  hal_tim.o
    0x0800949c   0x0800949c   0x00000010   Code   RO         2293    .text.TIM_GetCounter  hal_tim.o
    0x080094ac   0x080094ac   0x0000002a   Code   RO         2297    .text.TIM_GetFlagStatus  hal_tim.o
    0x080094d6   0x080094d6   0x00000046   Code   RO         2301    .text.TIM_GetITStatus  hal_tim.o
    0x0800951c   0x0800951c   0x000000c0   Code   RO         2135    .text.TIM_ICInit    hal_tim.o
    0x080095dc   0x080095dc   0x00000024   Code   RO         2161    .text.TIM_ICStructInit  hal_tim.o
    0x08009600   0x08009600   0x0000003c   Code   RO         2169    .text.TIM_ITConfig  hal_tim.o
    0x0800963c   0x0800963c   0x000000a4   Code   RO         2127    .text.TIM_OC1Init   hal_tim.o
    0x080096e0   0x080096e0   0x00000026   Code   RO         2213    .text.TIM_OC1PreloadConfig  hal_tim.o
    0x08009706   0x08009706   0x00000002   PAD
    0x08009708   0x08009708   0x0000009c   Code   RO         2129    .text.TIM_OC2Init   hal_tim.o
    0x080097a4   0x080097a4   0x0000002a   Code   RO         2215    .text.TIM_OC2PreloadConfig  hal_tim.o
    0x080097ce   0x080097ce   0x00000002   PAD
    0x080097d0   0x080097d0   0x00000090   Code   RO         2131    .text.TIM_OC3Init   hal_tim.o
    0x08009860   0x08009860   0x00000026   Code   RO         2217    .text.TIM_OC3PreloadConfig  hal_tim.o
    0x08009886   0x08009886   0x00000002   PAD
    0x08009888   0x08009888   0x00000080   Code   RO         2133    .text.TIM_OC4Init   hal_tim.o
    0x08009908   0x08009908   0x0000002e   Code   RO         2159    .text.TIM_OCStructInit  hal_tim.o
    0x08009936   0x08009936   0x000000d8   Code   RO         2153    .text.TIM_PWMIConfig  hal_tim.o
    0x08009a0e   0x08009a0e   0x00000026   Code   RO         2181    .text.TIM_SelectInputTrigger  hal_tim.o
    0x08009a34   0x08009a34   0x00000026   Code   RO         2267    .text.TIM_SelectSlaveMode  hal_tim.o
    0x08009a5a   0x08009a5a   0x0000001a   Code   RO         2271    .text.TIM_SetAutoreload  hal_tim.o
    0x08009a74   0x08009a74   0x00000026   Code   RO         2139    .text.TIM_SetIC1Prescaler  hal_tim.o
    0x08009a9a   0x08009a9a   0x0000002a   Code   RO         2143    .text.TIM_SetIC2Prescaler  hal_tim.o
    0x08009ac4   0x08009ac4   0x00000026   Code   RO         2147    .text.TIM_SetIC3Prescaler  hal_tim.o
    0x08009aea   0x08009aea   0x0000002a   Code   RO         2151    .text.TIM_SetIC4Prescaler  hal_tim.o
    0x08009b14   0x08009b14   0x000000cc   Code   RO         2125    .text.TIM_TimeBaseInit  hal_tim.o
    0x08009be0   0x08009be0   0x00000024   Code   RO         2157    .text.TIM_TimeBaseStructInit  hal_tim.o
    0x08009c04   0x08009c04   0x00000078   Code   RO         1190    .text.TIM_bBrakeUpdate  drv_pwm.o
    0x08009c7c   0x08009c7c   0x00000090   Code   RO         1184    .text.TIM_bSetOutputConfig  drv_pwm.o
    0x08009d0c   0x08009d0c   0x00000040   Code   RO         1186    .text.TIM_vDutyCycleToCompare  drv_pwm.o
    0x08009d4c   0x08009d4c   0x00000064   Code   RO         1180    .text.TIM_vSetCompareValues  drv_pwm.o
    0x08009db0   0x08009db0   0x00000060   Code   RO         1182    .text.TIM_vSetOutputs  drv_pwm.o
    0x08009e10   0x08009e10   0x00000048   Code   RO         1048    .text.TRR_vClarkeTrans  transfer.o
    0x08009e58   0x08009e58   0x0000004c   Code   RO          322    .text.TSE_vAdaptInterfaceFromFlag2TaskCall  timeslice.o
    0x08009ea4   0x08009ea4   0x00000050   Code   RO          324    .text.TSE_vRegisterHandler  timeslice.o
    0x08009ef4   0x08009ef4   0x00000078   Code   RO          326    .text.TSE_vSliceTaskHandle  timeslice.o
    0x08009f6c   0x08009f6c   0x000000a4   Code   RO         2579    .text.Tim2_Init     iec60730_b_clocktest.o
    0x0800a010   0x0800a010   0x00000002   Code   RO          179    .text.UART1_IRQHandler  mm32_it.o
    0x0800a012   0x0800a012   0x00000002   PAD
    0x0800a014   0x0800a014   0x00000024   Code   RO          181    .text.UART2_IRQHandler  mm32_it.o
    0x0800a038   0x0800a038   0x00000002   Code   RO          185    .text.UART3_IRQHandler  mm32_it.o
    0x0800a03a   0x0800a03a   0x0000001a   Code   RO         2367    .text.UART_ClearITPendingBit  hal_uart.o
    0x0800a054   0x0800a054   0x00000026   Code   RO         2353    .text.UART_Cmd      hal_uart.o
    0x0800a07a   0x0800a07a   0x0000002c   Code   RO         2363    .text.UART_GetFlagStatus  hal_uart.o
    0x0800a0a6   0x0800a0a6   0x0000002c   Code   RO         2365    .text.UART_GetITStatus  hal_uart.o
    0x0800a0d2   0x0800a0d2   0x00000042   Code   RO         2355    .text.UART_ITConfig  hal_uart.o
    0x0800a114   0x0800a114   0x000000b4   Code   RO         2349    .text.UART_Init     hal_uart.o
    0x0800a1c8   0x0800a1c8   0x00000012   Code   RO         2361    .text.UART_ReceiveData  hal_uart.o
    0x0800a1da   0x0800a1da   0x0000001a   Code   RO         2359    .text.UART_SendData  hal_uart.o
    0x0800a1f4   0x0800a1f4   0x0000002e   Code   RO         2351    .text.UART_StructInit  hal_uart.o
    0x0800a222   0x0800a222   0x00000002   PAD
    0x0800a224   0x0800a224   0x00000024   Code   RO         1225    .text.UART_bUARTTXBUFEMPT  drv_sci.o
    0x0800a248   0x0800a248   0x00000090   Code   RO         1209    .text.UART_vCONSOLE_Init  drv_sci.o
    0x0800a2d8   0x0800a2d8   0x00000020   Code   RO         1215    .text.UART_vGetUARTData  drv_sci.o
    0x0800a2f8   0x0800a2f8   0x0000000c   Code   RO         1223    .text.UART_vModbusTxDisable  drv_sci.o
    0x0800a304   0x0800a304   0x00000038   Code   RO         1211    .text.UART_vNVICConfigure  drv_sci.o
    0x0800a33c   0x0800a33c   0x00000018   Code   RO          189    .text.UART_vSetUartReceiveCallbackFunc  mm32_it.o
    0x0800a354   0x0800a354   0x0000004c   Code   RO         1213    .text.UART_vWriteData  drv_sci.o
    0x0800a3a0   0x0800a3a0   0x000000ac   Code   RO          226    .text.UFN_vBackwardParamStartupInit  user_function.o
    0x0800a44c   0x0800a44c   0x000000b8   Code   RO          228    .text.UFN_vForwardParamStartupInit  user_function.o
    0x0800a504   0x0800a504   0x000000d0   Code   RO          954    .text.VOL_bCheckOverVoltageCondition  voltage.o
    0x0800a5d4   0x0800a5d4   0x000000c8   Code   RO          952    .text.VOL_bCheckUnderVoltageCondition  voltage.o
    0x0800a69c   0x0800a69c   0x000000e4   Code   RO          956    .text.VOL_bHandleTask  voltage.o
    0x0800a780   0x0800a780   0x0000006c   Code   RO          946    .text.VOL_bInitDcLinkVoltageMeasurement  voltage.o
    0x0800a7ec   0x0800a7ec   0x0000008c   Code   RO          948    .text.VOL_bVoltageErrorDetection  voltage.o
    0x0800a878   0x0800a878   0x00000008   Code   RO          936    .text.VOL_tGetDclVolRawSampleQ  voltage.o
    0x0800a880   0x0800a880   0x00000008   Code   RO          932    .text.VOL_tGetDclVolV  voltage.o
    0x0800a888   0x0800a888   0x00000008   Code   RO          942    .text.VOL_tGetInternalVoltRefVolmV  voltage.o
    0x0800a890   0x0800a890   0x00000038   Code   RO          944    .text.VOL_tReadVoltageValue  voltage.o
    0x0800a8c8   0x0800a8c8   0x00000054   Code   RO          958    .text.VOL_vCalcVolLowPassFilters  voltage.o
    0x0800a91c   0x0800a91c   0x00000030   Code   RO          926    .text.VOL_vCalculateRefVolt  voltage.o
    0x0800a94c   0x0800a94c   0x0000003c   Code   RO          950    .text.VOL_vCheckInternalReferenceVoltageCondition  voltage.o
    0x0800a988   0x0800a988   0x00000018   Code   RO          924    .text.VOL_vConstValueInit  voltage.o
    0x0800a9a0   0x0800a9a0   0x0000018c   Code   RO          934    .text.VOL_vTrackVoltageValues  voltage.o
    0x0800ab2c   0x0800ab2c   0x00000068   Code   RO          928    .text.VOL_vUpdateValue  voltage.o
    0x0800ab94   0x0800ab94   0x00000044   Code   RO          222    .text.Var_Filt      user_function.o
    0x0800abd8   0x0800abd8   0x0000000e   Code   RO           21    .text.WDG_Init      main.o
    0x0800abe6   0x0800abe6   0x00000008   Code   RO           23    .text.WDG_Refresh   main.o
    0x0800abee   0x0800abee   0x00000002   PAD
    0x0800abf0   0x0800abf0   0x00000114   Code   RO          581    .text.WDN_bEstimateStartupScenario  winddetection.o
    0x0800ad04   0x0800ad04   0x0000008c   Code   RO          583    .text.WDN_vAnalyzeStartPower  winddetection.o
    0x0800ad90   0x0800ad90   0x00000178   Code   RO          585    .text.WDN_vConfigureStartupParam  winddetection.o
    0x0800af08   0x0800af08   0x0000000c   Code   RO         2458    .text.WWDG_DeInit   hal_wwdg.o
    0x0800af14   0x0800af14   0x0000001c   Code   RO         2470    .text.WWDG_Enable   hal_wwdg.o
    0x0800af30   0x0800af30   0x00000002   Code   RO          127    .text.WWDG_IRQHandler  mm32_it.o
    0x0800af32   0x0800af32   0x00000046   Code   RO         2542    .text.WWDG_Init     iec60730_b_aux.o
    0x0800af78   0x0800af78   0x0000001c   Code   RO         2460    .text.WWDG_SetPrescaler  hal_wwdg.o
    0x0800af94   0x0800af94   0x00000024   Code   RO         2462    .text.WWDG_SetWindowValue  hal_wwdg.o
    0x0800afb8   0x0800afb8   0x00000088   Code   RO          125    .text.__NVIC_SetPriority  mm32_it.o
    0x0800b040   0x0800b040   0x0000008c   Code   RO         2617    .text.__NVIC_SetPriority  iec60730_b_runtimetest.o
    0x0800b0cc   0x0800b0cc   0x0000001c   Code   RO         2546    .text.__NVIC_SystemReset  iec60730_b_aux.o
    0x0800b0e8   0x0800b0e8   0x00000044   Code   RO         2647    .text.control_flow_check_point  iec60730_b_startup.o
    0x0800b12c   0x0800b12c   0x0000006c   Code   RO          308    .text.crc16         modbuscrc.o
    0x0800b198   0x0800b198   0x0000004a   Code   RO         2508    .text.delay_x_cycle  system_mm32spin0280.o
    0x0800b1e2   0x0800b1e2   0x00000002   PAD
    0x0800b1e4   0x0800b1e4   0x0000007c   Code   RO         1868    .text.exNVIC_Init   hal_misc.o
    0x0800b260   0x0800b260   0x00000024   Code   RO         2000    .text.exRCC_APB1PeriphReset  hal_rcc.o
    0x0800b284   0x0800b284   0x00000024   Code   RO         2004    .text.exRCC_APB2PeriphReset  hal_rcc.o
    0x0800b2a8   0x0800b2a8   0x00000038   Code   RO         2524    .text.fputc         uart_classb.o
    0x0800b2e0   0x0800b2e0   0x00000074   Code   RO           25    .text.main          main.o
    0x0800b354   0x0800b354   0x000000b4   Code   RO          220    .text.variable_reset  user_function.o
    0x0800b408   0x0800b408   0x00000020   Code   RO         2761    i.__0printf         mc_p.l(printfa.o)
    0x0800b428   0x0800b428   0x0000002e   Code   RO         2842    i.__ARM_clz         mf_p.l(depilogue.o)
    0x0800b456   0x0800b456   0x0000000e   Code   RO         2852    i.__scatterload_copy  mc_p.l(handlers.o)
    0x0800b464   0x0800b464   0x00000002   Code   RO         2853    i.__scatterload_null  mc_p.l(handlers.o)
    0x0800b466   0x0800b466   0x0000000e   Code   RO         2854    i.__scatterload_zeroinit  mc_p.l(handlers.o)
    0x0800b474   0x0800b474   0x00000174   Code   RO         2768    i._fp_digits        mc_p.l(printfa.o)
    0x0800b5e8   0x0800b5e8   0x000006ec   Code   RO         2769    i._printf_core      mc_p.l(printfa.o)
    0x0800bcd4   0x0800bcd4   0x00000020   Code   RO         2770    i._printf_post_padding  mc_p.l(printfa.o)
    0x0800bcf4   0x0800bcf4   0x0000002c   Code   RO         2771    i._printf_pre_padding  mc_p.l(printfa.o)
    0x0800bd20   0x0800bd20   0x00000200   Data   RO         2682    .constdata          MLIB.lib(mlib.o)
    0x0800bf20   0x0800bf20   0x00000008   Data   RO          911    .rodata.CUR_tParaBridge1  current.o
    0x0800bf28   0x0800bf28   0x00000020   Data   RO         1022    .rodata.FPM_tCordicAngleTabQ15  math.o
    0x0800bf48   0x0800bf48   0x00000018   Data   RO          815    .rodata.FSM_atMonitorConfig  fsmonitor.o
    0x0800bf60   0x0800bf60   0x00000010   Data   RO          817    .rodata.FSM_atMonitorInitFcts  fsmonitor.o
    0x0800bf70   0x0800bf70   0x000000c8   Data   RO          840    .rodata.FTE_au16NTCTemperatureArray  fstemperature.o
    0x0800c038   0x0800c038   0x0000003c   Data   RO         1192    .rodata.PWM_ucChannelConfig  drv_pwm.o
    0x0800c074   0x0800c074   0x00000100   Data   RO          310    .rodata.auchCRCHi   modbuscrc.o
    0x0800c174   0x0800c174   0x00000100   Data   RO          311    .rodata.auchCRCLo   modbuscrc.o
    0x0800c274   0x0800c274   0x00000020   Data   RO          551    .rodata.s_M1_STATE_RUN_TABLE_FAST  statemachine.o
    0x0800c294   0x0800c294   0x00000020   Data   RO          554    .rodata.s_M1_STATE_RUN_TABLE_SLOW  statemachine.o
    0x0800c2b4   0x0800c2b4   0x00000010   Data   RO          549    .rodata.s_STATE_FAST  statemachine.o
    0x0800c2c4   0x0800c2c4   0x00000010   Data   RO          550    .rodata.s_STATE_SLOW  statemachine.o
    0x0800c2d4   0x0800c2d4   0x00000025   Data   RO           27    .rodata.str1.1      main.o
    0x0800c2f9   0x0800c2f9   0x00000142   Data   RO         2554    .rodata.str1.1      iec60730_b_aux.o
    0x0800c43b   0x0800c43b   0x00000178   Data   RO         2621    .rodata.str1.1      iec60730_b_runtimetest.o
    0x0800c5b3   0x0800c5b3   0x00000010   Data   RO         2034    .rodata.tbPresc     hal_rcc.o
    0x0800c5c3   0x0800c5c3   0x00000001   PAD
    0x0800c5c4   0x0800c5c4   0x00000070   Data   RO         2850    Region$$Table       anon$$obj.o
    0x0800c634   0x0800c634   0x0000000c   PAD
    0x0800c640   0x0800c640   0x00000004   Data   RO         2489    CHECKSUM            startup_mm32spin0280_keil.o


    Execution Region RAM_BUF (Exec base: 0x20000000, Load base: 0x0800c644, Size: 0x00000020, Max: 0x00000020, ABSOLUTE, UNINIT)

    Exec Addr    Load Addr    Size         Type   Attr      Idx    E Section Name        Object

    0x20000000   0x0800c644   0x00000020   Data   RW         2666    RUN_TIME_RAM_BUF    iec60730_b_startup.o


    Execution Region RAM_PNT (Exec base: 0x20000020, Load base: 0x0800c664, Size: 0x00000010, Max: 0x00000010, ABSOLUTE, UNINIT)

    Exec Addr    Load Addr    Size         Type   Attr      Idx    E Section Name        Object

    0x20000020   0x0800c664   0x00000010   Data   RW         2667    RUN_TIME_RAM_PNT    iec60730_b_startup.o


    Execution Region CLASSB (Exec base: 0x20000030, Load base: 0x0800c674, Size: 0x00000028, Max: 0x00000028, ABSOLUTE, UNINIT)

    Exec Addr    Load Addr    Size         Type   Attr      Idx    E Section Name        Object

    0x20000030   0x0800c674   0x00000028   Data   RW         2651    CLASS_B_RAM         iec60730_b_startup.o


    Execution Region CLASSB_INV (Exec base: 0x20000058, Load base: 0x0800c69c, Size: 0x00000024, Max: 0x00000028, ABSOLUTE, UNINIT)

    Exec Addr    Load Addr    Size         Type   Attr      Idx    E Section Name        Object

    0x20000058   0x0800c69c   0x00000024   Data   RW         2652    CLASS_B_RAM_REV     iec60730_b_startup.o


    Execution Region RW_IRAM1 (Exec base: 0x20000080, Load base: 0x0800c6c0, Size: 0x00000764, Max: 0x00001b70, ABSOLUTE)

    Exec Addr    Load Addr    Size         Type   Attr      Idx    E Section Name        Object

    0x20000080   0x0800c6c0   0x00000004   Data   RW         2828    .data               mc_p.l(stdout.o)
    0x20000084   0x0800c6c4   0x00000004   Data   RW          902    .data.CUR_tFilterCoefCurRMS  current.o
    0x20000088   0x0800c6c8   0x00000004   Data   RW          912    .data.CUR_tFilterCoefImax  current.o
    0x2000008c   0x0800c6cc   0x00000004   Data   RW          913    .data.CUR_tFilterCoefIq  current.o
    0x20000090   0x0800c6d0   0x00000004   Data   RW          910    .data.CUR_tFilterCoefOffset  current.o
    0x20000094   0x0800c6d4   0x00000014   Data   RW          657    .data.FPL_tPhaseLossPara  fsphaseloss.o
    0x200000a8   0x0800c6e8   0x00000008   Data   RW          692    .data.FRK_tParaRotorLock  fsrotorlock.o
    0x200000b0   0x0800c6f0   0x00000004   Data   RW          691    .data.FRK_u32CurrentImpedance  fsrotorlock.o
    0x200000b4   0x0800c6f4   0x00000008   Data   RW          287    .data.MOS_aucReadAllData  modbus.o
    0x200000bc   0x0800c6fc   0x00000008   Data   RW          288    .data.MOS_aucWriteData  modbus.o
    0x200000c4   0x0800c704   0x00000001   Data   RW          297    .data.MOS_u8IntervalTime  modbus.o
    0x200000c5   0x0800c705   0x00000001   Data   RW          563    .data.Motor_bStartClose  statemachine.o
    0x200000c6   0x0800c706   0x00000018   Data   RW          290    .data.RegData       modbus.o
    0x200000de   0x0800c71e   0x00000002   PAD
    0x200000e0   0x0800c720   0x0000002c   Data   RW          357    .data.SCL_tSpeedControlData  speedcontrol.o
    0x2000010c   0x0800c74c   0x00000008   Data   RW          358    .data.SCL_tSpeedControlPara  speedcontrol.o
    0x20000114   0x0800c754   0x00000014   Data   RW          754    .data.SMR_tFSVParaSecond  speedmonitor.o
    0x20000128   0x0800c768   0x00000004   Data   RW          748    .data.SMR_tFilterCoeEmf  speedmonitor.o
    0x2000012c   0x0800c76c   0x00000004   Data   RW          751    .data.SMR_tFilterCoeSpd  speedmonitor.o
    0x20000130   0x0800c770   0x00000004   Data   RW          775    .data.STK_u32NbrOfTicksErrorCheck  fsclock.o
    0x20000134   0x0800c774   0x00000004   Data   RW          773    .data.STK_u32WaitSystemInit  fsclock.o
    0x20000138   0x0800c778   0x00000004   Data   RW         2510    .data.SystemCoreClock  system_mm32spin0280.o
    0x2000013c   0x0800c77c   0x00000002   Data   RW         1196    .data.TIM_u16BrakeDutyCycle  drv_pwm.o
    0x2000013e   0x0800c77e   0x00000001   Data   RW          988    .data.VOL_bVoltageSampleRefreshed  voltage.o
    0x2000013f   0x0800c77f   0x00000001   PAD
    0x20000140   0x0800c780   0x00000004   Data   RW         1001    .data.VOL_tDclPeakVoltageFilterConst  voltage.o
    0x20000144   0x0800c784   0x00000004   Data   RW          977    .data.VOL_tDclVolMinTrackQ  voltage.o
    0x20000148   0x0800c788   0x00000008   Data   RW          991    .data.VOL_tSafeTimeStamp  voltage.o
    0x20000150   0x0800c790   0x00000004   Data   RW          999    .data.VOL_tVoltageFilterConst  voltage.o
    0x20000154   0x0800c794   0x00000004   Data   RW          978    .data.VOL_ucPeriodSampleCtr  voltage.o
    0x20000158   0x0800c798   0x00000006   Data   RW          589    .data.WDN_tOverCurrentZeroHighSpdPara  winddetection.o
    0x2000015e   0x0800c79e   0x00000006   Data   RW          587    .data.WDN_tOverCurrentZeroPara  winddetection.o
    0x20000164   0x0800c7a4   0x00000006   Data   RW          592    .data.WDN_tWindDetectionPara  winddetection.o
    0x2000016a   0x0800c7aa   0x00000001   Data   RW          547    .data.eM1_MainState  statemachine.o
    0x2000016b   0x0800c7ab   0x00000005   PAD
    0x20000170        -       0x00000002   Zero   RW          200    .bss.ADC2_IRQHandler.u16Cnt  mm32_it.o
    0x20000172   0x0800c7ab   0x00000002   PAD
    0x20000174        -       0x00000004   Zero   RW          198    .bss.ADC2_IRQHandler.u32IaSum  mm32_it.o
    0x20000178        -       0x00000004   Zero   RW          199    .bss.ADC2_IRQHandler.u32IbSum  mm32_it.o
    0x2000017c        -       0x00000001   Zero   RW          196    .bss.ADC2_IRQHandler.u8ADCTimeCnt  mm32_it.o
    0x2000017d        -       0x00000001   Zero   RW          197    .bss.ADC2_IRQHandler.u8ADCTimeCnt2  mm32_it.o
    0x2000017e   0x0800c7ab   0x00000002   PAD
    0x20000180        -       0x00000004   Zero   RW         2659    .bss.App_FLASH_BLOCK_WORDS  iec60730_b_startup.o
    0x20000184        -       0x00000004   Zero   RW         2660    .bss.App_REF_CRC32  iec60730_b_startup.o
    0x20000188        -       0x00000004   Zero   RW         2655    .bss.App_ROM_END    iec60730_b_startup.o
    0x2000018c        -       0x00000004   Zero   RW         2656    .bss.App_ROM_SIZE   iec60730_b_startup.o
    0x20000190        -       0x00000004   Zero   RW         2657    .bss.App_ROM_SIZEinWORDS  iec60730_b_startup.o
    0x20000194        -       0x00000004   Zero   RW         2654    .bss.App_ROM_START  iec60730_b_startup.o
    0x20000198        -       0x00000004   Zero   RW         2658    .bss.App_STEPS_NUMBER  iec60730_b_startup.o
    0x2000019c   0x0800c7ab   0x00000004   PAD
    0x200001a0        -       0x00000060   Zero   RW          903    .bss.CUR_tCurBufferCal  current.o
    0x20000200        -       0x00000068   Zero   RW          898    .bss.CUR_tDataBrd1  current.o
    0x20000268        -       0x00000008   Zero   RW          900    .bss.CUR_tLastTimeStamp  current.o
    0x20000270        -       0x00000020   Zero   RW          901    .bss.CUR_tThreePhaseCurRms  current.o
    0x20000290        -       0x00000004   Zero   RW          380    .bss.EHE_pu8Buffer  errorhandle.o
    0x20000294        -       0x0000000c   Zero   RW          379    .bss.EHE_tErrorData  errorhandle.o
    0x200002a0        -       0x00000004   Zero   RW         2668    .bss.Error_word     iec60730_b_startup.o
    0x200002a4        -       0x0000000c   Zero   RW          794    .bss.FCN_tThreePhaseVol  fscommon.o
    0x200002b0        -       0x00000064   Zero   RW          793    .bss.FCN_tThreePhaseVolCal  fscommon.o
    0x20000314        -       0x00000001   Zero   RW          611    .bss.FHE_eCurrentCallId  fshandle.o
    0x20000315   0x0800c7ab   0x00000003   PAD
    0x20000318        -       0x00000004   Zero   RW          661    .bss.FPL_ptCurBufferCal  fsphaseloss.o
    0x2000031c   0x0800c7ab   0x00000004   PAD
    0x20000320        -       0x00000080   Zero   RW          656    .bss.FPL_tPhaseLossData  fsphaseloss.o
    0x200003a0        -       0x00000058   Zero   RW          690    .bss.FRK_tDataRotorLock  fsrotorlock.o
    0x200003f8        -       0x00000004   Zero   RW          816    .bss.FSM_tMonitorInitStateRegister  fsmonitor.o
    0x200003fc        -       0x00000004   Zero   RW          813    .bss.FSM_tMonitorStateRegister  fsmonitor.o
    0x20000400        -       0x00000001   Zero   RW          814    .bss.FSM_ucTaskState  fsmonitor.o
    0x20000401   0x0800c7ab   0x00000003   PAD
    0x20000404        -       0x00000030   Zero   RW          841    .bss.FTE_tNTCTempCal  fstemperature.o
    0x20000434        -       0x00000004   Zero   RW         2622    .bss.FULL_FLASH_CHECKED  iec60730_b_runtimetest.o
    0x20000438        -       0x00000002   Zero   RW          570    .bss.Fault_LED_Disp.u16FalultNumber  statemachine.o
    0x2000043a        -       0x00000002   Zero   RW          569    .bss.Fault_LED_Disp.u16FaultCnt  statemachine.o
    0x2000043c        -       0x00000002   Zero   RW          568    .bss.Fault_LED_Disp.u16FaultTimeCnt  statemachine.o
    0x2000043e   0x0800c7ab   0x00000002   PAD
    0x20000440        -       0x00000004   Zero   RW         2661    .bss.FlashFulltestcall  iec60730_b_startup.o
    0x20000444        -       0x00000004   Zero   RW         2623    .bss.FlashRuntestcall  iec60730_b_runtimetest.o
    0x20000448        -       0x00000002   Zero   RW           29    .bss.M1FaultID      main.o
    0x2000044a        -       0x00000002   Zero   RW           30    .bss.M1FaultID_Record  main.o
    0x2000044c        -       0x00000002   Zero   RW          565    .bss.M1_FaultDetection.u16OvCntr  statemachine.o
    0x2000044e        -       0x00000002   Zero   RW          566    .bss.M1_FaultDetection.u16UvCntr  statemachine.o
    0x20000450        -       0x00000002   Zero   RW          553    .bss.M1_Fault_Slow.u16FaultTimeCnt  statemachine.o
    0x20000452        -       0x00000002   Zero   RW          564    .bss.M1_RunFreewheelSlow.u16FreeWheelTimeCnt  statemachine.o
    0x20000454        -       0x00000002   Zero   RW          557    .bss.M1_RunStartupFast.s16PosElEst  statemachine.o
    0x20000456        -       0x00000002   Zero   RW          558    .bss.M1_RunStartupFast.s16ThetaErr  statemachine.o
    0x20000458        -       0x00000004   Zero   RW          559    .bss.M1_RunStartupFast.sAngle_temp  statemachine.o
    0x2000045c        -       0x00000002   Zero   RW          204    .bss.MIT_Dure_Time  mm32_it.o
    0x2000045e        -       0x00000002   Zero   RW          202    .bss.MIT_Start_time  mm32_it.o
    0x20000460        -       0x00000002   Zero   RW          203    .bss.MIT_Stop_time  mm32_it.o
    0x20000462        -       0x00000001   Zero   RW          201    .bss.MIT_TEST       mm32_it.o
    0x20000463   0x0800c7ab   0x00000001   PAD
    0x20000464        -       0x0000000c   Zero   RW          195    .bss.MIT_tInputCapture  mm32_it.o
    0x20000470        -       0x00000001   Zero   RW          293    .bss.MOS_bInitFinished  modbus.o
    0x20000471        -       0x0000002d   Zero   RW          286    .bss.MOS_tModbusData  modbus.o
    0x2000049e        -       0x00000008   Zero   RW          294    .bss.MOS_tModbusPara  modbus.o
    0x200004a6        -       0x00000002   Zero   RW          292    .bss.MOS_u8EventRegister  modbus.o
    0x200004a8        -       0x00000002   Zero   RW          295    .bss.MOS_vModBusHandler_2.u16CalculateCRC  modbus.o
    0x200004aa        -       0x00000002   Zero   RW          296    .bss.MOS_vModBusHandler_2.u16ReceivedCRC  modbus.o
    0x200004ac        -       0x00000002   Zero   RW         1195    .bss.MOT_tBrakeData  drv_pwm.o
    0x200004ae        -       0x00000002   Zero   RW         1194    .bss.MOT_tBrakePara  drv_pwm.o
    0x200004b0        -       0x00000154   Zero   RW           28    .bss.Motor_1st      main.o
    0x20000604        -       0x00000002   Zero   RW          555    .bss.Motor_s16DeltaAngle  statemachine.o
    0x20000606   0x0800c7ab   0x00000002   PAD
    0x20000608        -       0x00000004   Zero   RW          560    .bss.Motor_s32DebugAngle1  statemachine.o
    0x2000060c        -       0x00000004   Zero   RW          561    .bss.Motor_s32DebugAngle2  statemachine.o
    0x20000610        -       0x00000001   Zero   RW          567    .bss.Motor_u8UnderErrorTest  statemachine.o
    0x20000611   0x0800c7ab   0x00000003   PAD
    0x20000614        -       0x00000004   Zero   RW         2662    .bss.RAMBuffertest_end  iec60730_b_startup.o
    0x20000618        -       0x00000004   Zero   RW         2664    .bss.RAMRunTimetest_end  iec60730_b_startup.o
    0x2000061c        -       0x00000004   Zero   RW         2663    .bss.RAMRunTimetest_start  iec60730_b_startup.o
    0x20000620        -       0x00000004   Zero   RW         2665    .bss.RAM_endadd_run  iec60730_b_startup.o
    0x20000624        -       0x00000001   Zero   RW          360    .bss.SCL_bDirectionDetAvailable  speedcontrol.o
    0x20000625   0x0800c7ab   0x00000003   PAD
    0x20000628        -       0x00000004   Zero   RW          359    .bss.SCL_tInputCaptureData  speedcontrol.o
    0x2000062c        -       0x00000004   Zero   RW          753    .bss.SMR_s32DeltaTime  speedmonitor.o
    0x20000630        -       0x00000004   Zero   RW          750    .bss.SMR_s32Im      speedmonitor.o
    0x20000634        -       0x00000004   Zero   RW          749    .bss.SMR_s32Re      speedmonitor.o
    0x20000638        -       0x00000098   Zero   RW          746    .bss.SMR_tFSVDataSecond  speedmonitor.o
    0x200006d0        -       0x00000004   Zero   RW          193    .bss.STK_pfGeneralTimerCallback  mm32_it.o
    0x200006d4   0x0800c7ab   0x00000004   PAD
    0x200006d8        -       0x00000008   Zero   RW          776    .bss.STK_tSafeTime  fsclock.o
    0x200006e0        -       0x00000004   Zero   RW          772    .bss.STK_u32SystickDifference  fsclock.o
    0x200006e4        -       0x00000004   Zero   RW          771    .bss.STK_u32SystickOld  fsclock.o
    0x200006e8        -       0x00000004   Zero   RW          774    .bss.STK_u32TickTimeErrorCounter  fsclock.o
    0x200006ec        -       0x00000001   Zero   RW          562    .bss.STO_u8Test     statemachine.o
    0x200006ed   0x0800c7ab   0x00000001   PAD
    0x200006ee        -       0x00000002   Zero   RW          328    .bss.TSE_u16EventFlag  timeslice.o
    0x200006f0        -       0x00000004   Zero   RW          205    .bss.UART_pfReceivedCallback  mm32_it.o
    0x200006f4        -       0x00000001   Zero   RW          997    .bss.VOL_bOverVoltageMode  voltage.o
    0x200006f5        -       0x00000001   Zero   RW          998    .bss.VOL_bOverVoltageOK  voltage.o
    0x200006f6        -       0x00000001   Zero   RW          994    .bss.VOL_bUnderVoltageMode  voltage.o
    0x200006f7        -       0x00000001   Zero   RW          995    .bss.VOL_bUnderVoltageOK  voltage.o
    0x200006f8        -       0x00000004   Zero   RW          974    .bss.VOL_t15VolPerSampleIntQ  voltage.o
    0x200006fc        -       0x00000004   Zero   RW          981    .bss.VOL_t15VolPerSampleIntResultQ  voltage.o
    0x20000700        -       0x00000004   Zero   RW          968    .bss.VOL_t15VolSampleQ  voltage.o
    0x20000704        -       0x00000004   Zero   RW          984    .bss.VOL_t15VoltageQ  voltage.o
    0x20000708        -       0x00000004   Zero   RW          986    .bss.VOL_t15VoltagemV  voltage.o
    0x2000070c   0x0800c7ab   0x00000004   PAD
    0x20000710        -       0x00000008   Zero   RW          996    .bss.VOL_tActualTimeOverVoltage  voltage.o
    0x20000718        -       0x00000008   Zero   RW          993    .bss.VOL_tActualTimeUnderVoltage  voltage.o
    0x20000720        -       0x0000000c   Zero   RW          990    .bss.VOL_tDCLPeakVoltageDmpdQ  voltage.o
    0x2000072c        -       0x0000000c   Zero   RW         1000    .bss.VOL_tDCLPeakVoltageDmpdV  voltage.o
    0x20000738        -       0x0000000c   Zero   RW          989    .bss.VOL_tDCLVoltageDmpdV  voltage.o
    0x20000744        -       0x00000004   Zero   RW          985    .bss.VOL_tDCLVoltageV  voltage.o
    0x20000748        -       0x00000004   Zero   RW          979    .bss.VOL_tDclVolMaxQ  voltage.o
    0x2000074c        -       0x00000004   Zero   RW          976    .bss.VOL_tDclVolMaxTrackQ  voltage.o
    0x20000750        -       0x00000004   Zero   RW          973    .bss.VOL_tDclVolPerSampleIntQ  voltage.o
    0x20000754        -       0x00000004   Zero   RW          980    .bss.VOL_tDclVolPerSampleIntResultQ  voltage.o
    0x20000758        -       0x00000004   Zero   RW          967    .bss.VOL_tDclVolSampleQ  voltage.o
    0x2000075c        -       0x00000004   Zero   RW          983    .bss.VOL_tDclVoltageQ  voltage.o
    0x20000760        -       0x00000004   Zero   RW          992    .bss.VOL_tVolErrorCheck  voltage.o
    0x20000764        -       0x00000004   Zero   RW          961    .bss.VOL_tVoltageADCRef  voltage.o
    0x20000768        -       0x00000004   Zero   RW          966    .bss.VOL_tVrefIntVolADValue  voltage.o
    0x2000076c        -       0x00000004   Zero   RW          975    .bss.VOL_tVrefIntVolPerSampleIntQ  voltage.o
    0x20000770        -       0x00000004   Zero   RW          982    .bss.VOL_tVrefIntVolPerSampleIntResultQ  voltage.o
    0x20000774        -       0x00000004   Zero   RW          962    .bss.VOL_tVrefIntVolQ  voltage.o
    0x20000778        -       0x00000004   Zero   RW          969    .bss.VOL_tVrefIntVolSampleQ  voltage.o
    0x2000077c        -       0x00000004   Zero   RW          963    .bss.VOL_tVrefIntVoltagemV  voltage.o
    0x20000780        -       0x0000000c   Zero   RW          960    .bss.VOL_u16NormalAdcValueArray  voltage.o
    0x2000078c        -       0x00000004   Zero   RW          965    .bss.VOL_ui15VoltageValue  voltage.o
    0x20000790        -       0x00000004   Zero   RW          987    .bss.VOL_uiDCLVoltagePeakValueV  voltage.o
    0x20000794        -       0x00000004   Zero   RW          964    .bss.VOL_uiDclVoltageAdValue  voltage.o
    0x20000798        -       0x00000001   Zero   RW          594    .bss.WDN_U8Test1    winddetection.o
    0x20000799        -       0x00000001   Zero   RW          595    .bss.WDN_U8Test2    winddetection.o
    0x2000079a        -       0x00000001   Zero   RW          596    .bss.WDN_U8Test3    winddetection.o
    0x2000079b   0x0800c7ab   0x00000001   PAD
    0x2000079c        -       0x00000008   Zero   RW          588    .bss.WDN_tOverCurrentZeroData  winddetection.o
    0x200007a4        -       0x00000008   Zero   RW          590    .bss.WDN_tOverCurrentZeroHighSpdData  winddetection.o
    0x200007ac        -       0x00000008   Zero   RW          591    .bss.WDN_tWindDetectionData  winddetection.o
    0x200007b4        -       0x00000001   Zero   RW          548    .bss.eM1_RunSubState  statemachine.o
    0x200007b5   0x0800c7ab   0x00000003   PAD
    0x200007b8        -       0x00000004   Zero   RW         2624    .bss.rom_test       iec60730_b_runtimetest.o
    0x200007bc        -       0x00000001   Zero   RW         2619    .bss.runtime_checkindx  iec60730_b_runtimetest.o
    0x200007bd        -       0x00000001   Zero   RW         2620    .bss.runtime_flash_CtrlFlow_indx  iec60730_b_runtimetest.o
    0x200007be        -       0x00000002   Zero   RW          556    .bss.s16PosElEst_SMO  statemachine.o
    0x200007c0        -       0x00000004   Zero   RW         2589    .bss.temp           iec60730_b_clocktest.o
    0x200007c4        -       0x00000002   Zero   RW          904    .bss.testA_N        current.o
    0x200007c6        -       0x00000002   Zero   RW          905    .bss.testA_P        current.o
    0x200007c8        -       0x00000002   Zero   RW          906    .bss.testB_N        current.o
    0x200007ca        -       0x00000002   Zero   RW          907    .bss.testB_P        current.o
    0x200007cc        -       0x00000002   Zero   RW          908    .bss.testC_N        current.o
    0x200007ce        -       0x00000002   Zero   RW          909    .bss.testC_P        current.o
    0x200007d0        -       0x00000004   Zero   RW         2556    .bss.tmp0           iec60730_b_aux.o
    0x200007d4        -       0x00000004   Zero   RW         2590    .bss.tmpIC1         iec60730_b_clocktest.o
    0x200007d8        -       0x00000004   Zero   RW          194    .bss.u16Test1       mm32_it.o
    0x200007dc        -       0x00000002   Zero   RW          593    .bss.u16ThreePhaseRMSCur  winddetection.o
    0x200007de        -       0x00000001   Zero   RW          552    .bss.ucErrorCount   statemachine.o
    0x200007df   0x0800c7ab   0x00000001   PAD
    0x200007e0        -       0x00000004   Zero   RW         2555    .bss.uwTick         iec60730_b_aux.o


    Execution Region STACK_NO_HEAP (Exec base: 0x20001bf0, Load base: 0x0800c7b0, Size: 0x00000410, Max: 0x00000410, ABSOLUTE, UNINIT)

    Exec Addr    Load Addr    Size         Type   Attr      Idx    E Section Name        Object

    0x20001bf0   0x0800c7b0   0x00000010   Data   RW         2653    STACK_BOTTOM        iec60730_b_startup.o
    0x20001c00        -       0x00000400   Zero   RW         2485    STACK               startup_mm32spin0280_keil.o


==============================================================================

Image component sizes


      Code (inc. data)   RO Data    RW Data    ZI Data      Debug   Object Name

      1282         32          0          0          0      12082   board.o
       134          0          0          0          0       1328   common_1.o
      1674        100          8         16        252      10996   current.o
       370          8          0          0          0       6561   drv_adc.o
       216          8          0          0          0       4853   drv_capture.o
       128          0          0          0          0       3139   drv_comp.o
       124          4          0          0          0       3965   drv_counter.o
       122         16          0          0          0       1516   drv_div.o
       764          8          0          0          0       3378   drv_eep.o
        76          4          0          0          0       1074   drv_iwdg.o
        40          0          0          0          0        734   drv_opamp.o
       264         12          0          0          0       4143   drv_output.o
       820         36         60          2          4       7951   drv_pwm.o
       356         12          0          0          0       5530   drv_sci.o
        82          8          0          0          0       1203   drv_sqrt.o
       136          8          0          0         16       1731   errorhandle.o
       100          0          0          0          0       1210   filter.o
      1110         40          0          0          0      10135   foc_pmsm.o
       284         40          0          8         20       1520   fsclock.o
       298         12          0          0        112       3281   fscommon.o
       104          4          0          0          1        928   fshandle.o
        24          4          0          0          0        994   fsmcu.o
       396         20         40          0          9       3160   fsmonitor.o
      2296         52          0         20        132       8790   fsphaseloss.o
       926         40          0         12         88       5417   fsrotorlock.o
       664         36        200          0         48       3584   fstemperature.o
      1160         12          0          0          0      14674   hal_adc.o
       220          8          0          0          0       5577   hal_comp.o
        76          8          0          0          0       1790   hal_crc.o
       388         24          0          0          0       4088   hal_exti.o
       360         28          0          0          0       7576   hal_flash.o
       454          4          0          0          0       5213   hal_gpio.o
       192         20          0          0          0       3589   hal_iwdg.o
       248         32          0          0          0       2858   hal_misc.o
        56          4          0          0          0       1289   hal_opamp.o
      1104         80         16          0          0      21325   hal_rcc.o
      2784         66          0          0          0      27954   hal_tim.o
       488          4          0          0          0       8647   hal_uart.o
       104          8          0          0          0       2077   hal_wwdg.o
      1070        130        322          0          8       4673   iec60730_b_aux.o
       792         84          0          0          8       9179   iec60730_b_clocktest.o
      1540        226        376          0         14       5332   iec60730_b_runtimetest.o
      1004        132          0        140         52       5369   iec60730_b_startup.o
       138          8         37          0        344       8383   main.o
       432          8         32          0          0       2601   math.o
      1016         96          0          0         43      11873   mm32_it.o
      1464         86          0         41         60       6704   modbus.o
       108          8        512          0          0       1131   modbuscrc.o
        42          0          0          0          0       1454   simeep.o
      1534        132          0         52          5       6169   speedcontrol.o
       998         76          0         28        164      11266   speedmonitor.o
        40         14        196          0       1024        708   startup_mm32spin0280_keil.o
      3434        232         96          2         38      18654   statemachine.o
      1004         76          0          4          0       3707   system_mm32spin0280.o
       276         16          0          0          2       1344   timeslice.o
        72          4          0          0          0       2061   transfer.o
       220          8          0          0          0       3899   uart_classb.o
      1662        200          0          0          0      10353   user_function.o
      1680        204          0         25        160      10138   voltage.o
       792         80          0         18         29       3255   winddetection.o

    ----------------------------------------------------------------------
     39804       2622       2020        372       2680     344113   Object Totals
         0          0        112          0          0          0   (incl. Generated)
        62          0         13          4         47          0   (incl. Padding)

    ----------------------------------------------------------------------

      Code (inc. data)   RO Data    RW Data    ZI Data      Debug   Library Member Name

       388         20          0          0          0        548   iec60730_b_cpurunkeil.o
       528         52          0          0          0        592   iec60730_b_cpustartkeil.o
       472         68          0          0          0       1799   iec60730_b_flashtest.o
       804         92          0          0          0        644   iec60730_b_ramtestkeil.o
       264         16          0          0          0       2215   iec60730_b_transpram.o
       436          8          0          0          0         76   mcflib.o
       940         14        512          0          0      17321   mlib.o
        58          0          0          0          0          0   __dczerorl.o
         0          0          0          0          0          0   entry.o
         0          0          0          0          0          0   entry10a.o
         0          0          0          0          0          0   entry11a.o
         8          4          0          0          0          0   entry2.o
         4          0          0          0          0          0   entry5.o
         0          0          0          0          0          0   entry7b.o
         0          0          0          0          0          0   entry8b.o
         8          4          0          0          0          0   entry9a.o
        30          0          0          0          0          0   handlers.o
        40          0          0          0          0         72   idiv.o
        36          8          0          0          0         68   init.o
         0          0          0          0          0          0   iusefp.o
        32          0          0          0          0         68   llshl.o
        38          0          0          0          0         68   llsshr.o
        34          0          0          0          0         68   llushr.o
        36          0          0          0          0         60   memcpya.o
      2252         98          0          0          0        412   printfa.o
         8          0          0          0          0         60   siabs.o
         0          0          0          4          0          0   stdout.o
        44          0          0          0          0         72   uidiv.o
        96          0          0          0          0         84   uldiv.o
        40          2          0          0          0         68   cdrcmple.o
       356          4          0          0          0        140   dadd.o
        44          0          0          0          0         68   dcmpge.o
        44          0          0          0          0         68   dcmple.o
        44          0          0          0          0         68   dcmplt.o
       240          6          0          0          0         84   ddiv.o
       236          0          0          0          0        216   depilogue.o
        72         10          0          0          0         72   dfixi.o
        64         10          0          0          0         68   dfixul.o
        40          6          0          0          0         68   dflti.o
       208          6          0          0          0         88   dmul.o
        40          0          0          0          0         60   f2d.o
       124          0          0          0          0         72   fdiv.o
       130          0          0          0          0        144   fepilogue.o
        40          0          0          0          0         60   ffixui.o
        14          0          0          0          0         68   ffltui.o
       122          0          0          0          0         72   fmul.o

    ----------------------------------------------------------------------
      8420        428        512          4          0      25711   Library Totals
         6          0          0          0          0          0   (incl. Padding)

    ----------------------------------------------------------------------

      Code (inc. data)   RO Data    RW Data    ZI Data      Debug   Library Name

      2456        248          0          0          0       5798   IEC60730B_M0_COM_KEIL_v1_0.lib
       436          8          0          0          0         76   MCFLIB.lib
       940         14        512          0          0      17321   MLIB.lib
      2724        114          0          4          0       1032   mc_p.l
      1858         44          0          0          0       1484   mf_p.l

    ----------------------------------------------------------------------
      8420        428        512          4          0      25711   Library Totals

    ----------------------------------------------------------------------

==============================================================================


      Code (inc. data)   RO Data    RW Data    ZI Data      Debug   

     48224       3050       2532        376       2680     367624   Grand Totals
     48224       3050       2532        376       2680     367624   ELF Image Totals
     48224       3050       2532        376          0          0   ROM Totals

==============================================================================

    Total RO  Size (Code + RO Data)                50756 (  49.57kB)
    Total RW  Size (RW Data + ZI Data)              3056 (   2.98kB)
    Total ROM Size (Code + RO Data + RW Data)      51132 (  49.93kB)

==============================================================================

