<html>
<body>
<pre>
<h1>µVision Build Log</h1>
<h2>Tool Versions:</h2>
IDE-Version: ¦ÌVision V5.26.2.0
Copyright (C) 2018 ARM Ltd and ARM Germany GmbH. All rights reserved.
License Information: Bing JACK WANG, WB, LIC=MPPLD-8VZEG-9UG4U-SPWVC-R27WT-QML3Y
 
Tool Versions:
Toolchain:       MDK-ARM Plus  Version: 5.26.2.0
Toolchain Path:  C:\Keil_v5\ARM\ARMCLANG\Bin
C Compiler:      ArmClang.exe V6.10.1
Assembler:       Armasm.exe V6.10.1
Linker/Locator:  ArmLink.exe V6.10.1
Library Manager: ArmAr.exe V6.10.1
Hex Converter:   FromElf.exe V6.10.1
CPU DLL:         SARMCM3.DLL V5.26.2.0
Dialog DLL:      DARMCM1.DLL V1.19.1.0
Target DLL:      Segger\JL2CM3.dll V2.99.31.0
Dialog DLL:      TARMCM1.DLL V1.14.0.0
 
<h2>Project:</h2>
C:\Users\JACK WANG\Documents\GitHub\KT_FAN_UPDATE\KEIL_PRJ\KT_FAN.uvprojx
Project File Date:  11/01/2023

<h2>Output:</h2>
*** Using Compiler 'V6.10.1', folder: 'C:\Keil_v5\ARM\ARMCLANG\Bin'
Rebuild target 'KT_FAN'
compiling user_function.c...
compiling delay.c...
compiling sys.c...
compiling board.c...
compiling main.c...
compiling mm32_it.c...
compiling Modbus.c...
compiling ModbusCRC.c...
compiling AppModbus2Stm.c...
compiling TimeSlice.c...
compiling SpeedControl.c...
compiling ErrorHandle.c...
compiling Modbus_2.c...
compiling FOC_PMSM.c...
compiling Ramp.c...
../MOTOR_CONTROL/WindDetection.c(125): warning: result of comparison of constant 65535 with expression of type 'int16_t' (aka 'short') is always true [-Wtautological-constant-out-of-range-compare]
        if (WDN_tWindDetectionData.u16TotalDetectTimeMs < UINT16_MAX)
            ~~~~~~~~~~~~~~~~~~~~~~~~~~~~~~~~~~~~~~~~~~~ ^ ~~~~~~~~~~
1 warning generated.
compiling WindDetection.c...
compiling fsHandle.c...
compiling fsMCU.c...
compiling StateMachine.c...
compiling fsPhaseLoss.c...
compiling fsRotorLock.c...
compiling fsClock.c...
compiling SpeedMonitor.c...
compiling fsCommon.c...
compiling fsTemperature.c...
compiling fsMonitor.c...
compiling Common.c...
compiling Current.c...
compiling Math.c...
compiling Transfer.c...
compiling Filter.c...
compiling Voltage.c...
compiling SIMEEP.c...
compiling ErrorReact.c...
compiling StateMachineCom.c...
compiling drv_adc.c...
compiling drv_iic.c...
compiling drv_comp.c...
compiling drv_div.c...
compiling drv_led.c...
compiling drv_iwdg.c...
compiling drv_opamp.c...
compiling drv_pwm.c...
compiling drv_sqrt.c...
compiling drv_Counter.c...
compiling drv_sci.c...
compiling drv_Capture.c...
compiling drv_dma.c...
compiling drv_Output.c...
compiling drv_eep.c...
compiling drv_sci_2.c...
compiling hal_adc.c...
compiling hal_bkp.c...
compiling hal_comp.c...
compiling hal_csm.c...
compiling hal_crc.c...
compiling hal_dac.c...
compiling hal_dbg.c...
compiling hal_div.c...
compiling hal_dma.c...
compiling hal_exti.c...
compiling hal_flash.c...
compiling hal_gpio.c...
compiling hal_iwdg.c...
compiling hal_i2c.c...
compiling hal_misc.c...
compiling hal_opamp.c...
compiling hal_pwr.c...
compiling hal_rcc.c...
compiling hal_spi.c...
compiling hal_sqrt.c...
assembling startup_mm32spin0280_keil.s...
compiling hal_uid.c...
compiling hal_uart.c...
compiling hal_ver.c...
compiling hal_tim.c...
compiling hal_wwdg.c...
compiling system_mm32spin0280.c...
compiling uart_classb.c...
compiling IEC60730_B_runtimetest.c...
compiling IEC60730_B_aux.c...
compiling IEC60730_B_clocktest.c...
compiling IEC60730_B_startup.c...
linking...
Program Size: Code=51100 RO-data=2792 RW-data=544 ZI-data=2828  
FromELF: creating hex file...
After Build - User command #1: .\crc_gen_keil.bat
Computing CRC
-------------------------------------
crc cal block: 64
PAD 8 byte 0xFF
create new crc hex file "obj\KT_FAN_CRC.hex".
checksum range:(0x08000000~0x0800D400) checksum offset address:[0x0000D400] checksum: [0x09902CE9]
-------------------------------------
".\obj\KT_FAN.axf" - 0 Error(s), 1 Warning(s).

<h2>Software Packages used:</h2>

Package Vendor: MindMotion
                http://www.mindmotion.com.cn/Download/MDK_KEIL/MindMotion.MM32SPIN0280_DFP.1.0.0.pack
                MindMotion.MM32SPIN0280_DFP.1.0.0
                MindMotion MM32SPIN0280 Series Device Support, Drivers and Examples

<h2>Collection of Component include folders:</h2>
  .\RTE\_KT_FAN
  C:\Keil_v5\ARM\PACK\MindMotion\MM32SPIN0280_DFP\1.0.0\Device\MM32SPIN0280\Include

<h2>Collection of Component Files used:</h2>
Build Time Elapsed:  00:00:06
</pre>
</body>
</html>
