Component: ARM Compiler 6.10.1 Tool: armlink [5d142800]

==============================================================================

Section Cross References

    delay.o(.text.DELAY_Init) refers to uidiv.o(.text) for __aeabi_uidiv
    delay.o(.text.DELAY_Init) refers to delay.o(.text.SysTick_Config) for SysTick_Config
    delay.o(.text.DELAY_Init) refers to delay.o(.text.__NVIC_SetPriority) for __NVIC_SetPriority
    delay.o(.text.DELAY_Init) refers to system_mm32spin0280.o(.data.SystemCoreClock) for SystemCoreClock
    delay.o(.ARM.exidx.text.DELAY_Init) refers to delay.o(.text.DELAY_Init) for [Anonymous Symbol]
    delay.o(.text.SysTick_Config) refers to delay.o(.text.__NVIC_SetPriority) for __NVIC_SetPriority
    delay.o(.ARM.exidx.text.SysTick_Config) refers to delay.o(.text.SysTick_Config) for [Anonymous Symbol]
    delay.o(.ARM.exidx.text.__NVIC_SetPriority) refers to delay.o(.text.__NVIC_SetPriority) for [Anonymous Symbol]
    delay.o(.text.DELAY_Ms) refers to delay.o(.bss.sTimingDelay) for [Anonymous Symbol]
    delay.o(.ARM.exidx.text.DELAY_Ms) refers to delay.o(.text.DELAY_Ms) for [Anonymous Symbol]
    main.o(.text.WDG_Init) refers to iec60730_b_aux.o(.text.Iwdg_Init) for Iwdg_Init
    main.o(.ARM.exidx.text.WDG_Init) refers to main.o(.text.WDG_Init) for [Anonymous Symbol]
    main.o(.text.WDG_Refresh) refers to hal_iwdg.o(.text.IWDG_ReloadCounter) for IWDG_ReloadCounter
    main.o(.ARM.exidx.text.WDG_Refresh) refers to main.o(.text.WDG_Refresh) for [Anonymous Symbol]
    main.o(.text.main) refers to uart_classb.o(.text.CBUart_Init) for CBUart_Init
    main.o(.text.main) refers to system_mm32spin0280.o(.text.SystemCoreClockUpdate) for SystemCoreClockUpdate
    main.o(.text.main) refers to printfa.o(i.__0printf) for printf
    main.o(.text.main) refers to main.o(.text.WDG_Init) for WDG_Init
    main.o(.text.main) refers to iec60730_b_runtimetest.o(.text.IEC60730_InitRunTimeChecks) for IEC60730_InitRunTimeChecks
    main.o(.text.main) refers to fsclock.o(.text.FCK_vInitSafeTime) for FCK_vInitSafeTime
    main.o(.text.main) refers to user_function.o(.text.Init_Parameter) for Init_Parameter
    main.o(.text.main) refers to board.o(.text.Bsp_Gpio_Init) for Bsp_Gpio_Init
    main.o(.text.main) refers to board.o(.text.Peripheral_Init) for Peripheral_Init
    main.o(.text.main) refers to mm32_it.o(.text.Interrupt_Init) for Interrupt_Init
    main.o(.text.main) refers to modbus.o(.text.MOS_vModbusInit) for MOS_vModbusInit
    main.o(.text.main) refers to iec60730_b_runtimetest.o(.text.IEC60730_DoRunTimeChecks) for IEC60730_DoRunTimeChecks
    main.o(.text.main) refers to main.o(.text.WDG_Refresh) for WDG_Refresh
    main.o(.text.main) refers to modbus.o(.text.MOS_vModBusHandler_2) for MOS_vModBusHandler_2
    main.o(.text.main) refers to timeslice.o(.text.TSE_vSliceTaskHandle) for TSE_vSliceTaskHandle
    main.o(.text.main) refers to fshandle.o(.text.FHE_vFunctionSafetyCheck) for FHE_vFunctionSafetyCheck
    main.o(.text.main) refers to speedcontrol.o(.text.SCL_vSpeedControlHandle) for SCL_vSpeedControlHandle
    main.o(.text.main) refers to main.o(.rodata.str1.1) for .L.str
    main.o(.text.main) refers to main.o(.bss.Motor_1st) for Motor_1st
    main.o(.ARM.exidx.text.main) refers to main.o(.text.main) for [Anonymous Symbol]
    sys.o(.text.exRCC_ClkPrescaler_Init) refers to sys.o(.rodata.cRCC_ClockPrescalerTable) for cRCC_ClockPrescalerTable
    sys.o(.ARM.exidx.text.exRCC_ClkPrescaler_Init) refers to sys.o(.text.exRCC_ClkPrescaler_Init) for [Anonymous Symbol]
    sys.o(.text.SYSCLK_Init) refers to memcpya.o(.text) for __aeabi_memcpy
    sys.o(.text.SYSCLK_Init) refers to sys.o(.text.DELAY_xUs) for DELAY_xUs
    sys.o(.text.SYSCLK_Init) refers to sys.o(.text.exRCC_ClkPrescaler_Init) for exRCC_ClkPrescaler_Init
    sys.o(.text.SYSCLK_Init) refers to uidiv.o(.text) for __aeabi_uidiv
    sys.o(.text.SYSCLK_Init) refers to sys.o(.rodata..LSYSCLK_Init.latency_pllmul_plldiv_sysclksrc_pllsrc_table) for [Anonymous Symbol]
    sys.o(.text.SYSCLK_Init) refers to sys.o(.data.gSystemClockValue) for gSystemClockValue
    sys.o(.ARM.exidx.text.SYSCLK_Init) refers to sys.o(.text.SYSCLK_Init) for [Anonymous Symbol]
    sys.o(.ARM.exidx.text.DELAY_xUs) refers to sys.o(.text.DELAY_xUs) for [Anonymous Symbol]
    sys.o(.ARM.exidx.text.RCC_SetDefault) refers to sys.o(.text.RCC_SetDefault) for [Anonymous Symbol]
    sys.o(.text.SystemReInit) refers to sys.o(.text.RCC_SetDefault) for RCC_SetDefault
    sys.o(.text.SystemReInit) refers to sys.o(.text.SYSCLK_Init) for SYSCLK_Init
    sys.o(.ARM.exidx.text.SystemReInit) refers to sys.o(.text.SystemReInit) for [Anonymous Symbol]
    board.o(.text.Bsp_Op_Init) refers to hal_gpio.o(.text.GPIO_StructInit) for GPIO_StructInit
    board.o(.text.Bsp_Op_Init) refers to hal_rcc.o(.text.RCC_AHBPeriphClockCmd) for RCC_AHBPeriphClockCmd
    board.o(.text.Bsp_Op_Init) refers to hal_gpio.o(.text.GPIO_Init) for GPIO_Init
[...]
    TIM1_BRK_UP_TRG_COM_IRQHandler           0x080081c9   Thumb Code    56  mm32_it.o(.text.TIM1_BRK_UP_TRG_COM_IRQHandler)
    TIM1_CC_IRQHandler                       0x08008201   Thumb Code     2  mm32_it.o(.text.TIM1_CC_IRQHandler)
    TIM2_IRQHandler                          0x08008205   Thumb Code   276  iec60730_b_clocktest.o(.text.TIM2_IRQHandler)
    TIM3_IRQHandler                          0x08008319   Thumb Code    76  mm32_it.o(.text.TIM3_IRQHandler)
    TIM8_BRK_UP_TRG_COM_IRQHandler           0x08008361   Thumb Code     2  mm32_it.o(.text.TIM8_BRK_UP_TRG_COM_IRQHandler)
    TIM8_CC_IRQHandler                       0x08008363   Thumb Code     2  mm32_it.o(.text.TIM8_CC_IRQHandler)
    TIM_ARRPreloadConfig                     0x08008365   Thumb Code    52  hal_tim.o(.text.TIM_ARRPreloadConfig)
    TIM_BDTRConfig                           0x08008399   Thumb Code    52  hal_tim.o(.text.TIM_BDTRConfig)
    TIM_CCxCmd                               0x080083cd   Thumb Code    52  hal_tim.o(.text.TIM_CCxCmd)
    TIM_ClearFlag                            0x08008401   Thumb Code    30  hal_tim.o(.text.TIM_ClearFlag)
    TIM_ClearITPendingBit                    0x0800841f   Thumb Code    30  hal_tim.o(.text.TIM_ClearITPendingBit)
    TIM_Cmd                                  0x0800843d   Thumb Code    52  hal_tim.o(.text.TIM_Cmd)
    TIM_CtrlPWMOutputs                       0x08008471   Thumb Code    56  hal_tim.o(.text.TIM_CtrlPWMOutputs)
    TIM_DeInit                               0x080084a9   Thumb Code   180  hal_tim.o(.text.TIM_DeInit)
    TIM_GetCapture1                          0x0800854d   Thumb Code    16  hal_tim.o(.text.TIM_GetCapture1)
    TIM_GetCapture2                          0x0800855d   Thumb Code    16  hal_tim.o(.text.TIM_GetCapture2)
    TIM_GetCapture4                          0x0800856d   Thumb Code    16  hal_tim.o(.text.TIM_GetCapture4)
    TIM_GetCounter                           0x0800857d   Thumb Code    16  hal_tim.o(.text.TIM_GetCounter)
    TIM_GetFlagStatus                        0x0800858d   Thumb Code    42  hal_tim.o(.text.TIM_GetFlagStatus)
    TIM_GetITStatus                          0x080085b7   Thumb Code    70  hal_tim.o(.text.TIM_GetITStatus)
    TIM_ICInit                               0x080085fd   Thumb Code   192  hal_tim.o(.text.TIM_ICInit)
    TIM_ICStructInit                         0x080086bd   Thumb Code    36  hal_tim.o(.text.TIM_ICStructInit)
    TIM_ITConfig                             0x080086e1   Thumb Code    60  hal_tim.o(.text.TIM_ITConfig)
    TIM_OC1Init                              0x0800871d   Thumb Code   172  hal_tim.o(.text.TIM_OC1Init)
    TIM_OC1PreloadConfig                     0x080087c1   Thumb Code    38  hal_tim.o(.text.TIM_OC1PreloadConfig)
    TIM_OC2Init                              0x080087e9   Thumb Code   156  hal_tim.o(.text.TIM_OC2Init)
    TIM_OC2PreloadConfig                     0x08008885   Thumb Code    42  hal_tim.o(.text.TIM_OC2PreloadConfig)
    TIM_OC3Init                              0x080088b1   Thumb Code   152  hal_tim.o(.text.TIM_OC3Init)
    TIM_OC3PreloadConfig                     0x08008941   Thumb Code    38  hal_tim.o(.text.TIM_OC3PreloadConfig)
    TIM_OC4Init                              0x08008969   Thumb Code   128  hal_tim.o(.text.TIM_OC4Init)
    TIM_OCStructInit                         0x080089e9   Thumb Code    46  hal_tim.o(.text.TIM_OCStructInit)
    TIM_PWMIConfig                           0x08008a17   Thumb Code   216  hal_tim.o(.text.TIM_PWMIConfig)
    TIM_SelectInputTrigger                   0x08008aef   Thumb Code    38  hal_tim.o(.text.TIM_SelectInputTrigger)
    TIM_SelectSlaveMode                      0x08008b15   Thumb Code    38  hal_tim.o(.text.TIM_SelectSlaveMode)
    TIM_SetAutoreload                        0x08008b3b   Thumb Code    26  hal_tim.o(.text.TIM_SetAutoreload)
    TIM_SetIC1Prescaler                      0x08008b55   Thumb Code    38  hal_tim.o(.text.TIM_SetIC1Prescaler)
    TIM_SetIC2Prescaler                      0x08008b7b   Thumb Code    42  hal_tim.o(.text.TIM_SetIC2Prescaler)
    TIM_SetIC3Prescaler                      0x08008ba5   Thumb Code    38  hal_tim.o(.text.TIM_SetIC3Prescaler)
    TIM_SetIC4Prescaler                      0x08008bcb   Thumb Code    42  hal_tim.o(.text.TIM_SetIC4Prescaler)
    TIM_TimeBaseInit                         0x08008bf5   Thumb Code   204  hal_tim.o(.text.TIM_TimeBaseInit)
    TIM_TimeBaseStructInit                   0x08008cc1   Thumb Code    36  hal_tim.o(.text.TIM_TimeBaseStructInit)
    TIM_bBrakeUpdate                         0x08008ce5   Thumb Code   120  drv_pwm.o(.text.TIM_bBrakeUpdate)
    TIM_bSetOutputConfig                     0x08008d59   Thumb Code   148  drv_pwm.o(.text.TIM_bSetOutputConfig)
    TIM_vBrakeInit                           0x08008de9   Thumb Code    84  drv_pwm.o(.text.TIM_vBrakeInit)
    TIM_vSetCompareValues                    0x08008e7d   Thumb Code   104  drv_pwm.o(.text.TIM_vSetCompareValues)
    TIM_vSetOutputs                          0x08008ee1   Thumb Code    96  drv_pwm.o(.text.TIM_vSetOutputs)
    TRR_vClarkeTrans                         0x08008f41   Thumb Code    72  transfer.o(.text.TRR_vClarkeTrans)
    TSE_vAdaptInterfaceFromFlag2TaskCall     0x08008f89   Thumb Code    80  timeslice.o(.text.TSE_vAdaptInterfaceFromFlag2TaskCall)
    TSE_vRegisterHandler                     0x08008fd5   Thumb Code    72  timeslice.o(.text.TSE_vRegisterHandler)
    TSE_vSliceTaskHandle                     0x0800901d   Thumb Code   120  timeslice.o(.text.TSE_vSliceTaskHandle)
    Tim2_Init                                0x08009095   Thumb Code   164  iec60730_b_clocktest.o(.text.Tim2_Init)
    UART1_IRQHandler                         0x08009139   Thumb Code     2  mm32_it.o(.text.UART1_IRQHandler)
    UART2_IRQHandler                         0x0800913d   Thumb Code    44  mm32_it.o(.text.UART2_IRQHandler)
    UART3_IRQHandler                         0x08009161   Thumb Code     2  mm32_it.o(.text.UART3_IRQHandler)
    UART_ClearITPendingBit                   0x08009163   Thumb Code    26  hal_uart.o(.text.UART_ClearITPendingBit)
    UART_Cmd                                 0x0800917d   Thumb Code    38  hal_uart.o(.text.UART_Cmd)
    UART_GetFlagStatus                       0x080091a3   Thumb Code    44  hal_uart.o(.text.UART_GetFlagStatus)
    UART_GetITStatus                         0x080091cf   Thumb Code    44  hal_uart.o(.text.UART_GetITStatus)
    UART_ITConfig                            0x080091fb   Thumb Code    66  hal_uart.o(.text.UART_ITConfig)
    UART_Init                                0x0800923d   Thumb Code   180  hal_uart.o(.text.UART_Init)
    UART_ReceiveData                         0x080092f1   Thumb Code    18  hal_uart.o(.text.UART_ReceiveData)
    UART_SendData                            0x08009303   Thumb Code    26  hal_uart.o(.text.UART_SendData)
    UART_StructInit                          0x0800931d   Thumb Code    46  hal_uart.o(.text.UART_StructInit)
    UART_bUARTTXBUFEMPT                      0x0800934d   Thumb Code    40  drv_sci.o(.text.UART_bUARTTXBUFEMPT)
    UART_vCONSOLE_Init                       0x08009371   Thumb Code   148  drv_sci.o(.text.UART_vCONSOLE_Init)
    UART_vGetUARTData                        0x08009401   Thumb Code    36  drv_sci.o(.text.UART_vGetUARTData)
    UART_vModbusTxDisable                    0x08009421   Thumb Code    16  drv_sci.o(.text.UART_vModbusTxDisable)
    UART_vSetUartReceiveCallbackFunc         0x08009465   Thumb Code    24  mm32_it.o(.text.UART_vSetUartReceiveCallbackFunc)
    UART_vWriteData                          0x0800947d   Thumb Code    76  drv_sci.o(.text.UART_vWriteData)
    UFN_vBackwardParamStartupInit            0x080094c9   Thumb Code   192  user_function.o(.text.UFN_vBackwardParamStartupInit)
    UFN_vForwardParamStartupInit             0x08009575   Thumb Code   184  user_function.o(.text.UFN_vForwardParamStartupInit)
    VOL_tGetDclVolRawSampleQ                 0x08009629   Thumb Code    12  voltage.o(.text.VOL_tGetDclVolRawSampleQ)
    Var_Filt                                 0x08009635   Thumb Code    72  user_function.o(.text.Var_Filt)
    WDG_Init                                 0x08009679   Thumb Code    14  main.o(.text.WDG_Init)
    WDG_Refresh                              0x08009687   Thumb Code     8  main.o(.text.WDG_Refresh)
    WDN_AlignInit                            0x0800968f   Thumb Code     8  winddetection.o(.text.WDN_AlignInit)
    WDN_vCalculateBemfPeak                   0x08009699   Thumb Code   460  winddetection.o(.text.WDN_vCalculateBemfPeak)
    WDN_vInitWindDetection                   0x08009861   Thumb Code   220  winddetection.o(.text.WDN_vInitWindDetection)
    WDN_vWindDetection                       0x08009939   Thumb Code   300  winddetection.o(.text.WDN_vWindDetection)
    WWDG_DeInit                              0x08009a65   Thumb Code    12  hal_wwdg.o(.text.WWDG_DeInit)
    WWDG_Enable                              0x08009a71   Thumb Code    28  hal_wwdg.o(.text.WWDG_Enable)
    WWDG_IRQHandler                          0x08009a8d   Thumb Code     2  mm32_it.o(.text.WWDG_IRQHandler)
    WWDG_Init                                0x08009a8f   Thumb Code    70  iec60730_b_aux.o(.text.WWDG_Init)
    WWDG_SetPrescaler                        0x08009ad5   Thumb Code    32  hal_wwdg.o(.text.WWDG_SetPrescaler)
    WWDG_SetWindowValue                      0x08009af1   Thumb Code    36  hal_wwdg.o(.text.WWDG_SetWindowValue)
    control_flow_check_point                 0x08009c45   Thumb Code    68  iec60730_b_startup.o(.text.control_flow_check_point)
    crc16                                    0x08009c89   Thumb Code   108  modbuscrc.o(.text.crc16)
    exNVIC_Init                              0x08009d41   Thumb Code   124  hal_misc.o(.text.exNVIC_Init)
    exRCC_APB1PeriphReset                    0x08009dbd   Thumb Code    36  hal_rcc.o(.text.exRCC_APB1PeriphReset)
    exRCC_APB2PeriphReset                    0x08009de1   Thumb Code    36  hal_rcc.o(.text.exRCC_APB2PeriphReset)
    fputc                                    0x08009e05   Thumb Code    56  uart_classb.o(.text.fputc)
    $Super$$main                             0x08009e3d   Thumb Code   112  main.o(.text.main)
    variable_reset                           0x08009ea9   Thumb Code   180  user_function.o(.text.variable_reset)
    __0printf                                0x08009f5d   Thumb Code    24  printfa.o(i.__0printf)
    __1printf                                0x08009f5d   Thumb Code     0  printfa.o(i.__0printf)
    __2printf                                0x08009f5d   Thumb Code     0  printfa.o(i.__0printf)
    __c89printf                              0x08009f5d   Thumb Code     0  printfa.o(i.__0printf)
    printf                                   0x08009f5d   Thumb Code     0  printfa.o(i.__0printf)
    __ARM_clz                                0x08009f7d   Thumb Code    46  depilogue.o(i.__ARM_clz)
    __scatterload_copy                       0x08009fab   Thumb Code    14  handlers.o(i.__scatterload_copy)
    __scatterload_null                       0x08009fb9   Thumb Code     2  handlers.o(i.__scatterload_null)
    __scatterload_zeroinit                   0x08009fbb   Thumb Code    14  handlers.o(i.__scatterload_zeroinit)
    Sin_Cos_Table                            0x0800a874   Data         512  mlib.o(.constdata)
    FPM_tCordicAngleTabQ15                   0x0800aa7a   Data          32  math.o(.rodata.FPM_tCordicAngleTabQ15)
    auchCRCHi                                0x0800aad8   Data         256  modbuscrc.o(.rodata.auchCRCHi)
    auchCRCLo                                0x0800abd8   Data         256  modbuscrc.o(.rodata.auchCRCLo)
    s_STATE_FAST                             0x0800ad18   Data          16  statemachine.o(.rodata.s_STATE_FAST)
    s_STATE_SLOW                             0x0800ad28   Data          16  statemachine.o(.rodata.s_STATE_SLOW)
    tbPresc                                  0x0800b017   Data          16  hal_rcc.o(.rodata.tbPresc)
    Region$$Table$$Base                      0x0800b028   Number         0  anon$$obj.o(Region$$Table)
    Region$$Table$$Limit                     0x0800b098   Number         0  anon$$obj.o(Region$$Table)
    __Check_Sum                              0x0800b0c0   Data           4  startup_mm32spin0280_keil.o(CHECKSUM)
    Load$$LR$$LR_IROM1$$Limit                0x0800b208   Number         0  anon$$obj.o ABSOLUTE
    aRunTimeRamBuf                           0x20000000   Data          32  iec60730_b_startup.o(RUN_TIME_RAM_BUF)
    pRunTimeRamChk                           0x20000020   Data           4  iec60730_b_startup.o(RUN_TIME_RAM_PNT)
    pRunTimeRamChkInv                        0x20000024   Data           4  iec60730_b_startup.o(RUN_TIME_RAM_PNT)
    aGAP_FOR_RAM_TEST_OVERLAY                0x20000028   Data           8  iec60730_b_startup.o(RUN_TIME_RAM_PNT)
    CtrlFlowCnt                              0x20000030   Data           4  iec60730_b_startup.o(CLASS_B_RAM)
    ISRCtrlFlowCnt                           0x20000034   Data           4  iec60730_b_startup.o(CLASS_B_RAM)
    PeriodValue                              0x20000038   Data           4  iec60730_b_startup.o(CLASS_B_RAM)
    TickCounter                              0x2000003c   Data           4  iec60730_b_startup.o(CLASS_B_RAM)
    TimeBaseFlag                             0x20000040   Data           4  iec60730_b_startup.o(CLASS_B_RAM)
    LSIPeriodFlag                            0x20000044   Data           4  iec60730_b_startup.o(CLASS_B_RAM)
    LastCtrlFlowCnt                          0x20000048   Data           4  iec60730_b_startup.o(CLASS_B_RAM)
    pRunCrc32Chk                             0x2000004c   Data           4  iec60730_b_startup.o(CLASS_B_RAM)
    RefCrc32                                 0x20000050   Data           4  iec60730_b_startup.o(CLASS_B_RAM)
    Incap_Freq                               0x20000054   Data           4  iec60730_b_startup.o(CLASS_B_RAM)
    CtrlFlowCntInv                           0x20000058   Data           4  iec60730_b_startup.o(CLASS_B_RAM_REV)
    ISRCtrlFlowCntInv                        0x2000005c   Data           4  iec60730_b_startup.o(CLASS_B_RAM_REV)
    PeriodValueInv                           0x20000060   Data           4  iec60730_b_startup.o(CLASS_B_RAM_REV)
    TickCounterInv                           0x20000064   Data           4  iec60730_b_startup.o(CLASS_B_RAM_REV)
    TimeBaseFlagInv                          0x20000068   Data           4  iec60730_b_startup.o(CLASS_B_RAM_REV)
    LSIPeriodFlagInv                         0x2000006c   Data           4  iec60730_b_startup.o(CLASS_B_RAM_REV)
    LastCtrlFlowCntInv                       0x20000070   Data           4  iec60730_b_startup.o(CLASS_B_RAM_REV)
    pRunCrc32ChkInv                          0x20000074   Data           4  iec60730_b_startup.o(CLASS_B_RAM_REV)
    RefCrc32Inv                              0x20000078   Data           4  iec60730_b_startup.o(CLASS_B_RAM_REV)
    __stdout                                 0x20000080   Data           4  stdout.o(.data)
    MOS_aucReadAllData                       0x200000a4   Data           8  modbus.o(.data.MOS_aucReadAllData)
    MOS_aucWriteData                         0x200000ac   Data           8  modbus.o(.data.MOS_aucWriteData)
    RegData                                  0x200000b6   Data          24  modbus.o(.data.RegData)
    SystemCoreClock                          0x20000128   Data           4  system_mm32spin0280.o(.data.SystemCoreClock)
    WDN_tWindDetectionPara                   0x2000012e   Data           2  winddetection.o(.data.WDN_tWindDetectionPara)
    eM1_MainState                            0x20000130   Data           1  statemachine.o(.data.eM1_MainState)
    App_FLASH_BLOCK_WORDS                    0x20000148   Data           4  iec60730_b_startup.o(.bss.App_FLASH_BLOCK_WORDS)
    App_REF_CRC32                            0x2000014c   Data           4  iec60730_b_startup.o(.bss.App_REF_CRC32)
    App_ROM_END                              0x20000150   Data           4  iec60730_b_startup.o(.bss.App_ROM_END)
    App_ROM_SIZE                             0x20000154   Data           4  iec60730_b_startup.o(.bss.App_ROM_SIZE)
    App_ROM_SIZEinWORDS                      0x20000158   Data           4  iec60730_b_startup.o(.bss.App_ROM_SIZEinWORDS)
    App_ROM_START                            0x2000015c   Data           4  iec60730_b_startup.o(.bss.App_ROM_START)
    App_STEPS_NUMBER                         0x20000160   Data           4  iec60730_b_startup.o(.bss.App_STEPS_NUMBER)
    Error_word                               0x20000230   Data           4  iec60730_b_startup.o(.bss.Error_word)
    FHE_eCurrentCallId                       0x200002a4   Data           1  fshandle.o(.bss.FHE_eCurrentCallId)
    FULL_FLASH_CHECKED                       0x20000388   Data           4  iec60730_b_runtimetest.o(.bss.FULL_FLASH_CHECKED)
    FlashFulltestcall                        0x20000394   Data           4  iec60730_b_startup.o(.bss.FlashFulltestcall)
    FlashRuntestcall                         0x20000398   Data           4  iec60730_b_runtimetest.o(.bss.FlashRuntestcall)
    M1FaultID                                0x2000039c   Data           2  main.o(.bss.M1FaultID)
    M1FaultID_Record                         0x2000039e   Data           2  main.o(.bss.M1FaultID_Record)
    MOS_tModbusData                          0x200003d9   Data          45  modbus.o(.bss.MOS_tModbusData)
    Motor_1st                                0x20000418   Data         340  main.o(.bss.Motor_1st)
    RAMBuffertest_end                        0x2000057c   Data           4  iec60730_b_startup.o(.bss.RAMBuffertest_end)
    RAMRunTimetest_end                       0x20000580   Data           4  iec60730_b_startup.o(.bss.RAMRunTimetest_end)
    RAMRunTimetest_start                     0x20000584   Data           4  iec60730_b_startup.o(.bss.RAMRunTimetest_start)
    RAM_endadd_run                           0x20000588   Data           4  iec60730_b_startup.o(.bss.RAM_endadd_run)
    STK_pfGeneralTimerCallback               0x20000638   Data           4  mm32_it.o(.bss.STK_pfGeneralTimerCallback)
    WDN_tWindDetectionData                   0x20000660   Data           8  winddetection.o(.bss.WDN_tWindDetectionData)
    eM1_RunSubState                          0x2000066d   Data           1  statemachine.o(.bss.eM1_RunSubState)
    rom_test                                 0x20000670   Data           4  iec60730_b_runtimetest.o(.bss.rom_test)
    runtime_checkindx                        0x20000674   Data           1  iec60730_b_runtimetest.o(.bss.runtime_checkindx)
    runtime_flash_CtrlFlow_indx              0x20000675   Data           1  iec60730_b_runtimetest.o(.bss.runtime_flash_CtrlFlow_indx)
    s16PosElEst_SMO                          0x20000676   Data           2  statemachine.o(.bss.s16PosElEst_SMO)
    temp                                     0x20000678   Data           4  iec60730_b_clocktest.o(.bss.temp)
    uwTick                                   0x200006ac   Data           4  iec60730_b_aux.o(.bss.uwTick)
    aStackOverFlowPtrn                       0x20001bf0   Data          16  iec60730_b_startup.o(STACK_BOTTOM)
    __initial_sp                             0x20002000   Data           0  startup_mm32spin0280_keil.o(STACK)



==============================================================================

Memory Map of the image

  Image Entry point : 0x080000c1

  Load Region LR_IROM1 (Base: 0x08000000, Size: 0x0000b208, Max: 0x00020000, ABSOLUTE)

    Execution Region ER_IROM1 (Exec base: 0x08000000, Load base: 0x08000000, Size: 0x0000b0c4, Max: 0x00020000, ABSOLUTE)

    Exec Addr    Load Addr    Size         Type   Attr      Idx    E Section Name        Object

    0x08000000   0x08000000   0x000000c0   Data   RO         2385    RESET               startup_mm32spin0280_keil.o
    0x080000c0   0x080000c0   0x00000000   Code   RO         2643  * .ARM.Collect$$$$00000000  mc_p.l(entry.o)
    0x080000c0   0x080000c0   0x00000004   Code   RO         2712    .ARM.Collect$$$$00000001  mc_p.l(entry2.o)
    0x080000c4   0x080000c4   0x00000004   Code   RO         2715    .ARM.Collect$$$$00000004  mc_p.l(entry5.o)
    0x080000c8   0x080000c8   0x00000000   Code   RO         2717    .ARM.Collect$$$$00000008  mc_p.l(entry7b.o)
    0x080000c8   0x080000c8   0x00000000   Code   RO         2719    .ARM.Collect$$$$0000000A  mc_p.l(entry8b.o)
    0x080000c8   0x080000c8   0x00000008   Code   RO         2720    .ARM.Collect$$$$0000000B  mc_p.l(entry9a.o)
    0x080000d0   0x080000d0   0x00000000   Code   RO         2722    .ARM.Collect$$$$0000000D  mc_p.l(entry10a.o)
    0x080000d0   0x080000d0   0x00000000   Code   RO         2724    .ARM.Collect$$$$0000000F  mc_p.l(entry11a.o)
    0x080000d0   0x080000d0   0x00000004   Code   RO         2713    .ARM.Collect$$$$00002712  mc_p.l(entry2.o)
    0x080000d4   0x080000d4   0x00000028   Code   RO         2386    .text               startup_mm32spin0280_keil.o
    0x080000fc   0x080000fc   0x000001b4   Code   RO         2577    .text               MCFLIB.lib(mcflib.o)
    0x080002b0   0x080002b0   0x000003ac   Code   RO         2579    .text               MLIB.lib(mlib.o)
    0x0800065c   0x0800065c   0x00000184   Code   RO         2604    .text               IEC60730B_M0_COM_KEIL_v1_0.lib(iec60730_b_cpurunkeil.o)
    0x080007e0   0x080007e0   0x00000210   Code   RO         2608    .text               IEC60730B_M0_COM_KEIL_v1_0.lib(iec60730_b_cpustartkeil.o)
    0x080009f0   0x080009f0   0x00000324   Code   RO         2612    .text               IEC60730B_M0_COM_KEIL_v1_0.lib(iec60730_b_ramtestkeil.o)
    0x08000d14   0x08000d14   0x0000002c   Code   RO         2646    .text               mc_p.l(uidiv.o)
    0x08000d40   0x08000d40   0x00000028   Code   RO         2648    .text               mc_p.l(idiv.o)
    0x08000d68   0x08000d68   0x00000008   Code   RO         2650    .text               mc_p.l(siabs.o)
    0x08000d70   0x08000d70   0x0000007a   Code   RO         2686    .text               mf_p.l(fmul.o)
    0x08000dea   0x08000dea   0x0000007c   Code   RO         2688    .text               mf_p.l(fdiv.o)
    0x08000e66   0x08000e66   0x00000002   PAD
    0x08000e68   0x08000e68   0x00000164   Code   RO         2690    .text               mf_p.l(dadd.o)
    0x08000fcc   0x08000fcc   0x000000d0   Code   RO         2692    .text               mf_p.l(dmul.o)
    0x0800109c   0x0800109c   0x000000f0   Code   RO         2694    .text               mf_p.l(ddiv.o)
    0x0800118c   0x0800118c   0x0000002c   Code   RO         2696    .text               mf_p.l(dcmple.o)
    0x080011b8   0x080011b8   0x0000002c   Code   RO         2698    .text               mf_p.l(dcmplt.o)
    0x080011e4   0x080011e4   0x0000002c   Code   RO         2700    .text               mf_p.l(dcmpge.o)
    0x08001210   0x08001210   0x0000000e   Code   RO         2702    .text               mf_p.l(ffltui.o)
    0x0800121e   0x0800121e   0x00000002   PAD
    0x08001220   0x08001220   0x00000028   Code   RO         2704    .text               mf_p.l(dflti.o)
    0x08001248   0x08001248   0x00000028   Code   RO         2706    .text               mf_p.l(ffixui.o)
    0x08001270   0x08001270   0x00000048   Code   RO         2708    .text               mf_p.l(dfixi.o)
    0x080012b8   0x080012b8   0x00000060   Code   RO         2727    .text               mc_p.l(uldiv.o)
    0x08001318   0x08001318   0x00000020   Code   RO         2729    .text               mc_p.l(llshl.o)
    0x08001338   0x08001338   0x00000022   Code   RO         2731    .text               mc_p.l(llushr.o)
    0x0800135a   0x0800135a   0x00000026   Code   RO         2733    .text               mc_p.l(llsshr.o)
    0x08001380   0x08001380   0x00000000   Code   RO         2735    .text               mc_p.l(iusefp.o)
    0x08001380   0x08001380   0x00000082   Code   RO         2736    .text               mf_p.l(fepilogue.o)
    0x08001402   0x08001402   0x000000be   Code   RO         2738    .text               mf_p.l(depilogue.o)
    0x080014c0   0x080014c0   0x00000040   Code   RO         2742    .text               mf_p.l(dfixul.o)
    0x08001500   0x08001500   0x00000028   Code   RO         2744    .text               mf_p.l(cdrcmple.o)
    0x08001528   0x08001528   0x00000024   Code   RO         2746    .text               mc_p.l(init.o)
    0x0800154c   0x0800154c   0x0000003a   Code   RO         2756    .text               mc_p.l(__dczerorl.o)
    0x08001586   0x08001586   0x00000002   PAD
    0x08001588   0x08001588   0x00000028   Code   RO         2541    .text.$Sub$$main    iec60730_b_startup.o
    0x080015b0   0x080015b0   0x00000002   Code   RO          151    .text.ADC1_IRQHandler  mm32_it.o
    0x080015b2   0x080015b2   0x00000002   PAD
    0x080015b4   0x080015b4   0x000001a4   Code   RO          165    .text.ADC2_IRQHandler  mm32_it.o
    0x08001758   0x08001758   0x0000007e   Code   RO         1287    .text.ADC_ANY_CH_Config  hal_adc.o
    0x080017d6   0x080017d6   0x00000034   Code   RO         1291    .text.ADC_ANY_Cmd   hal_adc.o
    0x0800180a   0x0800180a   0x0000002c   Code   RO         1289    .text.ADC_ANY_NUM_Config  hal_adc.o
    0x08001836   0x08001836   0x00000034   Code   RO         1317    .text.ADC_Calibration  hal_adc.o
    0x0800186a   0x0800186a   0x00000034   Code   RO         1285    .text.ADC_ClearITPendingBit  hal_adc.o
    0x0800189e   0x0800189e   0x00000034   Code   RO         1245    .text.ADC_Cmd       hal_adc.o
    0x080018d2   0x080018d2   0x00000034   Code   RO         1259    .text.ADC_ExternalTrigConvCmd  hal_adc.o
    0x08001906   0x08001906   0x0000006e   Code   RO         1249    .text.ADC_ITConfig  hal_adc.o
    0x08001974   0x08001974   0x00000054   Code   RO         1241    .text.ADC_Init      hal_adc.o
    0x080019c8   0x080019c8   0x000000d6   Code   RO         1255    .text.ADC_RegularChannelConfig  hal_adc.o
    0x08001a9e   0x08001a9e   0x00000026   Code   RO         1243    .text.ADC_StructInit  hal_adc.o
    0x08001ac4   0x08001ac4   0x00000034   Code   RO         1257    .text.ADC_TempSensorVrefintCmd  hal_adc.o
    0x08001af8   0x08001af8   0x000000cc   Code   RO         2400    .text.AutoCalPllFactor  system_mm32spin0280.o
    0x08001bc4   0x08001bc4   0x0000003c   Code   RO           89    .text.BSP_vDirectionDetect_Init  board.o
    0x08001c00   0x08001c00   0x00000046   Code   RO           83    .text.BSP_vUARTInit  board.o
    0x08001c46   0x08001c46   0x00000002   PAD
    0x08001c48   0x08001c48   0x000000c8   Code   RO           93    .text.Board_ADC_Init  board.o
    0x08001d10   0x08001d10   0x00000022   Code   RO           95    .text.Board_Comp_Init  board.o
    0x08001d32   0x08001d32   0x00000002   PAD
    0x08001d34   0x08001d34   0x00000084   Code   RO           67    .text.Bsp_Adc_Init  board.o
    0x08001db8   0x08001db8   0x00000040   Code   RO           85    .text.Bsp_Capture_Init  board.o
    0x08001df8   0x08001df8   0x00000038   Code   RO           69    .text.Bsp_Comp_Init  board.o
    0x08001e30   0x08001e30   0x00000028   Code   RO           91    .text.Bsp_Gpio_Init  board.o
    0x08001e58   0x08001e58   0x00000038   Code   RO           71    .text.Bsp_Led_Init  board.o
    0x08001e90   0x08001e90   0x00000070   Code   RO           65    .text.Bsp_Op_Init   board.o
    0x08001f00   0x08001f00   0x00000044   Code   RO           87    .text.Bsp_PWM_Output_Init  board.o
    0x08001f44   0x08001f44   0x000000c8   Code   RO           73    .text.Bsp_Pwm_Init  board.o
    0x0800200c   0x0800200c   0x000000a4   Code   RO         2424    .text.CBUart_Init   uart_classb.o
    0x080020b0   0x080020b0   0x00000002   Code   RO          175    .text.COMP1_2_3_4_5_IRQHandler  mm32_it.o
    0x080020b2   0x080020b2   0x00000002   PAD
    0x080020b4   0x080020b4   0x00000040   Code   RO         1355    .text.COMP_Cmd      hal_comp.o
    0x080020f4   0x080020f4   0x00000018   Code   RO         1349    .text.COMP_DeInit   hal_comp.o
    0x0800210c   0x0800210c   0x00000040   Code   RO         1351    .text.COMP_Init     hal_comp.o
    0x0800214c   0x0800214c   0x00000044   Code   RO         1357    .text.COMP_SetCrv   hal_comp.o
    0x08002190   0x08002190   0x00000040   Code   RO         1387    .text.CRC_CalcBlockCRC  hal_crc.o
    0x080021d0   0x080021d0   0x0000000c   Code   RO         1383    .text.CRC_ResetDR   hal_crc.o
    0x080021dc   0x080021dc   0x00000004   Code   RO          846    .text.CUR_tGetPhaseCurrentCalPointer  current.o
    0x080021e0   0x080021e0   0x000001bc   Code   RO          842    .text.CUR_updatePhaseCurrentBuffer  current.o
    0x0800239c   0x0800239c   0x00000068   Code   RO          844    .text.CUR_vGetPhaseCurrentBufferSamples  current.o
    0x08002404   0x08002404   0x0000002c   Code   RO          826    .text.CUR_vGetThreePhaseCur  current.o
    0x08002430   0x08002430   0x00000018   Code   RO          828    .text.CUR_vSetOffsetMeasState  current.o
    0x08002448   0x08002448   0x00000002   Code   RO          145    .text.DMA1_Channel1_IRQHandler  mm32_it.o
    0x0800244a   0x0800244a   0x00000002   Code   RO          147    .text.DMA1_Channel2_3_IRQHandler  mm32_it.o
    0x0800244c   0x0800244c   0x00000002   Code   RO          149    .text.DMA1_Channel4_5_IRQHandler  mm32_it.o
    0x0800244e   0x0800244e   0x00000002   PAD
    0x08002450   0x08002450   0x000000e0   Code   RO          380    .text.DcBus_Ripple_suppress  foc_pmsm.o
    0x08002530   0x08002530   0x00000050   Code   RO         1040    .text.Division      drv_div.o
    0x08002580   0x08002580   0x00000094   Code   RO         1010    .text.Drv_Adc_Basic_Init  drv_adc.o
    0x08002614   0x08002614   0x0000008a   Code   RO         1012    .text.Drv_Adc_Channel_Init  drv_adc.o
    0x0800269e   0x0800269e   0x00000080   Code   RO         1024    .text.Drv_Comp_Init  drv_comp.o
    0x0800271e   0x0800271e   0x0000001a   Code   RO         1036    .text.Drv_Hwdiv_Init  drv_div.o
    0x08002738   0x08002738   0x0000004c   Code   RO         1064    .text.Drv_Iwdg_Init  drv_iwdg.o
    0x08002784   0x08002784   0x00000028   Code   RO         1092    .text.Drv_Opamp_Init  drv_opamp.o
    0x080027ac   0x080027ac   0x00000128   Code   RO         1104    .text.Drv_Pwm_Init  drv_pwm.o
    0x080028d4   0x080028d4   0x00000016   Code   RO         1165    .text.Drv_Sqrt_Init  drv_sqrt.o
    0x080028ea   0x080028ea   0x00000002   PAD
    0x080028ec   0x080028ec   0x0000006c   Code   RO         1179    .text.Drv_Tim16_Counter_Init  drv_counter.o
    0x08002958   0x08002958   0x000000a0   Code   RO         1195    .text.Drv_Tim17_PWM_Out_Init  drv_output.o
    0x080029f8   0x080029f8   0x000000c8   Code   RO         1213    .text.Drv_Tim3_Pwm_In_Init  drv_capture.o
    0x08002ac0   0x08002ac0   0x00000010   Code   RO         1183    .text.Drv_u32GetTim16CountVal  drv_counter.o
    0x08002ad0   0x08002ad0   0x00000010   Code   RO         1215    .text.Drv_vCaptureInit  drv_capture.o
    0x08002ae0   0x08002ae0   0x00000028   Code   RO         1197    .text.Drv_vPwmOutputInit  drv_output.o
    0x08002b08   0x08002b08   0x00000040   Code   RO         1199    .text.Drv_vSetOutputFreq  drv_output.o
    0x08002b48   0x08002b48   0x00000002   Code   RO          137    .text.EXTI0_1_IRQHandler  mm32_it.o
    0x08002b4a   0x08002b4a   0x00000002   Code   RO          139    .text.EXTI2_3_IRQHandler  mm32_it.o
    0x08002b4c   0x08002b4c   0x0000018c   Code   RO          141    .text.EXTI4_15_IRQHandler  mm32_it.o
    0x08002cd8   0x08002cd8   0x00000014   Code   RO         1528    .text.EXTI_ClearFlag  hal_exti.o
    0x08002cec   0x08002cec   0x00000028   Code   RO         1526    .text.EXTI_GetFlagStatus  hal_exti.o
    0x08002d14   0x08002d14   0x0000001c   Code   RO          764    .text.FCK_vInitSafeTime  fsclock.o
    0x08002d30   0x08002d30   0x000000e0   Code   RO          782    .text.FCN_vGetPhaseVoltage  fscommon.o
    0x08002e10   0x08002e10   0x00000024   Code   RO          786    .text.FCN_vGetThreePhaseVol  fscommon.o
    0x08002e34   0x08002e34   0x00000010   Code   RO          604    .text.FHE_vFunctionSafetyCheck  fshandle.o
    0x08002e44   0x08002e44   0x00000058   Code   RO          602    .text.FHE_vHandleTask  fshandle.o
    0x08002e9c   0x08002e9c   0x00000044   Code   RO          980    .text.FIR_vCalcFilter  filter.o
    0x08002ee0   0x08002ee0   0x00000002   Code   RO          133    .text.FLASH_IRQHandler  mm32_it.o
    0x08002ee2   0x08002ee2   0x00000008   Code   RO          621    .text.FMC_u32GetSystickTimerCounter  fsmcu.o
    0x08002eea   0x08002eea   0x00000002   PAD
    0x08002eec   0x08002eec   0x00000010   Code   RO          617    .text.FMC_vSetSystickTimerRegisters  fsmcu.o
    0x08002efc   0x08002efc   0x0000014c   Code   RO          388    .text.FOC_Current_Controller  foc_pmsm.o
    0x08003048   0x08003048   0x00000200   Code   RO          645    .text.FPL_vEvaluateCurrentAsymmetry  fsphaseloss.o
    0x08003248   0x08003248   0x00000164   Code   RO          643    .text.FPL_vEvaluateStaticVector  fsphaseloss.o
    0x080033ac   0x080033ac   0x00000188   Code   RO          647    .text.FPL_vEvaluateVoltageAsymmetry  fsphaseloss.o
    0x08003534   0x08003534   0x00000008   Code   RO          649    .text.FPL_vPhaseLossCheck  fsphaseloss.o
    0x0800353c   0x0800353c   0x00000024   Code   RO          635    .text.FPL_vPhaseLossEvaluation  fsphaseloss.o
    0x08003560   0x08003560   0x00000180   Code   RO          633    .text.FPL_vPhaselossprepareSamples  fsphaseloss.o
    0x080036e0   0x080036e0   0x00000108   Code   RO          958    .text.FPM_vCart2Pol  math.o
    0x080037e8   0x080037e8   0x00000008   Code   RO          681    .text.FRK_vCheckMotorLock  fsrotorlock.o
    0x080037f0   0x080037f0   0x00000178   Code   RO          677    .text.FRK_vCheckMotorLockComplex  fsrotorlock.o
    0x08003968   0x08003968   0x00000008   Code   RO          675    .text.FRK_vLockedRotorEvaluation  fsrotorlock.o
    0x08003970   0x08003970   0x00000090   Code   RO          671    .text.FRK_vcalcBemf  fsrotorlock.o
    0x08003a00   0x08003a00   0x000000bc   Code   RO          667    .text.FRK_vcalcCurrentVector  fsrotorlock.o
    0x08003abc   0x08003abc   0x00000094   Code   RO          669    .text.FRK_vcalcVoltageVector  fsrotorlock.o
    0x08003b50   0x08003b50   0x00000098   Code   RO         2436    .text.FailSafePOR   iec60730_b_aux.o
    0x08003be8   0x08003be8   0x000000f8   Code   RO          460    .text.Fault_LED_Disp  statemachine.o
    0x08003ce0   0x08003ce0   0x00000150   Code   RO         2533    .text.Flashtest_config  iec60730_b_startup.o
    0x08003e30   0x08003e30   0x00000118   Code   RO         1614    .text.GPIO_Init     hal_gpio.o
    0x08003f48   0x08003f48   0x0000005e   Code   RO         1638    .text.GPIO_PinAFConfig  hal_gpio.o
    0x08003fa6   0x08003fa6   0x0000002c   Code   RO         1618    .text.GPIO_ReadInputDataBit  hal_gpio.o
    0x08003fd2   0x08003fd2   0x00000002   PAD
    0x08003fd4   0x08003fd4   0x00000024   Code   RO         1616    .text.GPIO_StructInit  hal_gpio.o
    0x08003ff8   0x08003ff8   0x0000006c   Code   RO          382    .text.Get_ADC_Result  foc_pmsm.o
    0x08004064   0x08004064   0x00000010   Code   RO         1038    .text.HDIV_SignInit  drv_div.o
    0x08004074   0x08004074   0x00000002   Code   RO          143    .text.HWDIV_IRQHandler  mm32_it.o
    0x08004076   0x08004076   0x00000002   PAD
    0x08004078   0x08004078   0x0000003c   Code   RO         1167    .text.Hw_Sqrt       drv_sqrt.o
    0x080040b4   0x080040b4   0x00000002   Code   RO          173    .text.I2C1_IRQHandler  mm32_it.o
    0x080040b6   0x080040b6   0x00000002   PAD
    0x080040b8   0x080040b8   0x0000003c   Code   RO         2547    .text.IEC60730_B_CRC_StoreclassBData  iec60730_b_startup.o
    0x080040f4   0x080040f4   0x00000038   Code   RO         2503    .text.IEC60730_B_CpuRunTime_test  iec60730_b_runtimetest.o
    0x0800412c   0x0800412c   0x00000180   Code   RO         2513    .text.IEC60730_B_FlashRunTime_test  iec60730_b_runtimetest.o
    0x080042ac   0x080042ac   0x00000038   Code   RO         2537    .text.IEC60730_B_FullCpu_test  iec60730_b_startup.o
    0x080042e4   0x080042e4   0x000000a4   Code   RO         2618    .text.IEC60730_B_FullFlash_test  IEC60730B_M0_COM_KEIL_v1_0.lib(iec60730_b_flashtest.o)
    0x08004388   0x08004388   0x000000e0   Code   RO         2631    .text.IEC60730_B_TranspMarch  IEC60730B_M0_COM_KEIL_v1_0.lib(iec60730_b_transpram.o)
    0x08004468   0x08004468   0x00000028   Code   RO         2629    .text.IEC60730_B_TranspMarchInit  IEC60730B_M0_COM_KEIL_v1_0.lib(iec60730_b_transpram.o)
    0x08004490   0x08004490   0x00000108   Code   RO         2442    .text.IEC60730_B_WDGSelfTest  iec60730_b_aux.o
    0x08004598   0x08004598   0x00000148   Code   RO         2543    .text.IEC60730_B_startup  iec60730_b_startup.o
    0x080046e0   0x080046e0   0x00000084   Code   RO         2507    .text.IEC60730_CheckStack  iec60730_b_runtimetest.o
    0x08004764   0x08004764   0x00000054   Code   RO         2469    .text.IEC60730_ClockStartUpTest  iec60730_b_clocktest.o
    0x080047b8   0x080047b8   0x0000008c   Code   RO         2509    .text.IEC60730_ClockTest_RunTime  iec60730_b_runtimetest.o
    0x08004844   0x08004844   0x00000038   Code   RO         2539    .text.IEC60730_ClockTest_Startup  iec60730_b_startup.o
    0x0800487c   0x0800487c   0x000000e4   Code   RO         2511    .text.IEC60730_DoRunTimeChecks  iec60730_b_runtimetest.o
    0x08004960   0x08004960   0x0000001c   Code   RO         2616    .text.IEC60730_FlashCrc32Init  IEC60730B_M0_COM_KEIL_v1_0.lib(iec60730_b_flashtest.o)
    0x0800497c   0x0800497c   0x0000003c   Code   RO         2471    .text.IEC60730_InitClock_Xcross_Measurement  iec60730_b_clocktest.o
    0x080049b8   0x080049b8   0x00000134   Code   RO         2499    .text.IEC60730_InitRunTimeChecks  iec60730_b_runtimetest.o
    0x08004aec   0x08004aec   0x00000078   Code   RO         2465    .text.IEC60730_MainClockTest  iec60730_b_clocktest.o
    0x08004b64   0x08004b64   0x00000040   Code   RO         2505    .text.IEC60730_Stack_Check  iec60730_b_runtimetest.o
    0x08004ba4   0x08004ba4   0x00000058   Code   RO         2467    .text.IEC60730_clockrun_valuecheck  iec60730_b_clocktest.o
    0x08004bfc   0x08004bfc   0x00000118   Code   RO         2620    .text.IEC60730_crc32Run  IEC60730B_M0_COM_KEIL_v1_0.lib(iec60730_b_flashtest.o)
    0x08004d14   0x08004d14   0x0000000c   Code   RO         1732    .text.IWDG_Enable   hal_iwdg.o
    0x08004d20   0x08004d20   0x0000002c   Code   RO         1734    .text.IWDG_GetFlagStatus  hal_iwdg.o
    0x08004d4c   0x08004d4c   0x0000000c   Code   RO         1730    .text.IWDG_ReloadCounter  hal_iwdg.o
    0x08004d58   0x08004d58   0x00000020   Code   RO         1720    .text.IWDG_SetPrescaler  hal_iwdg.o
    0x08004d78   0x08004d78   0x0000001c   Code   RO         1724    .text.IWDG_SetReload  hal_iwdg.o
    0x08004d94   0x08004d94   0x00000018   Code   RO         1718    .text.IWDG_WriteAccessCmd  hal_iwdg.o
    0x08004dac   0x08004dac   0x0000027c   Code   RO          225    .text.Init_Parameter  user_function.o
    0x08005028   0x08005028   0x00000074   Code   RO          123    .text.Interrupt_Init  mm32_it.o
    0x0800509c   0x0800509c   0x00000078   Code   RO         2438    .text.Iwdg_Init     iec60730_b_aux.o
    0x08005114   0x08005114   0x000000fc   Code   RO          452    .text.M1_FaultDetection  statemachine.o
    0x08005210   0x08005210   0x00000014   Code   RO          436    .text.M1_Fault_Fast  statemachine.o
    0x08005224   0x08005224   0x00000044   Code   RO          444    .text.M1_Fault_Slow  statemachine.o
    0x08005268   0x08005268   0x0000001c   Code   RO          438    .text.M1_Init_Fast  statemachine.o
    0x08005284   0x08005284   0x0000000c   Code   RO          446    .text.M1_Init_Slow  statemachine.o
    0x08005290   0x08005290   0x00000050   Code   RO          492    .text.M1_RunAlignFast  statemachine.o
    0x080052e0   0x080052e0   0x000000c0   Code   RO          512    .text.M1_RunAlignSlow  statemachine.o
    0x080053a0   0x080053a0   0x0000002c   Code   RO          490    .text.M1_RunBrakeFast  statemachine.o
    0x080053cc   0x080053cc   0x00000002   Code   RO          510    .text.M1_RunBrakeSlow  statemachine.o
    0x080053ce   0x080053ce   0x00000008   Code   RO          484    .text.M1_RunCalibFast  statemachine.o
    0x080053d6   0x080053d6   0x00000002   PAD
    0x080053d8   0x080053d8   0x0000000c   Code   RO          504    .text.M1_RunCalibSlow  statemachine.o
    0x080053e4   0x080053e4   0x00000050   Code   RO          498    .text.M1_RunFreewheelFast  statemachine.o
    0x08005434   0x08005434   0x00000060   Code   RO          518    .text.M1_RunFreewheelSlow  statemachine.o
    0x08005494   0x08005494   0x0000008c   Code   RO          486    .text.M1_RunReadyFast  statemachine.o
    0x08005520   0x08005520   0x00000010   Code   RO          506    .text.M1_RunReadySlow  statemachine.o
    0x08005530   0x08005530   0x00000050   Code   RO          496    .text.M1_RunSpinFast  statemachine.o
    0x08005580   0x08005580   0x0000006c   Code   RO          516    .text.M1_RunSpinSlow  statemachine.o
    0x080055ec   0x080055ec   0x00000178   Code   RO          494    .text.M1_RunStartupFast  statemachine.o
    0x08005764   0x08005764   0x0000017c   Code   RO          514    .text.M1_RunStartupSlow  statemachine.o
    0x080058e0   0x080058e0   0x00000034   Code   RO          488    .text.M1_RunWindDetFast  statemachine.o
    0x08005914   0x08005914   0x00000010   Code   RO          508    .text.M1_RunWindDetSlow  statemachine.o
    0x08005924   0x08005924   0x00000034   Code   RO          442    .text.M1_Run_Fast   statemachine.o
    0x08005958   0x08005958   0x00000020   Code   RO          450    .text.M1_Run_Slow   statemachine.o
    0x08005978   0x08005978   0x00000038   Code   RO          440    .text.M1_Stop_Fast  statemachine.o
    0x080059b0   0x080059b0   0x0000002c   Code   RO          448    .text.M1_Stop_Slow  statemachine.o
    0x080059dc   0x080059dc   0x00000008   Code   RO          462    .text.M1_SwitchFaultStop  statemachine.o
    0x080059e4   0x080059e4   0x00000008   Code   RO          454    .text.M1_SwitchInitStop  statemachine.o
    0x080059ec   0x080059ec   0x00000020   Code   RO          520    .text.M1_SwitchRunAlignReady  statemachine.o
    0x08005a0c   0x08005a0c   0x00000054   Code   RO          522    .text.M1_SwitchRunAlignStartup  statemachine.o
    0x08005a60   0x08005a60   0x00000010   Code   RO          500    .text.M1_SwitchRunCalibReady  statemachine.o
    0x08005a70   0x08005a70   0x00000020   Code   RO          458    .text.M1_SwitchRunFault  statemachine.o
    0x08005a90   0x08005a90   0x00000024   Code   RO          534    .text.M1_SwitchRunFreewheelReady  statemachine.o
    0x08005ab4   0x08005ab4   0x00000008   Code   RO          466    .text.M1_SwitchRunReadyWindDet  statemachine.o
    0x08005abc   0x08005abc   0x00000018   Code   RO          532    .text.M1_SwitchRunSpinFreewheel  statemachine.o
    0x08005ad4   0x08005ad4   0x00000008   Code   RO          528    .text.M1_SwitchRunStartupFreewheel  statemachine.o
    0x08005adc   0x08005adc   0x00000078   Code   RO          530    .text.M1_SwitchRunStartupSpin  statemachine.o
    0x08005b54   0x08005b54   0x00000008   Code   RO          470    .text.M1_SwitchRunWindDetAlign  statemachine.o
    0x08005b5c   0x08005b5c   0x00000008   Code   RO          468    .text.M1_SwitchRunWindDetBrake  statemachine.o
    0x08005b64   0x08005b64   0x00000008   Code   RO          474    .text.M1_SwitchRunWindDetReady  statemachine.o
    0x08005b6c   0x08005b6c   0x00000008   Code   RO          456    .text.M1_SwitchStopFault  statemachine.o
    0x08005b74   0x08005b74   0x00000018   Code   RO          464    .text.M1_SwitchStopRun  statemachine.o
    0x08005b8c   0x08005b8c   0x0000006c   Code   RO          502    .text.MCFLIB_Clark_Sat_S16  statemachine.o
    0x08005bf8   0x08005bf8   0x0000007c   Code   RO          571    .text.MCFLIB_Clark_Sat_S16  winddetection.o
    0x08005c74   0x08005c74   0x00000068   Code   RO          394    .text.MCFLIB_InvPark_S16  foc_pmsm.o
    0x08005cdc   0x08005cdc   0x00000068   Code   RO          575    .text.MCFLIB_InvPark_S16  winddetection.o
    0x08005d44   0x08005d44   0x00000068   Code   RO          390    .text.MCFLIB_Park_S16  foc_pmsm.o
    0x08005dac   0x08005dac   0x00000068   Code   RO          573    .text.MCFLIB_Park_S16  winddetection.o
    0x08005e14   0x08005e14   0x00000008   Code   RO          193    .text.MIT_ptGetCaptureData  mm32_it.o
    0x08005e1c   0x08005e1c   0x000000a4   Code   RO          167    .text.MIT_vReadNormalADCValue  mm32_it.o
    0x08005ec0   0x08005ec0   0x00000068   Code   RO          239    .text.MLIB_AddSat_Q31  user_function.o
    0x08005f28   0x08005f28   0x00000010   Code   RO          526    .text.MLIB_Conv_Q15l  statemachine.o
    0x08005f38   0x08005f38   0x00000012   Code   RO          524    .text.MLIB_Conv_Q31s  statemachine.o
    0x08005f4a   0x08005f4a   0x00000046   Code   RO          233    .text.MLIB_FilterMA_Q15  user_function.o
    0x08005f90   0x08005f90   0x00000026   Code   RO          356    .text.MLIB_Mul_Q15  speedcontrol.o
    0x08005fb6   0x08005fb6   0x00000026   Code   RO          386    .text.MLIB_Mul_Q15  foc_pmsm.o
    0x08005fdc   0x08005fdc   0x00000026   Code   RO          480    .text.MLIB_Mul_Q15  statemachine.o
    0x08006002   0x08006002   0x00000026   Code   RO          673    .text.MLIB_Mul_Q15  fsrotorlock.o
    0x08006028   0x08006028   0x00000026   Code   RO          706    .text.MLIB_Mul_Q15  speedmonitor.o
    0x0800604e   0x0800604e   0x00000026   Code   RO          784    .text.MLIB_Mul_Q15  fscommon.o
    0x08006074   0x08006074   0x00000014   Code   RO          227    .text.MLIB_Neg_Q15  user_function.o
    0x08006088   0x08006088   0x00000014   Code   RO          392    .text.MLIB_Neg_Q15  foc_pmsm.o
    0x0800609c   0x0800609c   0x00000058   Code   RO          245    .text.MLIB_Sat_Q15  user_function.o
    0x080060f4   0x080060f4   0x0000001c   Code   RO          241    .text.MLIB_ShR_Q31  user_function.o
    0x08006110   0x08006110   0x00000070   Code   RO          243    .text.MLIB_SubSat_Q31  user_function.o
    0x08006180   0x08006180   0x00000010   Code   RO          293    .text.MOS_bGetInitStatus  modbus.o
    0x08006190   0x08006190   0x00000018   Code   RO          267    .text.MOS_vCallbackInit  modbus.o
    0x080061a8   0x080061a8   0x0000004c   Code   RO          285    .text.MOS_vCheckReadAllDataCommand  modbus.o
    0x080061f4   0x080061f4   0x0000004c   Code   RO          281    .text.MOS_vCheckWriteDataCommand  modbus.o
    0x08006240   0x08006240   0x0000000c   Code   RO          277    .text.MOS_vConfigureSlaveAddress  modbus.o
    0x0800624c   0x0800624c   0x00000048   Code   RO          271    .text.MOS_vDataReceiveInterrupt  modbus.o
    0x08006294   0x08006294   0x00000060   Code   RO          259    .text.MOS_vEventHandler  modbus.o
    0x080062f4   0x080062f4   0x000000d8   Code   RO          291    .text.MOS_vModBusHandler_2  modbus.o
    0x080063cc   0x080063cc   0x00000114   Code   RO          283    .text.MOS_vModbudFun6  modbus.o
    0x080064e0   0x080064e0   0x0000012c   Code   RO          287    .text.MOS_vModbusFun4  modbus.o
    0x0800660c   0x0800660c   0x00000024   Code   RO          273    .text.MOS_vModbusInit  modbus.o
    0x08006630   0x08006630   0x00000008   Code   RO          275    .text.MOS_vModbusProtocalConfig  modbus.o
    0x08006638   0x08006638   0x00000044   Code   RO          289    .text.MOS_vReadWriteDataCommon  modbus.o
    0x0800667c   0x0800667c   0x00000042   Code   RO          261    .text.MOS_vRegisterHandler  modbus.o
    0x080066be   0x080066be   0x00000002   PAD
    0x080066c0   0x080066c0   0x00000014   Code   RO          265    .text.MOS_vSlaveAddressUpdate  modbus.o
    0x080066d4   0x080066d4   0x00000038   Code   RO          269    .text.MOS_vTimeoutInterrupt  modbus.o
    0x0800670c   0x0800670c   0x0000002c   Code   RO          257    .text.MOS_vTriggerEvent  modbus.o
    0x08006738   0x08006738   0x00000002   Code   RO          263    .text.MOS_vWriteDataIntoEEP  modbus.o
    0x0800673a   0x0800673a   0x00000002   PAD
    0x0800673c   0x0800673c   0x00000098   Code   RO          482    .text.MOT_vAngleSmoothSwitch  statemachine.o
    0x080067d4   0x080067d4   0x0000001c   Code   RO         2448    .text.NMI_Handler   iec60730_b_aux.o
    0x080067f0   0x080067f0   0x0000002c   Code   RO          121    .text.NVIC_Configure  mm32_it.o
    0x0800681c   0x0800681c   0x0000007c   Code   RO         1764    .text.NVIC_Init     hal_misc.o
    0x08006898   0x08006898   0x00000038   Code   RO         1782    .text.OPAMP_Configure  hal_opamp.o
    0x080068d0   0x080068d0   0x000000b0   Code   RO          384    .text.PMSM_Obs      foc_pmsm.o
    0x08006980   0x08006980   0x00000002   Code   RO          129    .text.PVD_IRQHandler  mm32_it.o
    0x08006982   0x08006982   0x00000014   Code   RO         1722    .text.PVU_CheckStatus  hal_iwdg.o
    0x08006996   0x08006996   0x00000002   Code   RO          131    .text.PWM_IRQHandler  mm32_it.o
    0x08006998   0x08006998   0x00000078   Code   RO          478    .text.PWM_Update    statemachine.o
    0x08006a10   0x08006a10   0x00000044   Code   RO          109    .text.Peripheral_Init  board.o
    0x08006a54   0x08006a54   0x00000034   Code   RO         1866    .text.RCC_AHBPeriphClockCmd  hal_rcc.o
    0x08006a88   0x08006a88   0x00000034   Code   RO         1870    .text.RCC_APB1PeriphClockCmd  hal_rcc.o
    0x08006abc   0x08006abc   0x00000034   Code   RO         1868    .text.RCC_APB2PeriphClockCmd  hal_rcc.o
    0x08006af0   0x08006af0   0x00000020   Code   RO         1890    .text.RCC_ClearITPendingBit  hal_rcc.o
    0x08006b10   0x08006b10   0x00000024   Code   RO         1880    .text.RCC_ClockSecuritySystemCmd  hal_rcc.o
    0x08006b34   0x08006b34   0x000000f4   Code   RO         1922    .text.RCC_GPIO_ClockCmd  hal_rcc.o
    0x08006c28   0x08006c28   0x0000006c   Code   RO         1828    .text.RCC_GetFlagStatus  hal_rcc.o
    0x08006c94   0x08006c94   0x00000018   Code   RO         1858    .text.RCC_GetHCLKFreq  hal_rcc.o
    0x08006cac   0x08006cac   0x0000001c   Code   RO         1860    .text.RCC_GetPCLK1Freq  hal_rcc.o
    0x08006cc8   0x08006cc8   0x00000020   Code   RO         1862    .text.RCC_GetPCLK2Freq  hal_rcc.o
    0x08006ce8   0x08006ce8   0x000000c4   Code   RO         1856    .text.RCC_GetSysClockFreq  hal_rcc.o
    0x08006dac   0x08006dac   0x00000002   Code   RO          135    .text.RCC_IRQHandler  mm32_it.o
    0x08006dae   0x08006dae   0x00000002   PAD
    0x08006db0   0x08006db0   0x00000024   Code   RO         1854    .text.RCC_LSICmd    hal_rcc.o
    0x08006dd4   0x08006dd4   0x0000008c   Code   RO         1928    .text.RCC_UART_ClockCmd  hal_rcc.o
    0x08006e60   0x08006e60   0x00000248   Code   RO          641    .text.RMP_vOpenPhaseCheckComplex  fsphaseloss.o
    0x080070a8   0x080070a8   0x00000014   Code   RO         1726    .text.RVU_CheckStatus  hal_iwdg.o
    0x080070bc   0x080070bc   0x0000003c   Code   RO         2535    .text.Ramtest_config  iec60730_b_startup.o
    0x080070f8   0x080070f8   0x00000068   Code   RO          350    .text.SCL_bDataFilter  speedcontrol.o
    0x08007160   0x08007160   0x000001e4   Code   RO          354    .text.SCL_vCalcualteTargetSpeed  speedcontrol.o
    0x08007344   0x08007344   0x00000048   Code   RO          352    .text.SCL_vCalculateActualSpeedFromPU  speedcontrol.o
    0x0800738c   0x0800738c   0x000000c8   Code   RO          348    .text.SCL_vMotorDirectionCheck  speedcontrol.o
    0x08007454   0x08007454   0x000000ac   Code   RO          362    .text.SCL_vSpeedControlHandle  speedcontrol.o
    0x08007500   0x08007500   0x00000158   Code   RO          360    .text.SCL_vSpeedControlModbusHandle  speedcontrol.o
    0x08007658   0x08007658   0x00000078   Code   RO          358    .text.SCL_vSpeedControlPWMHandle  speedcontrol.o
    0x080076d0   0x080076d0   0x00000008   Code   RO          720    .text.SMR_vCheckSpeedMonitor  speedmonitor.o
    0x080076d8   0x080076d8   0x00000124   Code   RO          718    .text.SMR_vCheckSpeedMonitorImplement  speedmonitor.o
    0x080077fc   0x080077fc   0x0000024c   Code   RO          708    .text.SMR_vIndependentMotorModelCalculation  speedmonitor.o
    0x08007a48   0x08007a48   0x00000008   Code   RO          716    .text.SMR_vSpeedEvaluation  speedmonitor.o
    0x08007a50   0x08007a50   0x00000028   Code   RO          714    .text.SMR_vSpeedEvaluationComplex  speedmonitor.o
    0x08007a78   0x08007a78   0x00000002   Code   RO          177    .text.SPI1_IRQHandler  mm32_it.o
    0x08007a7a   0x08007a7a   0x00000002   Code   RO          179    .text.SPI2_IRQHandler  mm32_it.o
    0x08007a7c   0x08007a7c   0x00000014   Code   RO          762    .text.STK_tGetSafeTime  fsclock.o
    0x08007a90   0x08007a90   0x00000018   Code   RO          189    .text.STK_vSetGenericTimerCallbackFunc  mm32_it.o
    0x08007aa8   0x08007aa8   0x000000ec   Code   RO          760    .text.STK_vTriggerSafeTime  fsclock.o
    0x08007b94   0x08007b94   0x0000000e   Code   RO         2398    .text.SetSysClock   system_mm32spin0280.o
    0x08007ba2   0x08007ba2   0x00000002   PAD
    0x08007ba4   0x08007ba4   0x00000060   Code   RO         2396    .text.SetSysClockToDefaultHSI  system_mm32spin0280.o
    0x08007c04   0x08007c04   0x00000190   Code   RO         2404    .text.SetSysClockWithHsiPLL  system_mm32spin0280.o
    0x08007d94   0x08007d94   0x00000058   Code   RO         2501    .text.SysTick_Config  iec60730_b_runtimetest.o
    0x08007dec   0x08007dec   0x00000198   Code   RO         2450    .text.SysTick_Handler  iec60730_b_aux.o
    0x08007f84   0x08007f84   0x000000cc   Code   RO         2402    .text.SystemCoreClockUpdate  system_mm32spin0280.o
    0x08008050   0x08008050   0x0000000c   Code   RO         2394    .text.SystemInit    system_mm32spin0280.o
    0x0800805c   0x0800805c   0x00000054   Code   RO         2035    .text.TI1_Configure  hal_tim.o
    0x080080b0   0x080080b0   0x0000005a   Code   RO         2039    .text.TI2_Configure  hal_tim.o
    0x0800810a   0x0800810a   0x0000005a   Code   RO         2043    .text.TI3_Configure  hal_tim.o
    0x08008164   0x08008164   0x0000005e   Code   RO         2047    .text.TI4_Configure  hal_tim.o
    0x080081c2   0x080081c2   0x00000002   Code   RO          163    .text.TIM14_IRQHandler  mm32_it.o
    0x080081c4   0x080081c4   0x00000002   Code   RO          169    .text.TIM16_IRQHandler  mm32_it.o
    0x080081c6   0x080081c6   0x00000002   Code   RO          171    .text.TIM17_IRQHandler  mm32_it.o
    0x080081c8   0x080081c8   0x00000038   Code   RO          153    .text.TIM1_BRK_UP_TRG_COM_IRQHandler  mm32_it.o
    0x08008200   0x08008200   0x00000002   Code   RO          155    .text.TIM1_CC_IRQHandler  mm32_it.o
    0x08008202   0x08008202   0x00000002   PAD
    0x08008204   0x08008204   0x00000114   Code   RO         2479    .text.TIM2_IRQHandler  iec60730_b_clocktest.o
    0x08008318   0x08008318   0x00000048   Code   RO          157    .text.TIM3_IRQHandler  mm32_it.o
    0x08008360   0x08008360   0x00000002   Code   RO          159    .text.TIM8_BRK_UP_TRG_COM_IRQHandler  mm32_it.o
    0x08008362   0x08008362   0x00000002   Code   RO          161    .text.TIM8_CC_IRQHandler  mm32_it.o
    0x08008364   0x08008364   0x00000034   Code   RO         2103    .text.TIM_ARRPreloadConfig  hal_tim.o
    0x08008398   0x08008398   0x00000034   Code   RO         2053    .text.TIM_BDTRConfig  hal_tim.o
    0x080083cc   0x080083cc   0x00000034   Code   RO         2149    .text.TIM_CCxCmd    hal_tim.o
    0x08008400   0x08008400   0x0000001e   Code   RO         2197    .text.TIM_ClearFlag  hal_tim.o
    0x0800841e   0x0800841e   0x0000001e   Code   RO         2201    .text.TIM_ClearITPendingBit  hal_tim.o
    0x0800843c   0x0800843c   0x00000034   Code   RO         2063    .text.TIM_Cmd       hal_tim.o
    0x08008470   0x08008470   0x00000038   Code   RO         2065    .text.TIM_CtrlPWMOutputs  hal_tim.o
    0x080084a8   0x080084a8   0x000000a4   Code   RO         2021    .text.TIM_DeInit    hal_tim.o
    0x0800854c   0x0800854c   0x00000010   Code   RO         2183    .text.TIM_GetCapture1  hal_tim.o
    0x0800855c   0x0800855c   0x00000010   Code   RO         2185    .text.TIM_GetCapture2  hal_tim.o
    0x0800856c   0x0800856c   0x00000010   Code   RO         2189    .text.TIM_GetCapture4  hal_tim.o
    0x0800857c   0x0800857c   0x00000010   Code   RO         2191    .text.TIM_GetCounter  hal_tim.o
    0x0800858c   0x0800858c   0x0000002a   Code   RO         2195    .text.TIM_GetFlagStatus  hal_tim.o
    0x080085b6   0x080085b6   0x00000046   Code   RO         2199    .text.TIM_GetITStatus  hal_tim.o
    0x080085fc   0x080085fc   0x000000c0   Code   RO         2033    .text.TIM_ICInit    hal_tim.o
    0x080086bc   0x080086bc   0x00000024   Code   RO         2059    .text.TIM_ICStructInit  hal_tim.o
    0x080086e0   0x080086e0   0x0000003c   Code   RO         2067    .text.TIM_ITConfig  hal_tim.o
    0x0800871c   0x0800871c   0x000000a4   Code   RO         2025    .text.TIM_OC1Init   hal_tim.o
    0x080087c0   0x080087c0   0x00000026   Code   RO         2111    .text.TIM_OC1PreloadConfig  hal_tim.o
    0x080087e6   0x080087e6   0x00000002   PAD
    0x080087e8   0x080087e8   0x0000009c   Code   RO         2027    .text.TIM_OC2Init   hal_tim.o
    0x08008884   0x08008884   0x0000002a   Code   RO         2113    .text.TIM_OC2PreloadConfig  hal_tim.o
    0x080088ae   0x080088ae   0x00000002   PAD
    0x080088b0   0x080088b0   0x00000090   Code   RO         2029    .text.TIM_OC3Init   hal_tim.o
    0x08008940   0x08008940   0x00000026   Code   RO         2115    .text.TIM_OC3PreloadConfig  hal_tim.o
    0x08008966   0x08008966   0x00000002   PAD
    0x08008968   0x08008968   0x00000080   Code   RO         2031    .text.TIM_OC4Init   hal_tim.o
    0x080089e8   0x080089e8   0x0000002e   Code   RO         2057    .text.TIM_OCStructInit  hal_tim.o
    0x08008a16   0x08008a16   0x000000d8   Code   RO         2051    .text.TIM_PWMIConfig  hal_tim.o
    0x08008aee   0x08008aee   0x00000026   Code   RO         2079    .text.TIM_SelectInputTrigger  hal_tim.o
    0x08008b14   0x08008b14   0x00000026   Code   RO         2165    .text.TIM_SelectSlaveMode  hal_tim.o
    0x08008b3a   0x08008b3a   0x0000001a   Code   RO         2169    .text.TIM_SetAutoreload  hal_tim.o
    0x08008b54   0x08008b54   0x00000026   Code   RO         2037    .text.TIM_SetIC1Prescaler  hal_tim.o
    0x08008b7a   0x08008b7a   0x0000002a   Code   RO         2041    .text.TIM_SetIC2Prescaler  hal_tim.o
    0x08008ba4   0x08008ba4   0x00000026   Code   RO         2045    .text.TIM_SetIC3Prescaler  hal_tim.o
    0x08008bca   0x08008bca   0x0000002a   Code   RO         2049    .text.TIM_SetIC4Prescaler  hal_tim.o
    0x08008bf4   0x08008bf4   0x000000cc   Code   RO         2023    .text.TIM_TimeBaseInit  hal_tim.o
    0x08008cc0   0x08008cc0   0x00000024   Code   RO         2055    .text.TIM_TimeBaseStructInit  hal_tim.o
    0x08008ce4   0x08008ce4   0x00000074   Code   RO         1116    .text.TIM_bBrakeUpdate  drv_pwm.o
    0x08008d58   0x08008d58   0x00000090   Code   RO         1110    .text.TIM_bSetOutputConfig  drv_pwm.o
    0x08008de8   0x08008de8   0x00000054   Code   RO         1114    .text.TIM_vBrakeInit  drv_pwm.o
    0x08008e3c   0x08008e3c   0x00000040   Code   RO         1112    .text.TIM_vDutyCycleToCompare  drv_pwm.o
    0x08008e7c   0x08008e7c   0x00000064   Code   RO         1106    .text.TIM_vSetCompareValues  drv_pwm.o
    0x08008ee0   0x08008ee0   0x00000060   Code   RO         1108    .text.TIM_vSetOutputs  drv_pwm.o
    0x08008f40   0x08008f40   0x00000048   Code   RO          994    .text.TRR_vClarkeTrans  transfer.o
    0x08008f88   0x08008f88   0x0000004c   Code   RO          331    .text.TSE_vAdaptInterfaceFromFlag2TaskCall  timeslice.o
    0x08008fd4   0x08008fd4   0x00000048   Code   RO          333    .text.TSE_vRegisterHandler  timeslice.o
    0x0800901c   0x0800901c   0x00000078   Code   RO          335    .text.TSE_vSliceTaskHandle  timeslice.o
    0x08009094   0x08009094   0x000000a4   Code   RO         2477    .text.Tim2_Init     iec60730_b_clocktest.o
    0x08009138   0x08009138   0x00000002   Code   RO          181    .text.UART1_IRQHandler  mm32_it.o
    0x0800913a   0x0800913a   0x00000002   PAD
    0x0800913c   0x0800913c   0x00000024   Code   RO          183    .text.UART2_IRQHandler  mm32_it.o
    0x08009160   0x08009160   0x00000002   Code   RO          187    .text.UART3_IRQHandler  mm32_it.o
    0x08009162   0x08009162   0x0000001a   Code   RO         2265    .text.UART_ClearITPendingBit  hal_uart.o
    0x0800917c   0x0800917c   0x00000026   Code   RO         2251    .text.UART_Cmd      hal_uart.o
    0x080091a2   0x080091a2   0x0000002c   Code   RO         2261    .text.UART_GetFlagStatus  hal_uart.o
    0x080091ce   0x080091ce   0x0000002c   Code   RO         2263    .text.UART_GetITStatus  hal_uart.o
    0x080091fa   0x080091fa   0x00000042   Code   RO         2253    .text.UART_ITConfig  hal_uart.o
    0x0800923c   0x0800923c   0x000000b4   Code   RO         2247    .text.UART_Init     hal_uart.o
    0x080092f0   0x080092f0   0x00000012   Code   RO         2259    .text.UART_ReceiveData  hal_uart.o
    0x08009302   0x08009302   0x0000001a   Code   RO         2257    .text.UART_SendData  hal_uart.o
    0x0800931c   0x0800931c   0x0000002e   Code   RO         2249    .text.UART_StructInit  hal_uart.o
    0x0800934a   0x0800934a   0x00000002   PAD
    0x0800934c   0x0800934c   0x00000024   Code   RO         1151    .text.UART_bUARTTXBUFEMPT  drv_sci.o
    0x08009370   0x08009370   0x00000090   Code   RO         1135    .text.UART_vCONSOLE_Init  drv_sci.o
    0x08009400   0x08009400   0x00000020   Code   RO         1141    .text.UART_vGetUARTData  drv_sci.o
    0x08009420   0x08009420   0x0000000c   Code   RO         1149    .text.UART_vModbusTxDisable  drv_sci.o
    0x0800942c   0x0800942c   0x00000038   Code   RO         1137    .text.UART_vNVICConfigure  drv_sci.o
    0x08009464   0x08009464   0x00000018   Code   RO          191    .text.UART_vSetUartReceiveCallbackFunc  mm32_it.o
    0x0800947c   0x0800947c   0x0000004c   Code   RO         1139    .text.UART_vWriteData  drv_sci.o
    0x080094c8   0x080094c8   0x000000ac   Code   RO          235    .text.UFN_vBackwardParamStartupInit  user_function.o
    0x08009574   0x08009574   0x000000b4   Code   RO          237    .text.UFN_vForwardParamStartupInit  user_function.o
    0x08009628   0x08009628   0x0000000c   Code   RO          890    .text.VOL_tGetDclVolRawSampleQ  voltage.o
    0x08009634   0x08009634   0x00000044   Code   RO          231    .text.Var_Filt      user_function.o
    0x08009678   0x08009678   0x0000000e   Code   RO           21    .text.WDG_Init      main.o
    0x08009686   0x08009686   0x00000008   Code   RO           23    .text.WDG_Refresh   main.o
    0x0800968e   0x0800968e   0x00000008   Code   RO          579    .text.WDN_AlignInit  winddetection.o
    0x08009696   0x08009696   0x00000002   PAD
    0x08009698   0x08009698   0x000001c8   Code   RO          581    .text.WDN_vCalculateBemfPeak  winddetection.o
    0x08009860   0x08009860   0x000000d8   Code   RO          569    .text.WDN_vInitWindDetection  winddetection.o
    0x08009938   0x08009938   0x0000012c   Code   RO          577    .text.WDN_vWindDetection  winddetection.o
    0x08009a64   0x08009a64   0x0000000c   Code   RO         2356    .text.WWDG_DeInit   hal_wwdg.o
    0x08009a70   0x08009a70   0x0000001c   Code   RO         2368    .text.WWDG_Enable   hal_wwdg.o
    0x08009a8c   0x08009a8c   0x00000002   Code   RO          127    .text.WWDG_IRQHandler  mm32_it.o
    0x08009a8e   0x08009a8e   0x00000046   Code   RO         2440    .text.WWDG_Init     iec60730_b_aux.o
    0x08009ad4   0x08009ad4   0x0000001c   Code   RO         2358    .text.WWDG_SetPrescaler  hal_wwdg.o
    0x08009af0   0x08009af0   0x00000024   Code   RO         2360    .text.WWDG_SetWindowValue  hal_wwdg.o
    0x08009b14   0x08009b14   0x00000088   Code   RO          125    .text.__NVIC_SetPriority  mm32_it.o
    0x08009b9c   0x08009b9c   0x0000008c   Code   RO         2515    .text.__NVIC_SetPriority  iec60730_b_runtimetest.o
    0x08009c28   0x08009c28   0x0000001c   Code   RO         2444    .text.__NVIC_SystemReset  iec60730_b_aux.o
    0x08009c44   0x08009c44   0x00000044   Code   RO         2545    .text.control_flow_check_point  iec60730_b_startup.o
    0x08009c88   0x08009c88   0x0000006c   Code   RO          317    .text.crc16         modbuscrc.o
    0x08009cf4   0x08009cf4   0x0000004a   Code   RO         2406    .text.delay_x_cycle  system_mm32spin0280.o
    0x08009d3e   0x08009d3e   0x00000002   PAD
    0x08009d40   0x08009d40   0x0000007c   Code   RO         1766    .text.exNVIC_Init   hal_misc.o
    0x08009dbc   0x08009dbc   0x00000024   Code   RO         1898    .text.exRCC_APB1PeriphReset  hal_rcc.o
    0x08009de0   0x08009de0   0x00000024   Code   RO         1902    .text.exRCC_APB2PeriphReset  hal_rcc.o
    0x08009e04   0x08009e04   0x00000038   Code   RO         2422    .text.fputc         uart_classb.o
    0x08009e3c   0x08009e3c   0x0000006c   Code   RO           25    .text.main          main.o
    0x08009ea8   0x08009ea8   0x000000b4   Code   RO          229    .text.variable_reset  user_function.o
    0x08009f5c   0x08009f5c   0x00000020   Code   RO         2659    i.__0printf         mc_p.l(printfa.o)
    0x08009f7c   0x08009f7c   0x0000002e   Code   RO         2740    i.__ARM_clz         mf_p.l(depilogue.o)
    0x08009faa   0x08009faa   0x0000000e   Code   RO         2750    i.__scatterload_copy  mc_p.l(handlers.o)
    0x08009fb8   0x08009fb8   0x00000002   Code   RO         2751    i.__scatterload_null  mc_p.l(handlers.o)
    0x08009fba   0x08009fba   0x0000000e   Code   RO         2752    i.__scatterload_zeroinit  mc_p.l(handlers.o)
    0x08009fc8   0x08009fc8   0x00000174   Code   RO         2666    i._fp_digits        mc_p.l(printfa.o)
    0x0800a13c   0x0800a13c   0x000006ec   Code   RO         2667    i._printf_core      mc_p.l(printfa.o)
    0x0800a828   0x0800a828   0x00000020   Code   RO         2668    i._printf_post_padding  mc_p.l(printfa.o)
    0x0800a848   0x0800a848   0x0000002c   Code   RO         2669    i._printf_pre_padding  mc_p.l(printfa.o)
    0x0800a874   0x0800a874   0x00000200   Data   RO         2580    .constdata          MLIB.lib(mlib.o)
    0x0800aa74   0x0800aa74   0x00000006   Data   RO         1119    .rodata..LTIM_vBrakeInit.TIM_tBrakeDutyCycle  drv_pwm.o
    0x0800aa7a   0x0800aa7a   0x00000020   Data   RO          968    .rodata.FPM_tCordicAngleTabQ15  math.o
    0x0800aa9a   0x0800aa9a   0x00000002   PAD
    0x0800aa9c   0x0800aa9c   0x0000003c   Data   RO         1118    .rodata.PWM_ucChannelConfig  drv_pwm.o
    0x0800aad8   0x0800aad8   0x00000100   Data   RO          319    .rodata.auchCRCHi   modbuscrc.o
    0x0800abd8   0x0800abd8   0x00000100   Data   RO          320    .rodata.auchCRCLo   modbuscrc.o
    0x0800acd8   0x0800acd8   0x00000020   Data   RO          540    .rodata.s_M1_STATE_RUN_TABLE_FAST  statemachine.o
    0x0800acf8   0x0800acf8   0x00000020   Data   RO          543    .rodata.s_M1_STATE_RUN_TABLE_SLOW  statemachine.o
    0x0800ad18   0x0800ad18   0x00000010   Data   RO          538    .rodata.s_STATE_FAST  statemachine.o
    0x0800ad28   0x0800ad28   0x00000010   Data   RO          539    .rodata.s_STATE_SLOW  statemachine.o
    0x0800ad38   0x0800ad38   0x00000025   Data   RO           27    .rodata.str1.1      main.o
    0x0800ad5d   0x0800ad5d   0x00000142   Data   RO         2452    .rodata.str1.1      iec60730_b_aux.o
    0x0800ae9f   0x0800ae9f   0x00000178   Data   RO         2519    .rodata.str1.1      iec60730_b_runtimetest.o
    0x0800b017   0x0800b017   0x00000010   Data   RO         1932    .rodata.tbPresc     hal_rcc.o
    0x0800b027   0x0800b027   0x00000001   PAD
    0x0800b028   0x0800b028   0x00000070   Data   RO         2748    Region$$Table       anon$$obj.o
    0x0800b098   0x0800b098   0x00000028   PAD
    0x0800b0c0   0x0800b0c0   0x00000004   Data   RO         2387    CHECKSUM            startup_mm32spin0280_keil.o


    Execution Region RAM_BUF (Exec base: 0x20000000, Load base: 0x0800b0c4, Size: 0x00000020, Max: 0x00000020, ABSOLUTE, UNINIT)

    Exec Addr    Load Addr    Size         Type   Attr      Idx    E Section Name        Object

    0x20000000   0x0800b0c4   0x00000020   Data   RW         2564    RUN_TIME_RAM_BUF    iec60730_b_startup.o


    Execution Region RAM_PNT (Exec base: 0x20000020, Load base: 0x0800b0e4, Size: 0x00000010, Max: 0x00000010, ABSOLUTE, UNINIT)

    Exec Addr    Load Addr    Size         Type   Attr      Idx    E Section Name        Object

    0x20000020   0x0800b0e4   0x00000010   Data   RW         2565    RUN_TIME_RAM_PNT    iec60730_b_startup.o


    Execution Region CLASSB (Exec base: 0x20000030, Load base: 0x0800b0f4, Size: 0x00000028, Max: 0x00000028, ABSOLUTE, UNINIT)

    Exec Addr    Load Addr    Size         Type   Attr      Idx    E Section Name        Object

    0x20000030   0x0800b0f4   0x00000028   Data   RW         2549    CLASS_B_RAM         iec60730_b_startup.o


    Execution Region CLASSB_INV (Exec base: 0x20000058, Load base: 0x0800b11c, Size: 0x00000024, Max: 0x00000028, ABSOLUTE, UNINIT)

    Exec Addr    Load Addr    Size         Type   Attr      Idx    E Section Name        Object

    0x20000058   0x0800b11c   0x00000024   Data   RW         2550    CLASS_B_RAM_REV     iec60730_b_startup.o


    Execution Region RW_IRAM1 (Exec base: 0x20000080, Load base: 0x0800b140, Size: 0x00000630, Max: 0x00001b70, ABSOLUTE)

    Exec Addr    Load Addr    Size         Type   Attr      Idx    E Section Name        Object

    0x20000080   0x0800b140   0x00000004   Data   RW         2726    .data               mc_p.l(stdout.o)
    0x20000084   0x0800b144   0x00000014   Data   RW          652    .data.FPL_tPhaseLossPara  fsphaseloss.o
    0x20000098   0x0800b158   0x00000008   Data   RW          687    .data.FRK_tParaRotorLock  fsrotorlock.o
    0x200000a0   0x0800b160   0x00000004   Data   RW          686    .data.FRK_u32CurrentImpedance  fsrotorlock.o
    0x200000a4   0x0800b164   0x00000008   Data   RW          296    .data.MOS_aucReadAllData  modbus.o
    0x200000ac   0x0800b16c   0x00000008   Data   RW          297    .data.MOS_aucWriteData  modbus.o
    0x200000b4   0x0800b174   0x00000001   Data   RW          306    .data.MOS_u8IntervalTime  modbus.o
    0x200000b5   0x0800b175   0x00000001   Data   RW          551    .data.Motor_bStartClose  statemachine.o
    0x200000b6   0x0800b176   0x00000018   Data   RW          299    .data.RegData       modbus.o
    0x200000ce   0x0800b18e   0x00000002   PAD
    0x200000d0   0x0800b190   0x0000002c   Data   RW          366    .data.SCL_tSpeedControlData  speedcontrol.o
    0x200000fc   0x0800b1bc   0x00000008   Data   RW          367    .data.SCL_tSpeedControlPara  speedcontrol.o
    0x20000104   0x0800b1c4   0x00000014   Data   RW          749    .data.SMR_tFSVParaSecond  speedmonitor.o
    0x20000118   0x0800b1d8   0x00000004   Data   RW          743    .data.SMR_tFilterCoeEmf  speedmonitor.o
    0x2000011c   0x0800b1dc   0x00000004   Data   RW          746    .data.SMR_tFilterCoeSpd  speedmonitor.o
    0x20000120   0x0800b1e0   0x00000004   Data   RW          770    .data.STK_u32NbrOfTicksErrorCheck  fsclock.o
    0x20000124   0x0800b1e4   0x00000004   Data   RW          768    .data.STK_u32WaitSystemInit  fsclock.o
    0x20000128   0x0800b1e8   0x00000004   Data   RW         2408    .data.SystemCoreClock  system_mm32spin0280.o
    0x2000012c   0x0800b1ec   0x00000002   Data   RW         1122    .data.TIM_u16BrakeDutyCycle  drv_pwm.o
    0x2000012e   0x0800b1ee   0x00000002   Data   RW          586    .data.WDN_tWindDetectionPara  winddetection.o
    0x20000130   0x0800b1f0   0x00000001   Data   RW          536    .data.eM1_MainState  statemachine.o
    0x20000131   0x0800b1f1   0x00000007   PAD
    0x20000138        -       0x00000002   Zero   RW          207    .bss.ADC2_IRQHandler.u16Cnt  mm32_it.o
    0x2000013a   0x0800b1f1   0x00000002   PAD
    0x2000013c        -       0x00000004   Zero   RW          205    .bss.ADC2_IRQHandler.u32IaSum  mm32_it.o
    0x20000140        -       0x00000004   Zero   RW          206    .bss.ADC2_IRQHandler.u32IbSum  mm32_it.o
    0x20000144        -       0x00000001   Zero   RW          203    .bss.ADC2_IRQHandler.u8ADCTimeCnt  mm32_it.o
    0x20000145        -       0x00000001   Zero   RW          204    .bss.ADC2_IRQHandler.u8ADCTimeCnt2  mm32_it.o
    0x20000146   0x0800b1f1   0x00000002   PAD
    0x20000148        -       0x00000004   Zero   RW         2557    .bss.App_FLASH_BLOCK_WORDS  iec60730_b_startup.o
    0x2000014c        -       0x00000004   Zero   RW         2558    .bss.App_REF_CRC32  iec60730_b_startup.o
    0x20000150        -       0x00000004   Zero   RW         2553    .bss.App_ROM_END    iec60730_b_startup.o
    0x20000154        -       0x00000004   Zero   RW         2554    .bss.App_ROM_SIZE   iec60730_b_startup.o
    0x20000158        -       0x00000004   Zero   RW         2555    .bss.App_ROM_SIZEinWORDS  iec60730_b_startup.o
    0x2000015c        -       0x00000004   Zero   RW         2552    .bss.App_ROM_START  iec60730_b_startup.o
    0x20000160        -       0x00000004   Zero   RW         2556    .bss.App_STEPS_NUMBER  iec60730_b_startup.o
    0x20000164   0x0800b1f1   0x00000004   PAD
    0x20000168        -       0x00000060   Zero   RW          862    .bss.CUR_tCurBufferCal  current.o
    0x200001c8        -       0x00000068   Zero   RW          856    .bss.CUR_tDataBrd1  current.o
    0x20000230        -       0x00000004   Zero   RW         2566    .bss.Error_word     iec60730_b_startup.o
    0x20000234        -       0x0000000c   Zero   RW          789    .bss.FCN_tThreePhaseVol  fscommon.o
    0x20000240        -       0x00000064   Zero   RW          788    .bss.FCN_tThreePhaseVolCal  fscommon.o
    0x200002a4        -       0x00000001   Zero   RW          606    .bss.FHE_eCurrentCallId  fshandle.o
    0x200002a5   0x0800b1f1   0x00000003   PAD
    0x200002a8        -       0x00000004   Zero   RW          656    .bss.FPL_ptCurBufferCal  fsphaseloss.o
    0x200002ac   0x0800b1f1   0x00000004   PAD
    0x200002b0        -       0x00000080   Zero   RW          651    .bss.FPL_tPhaseLossData  fsphaseloss.o
    0x20000330        -       0x00000058   Zero   RW          685    .bss.FRK_tDataRotorLock  fsrotorlock.o
    0x20000388        -       0x00000004   Zero   RW         2520    .bss.FULL_FLASH_CHECKED  iec60730_b_runtimetest.o
    0x2000038c        -       0x00000002   Zero   RW          558    .bss.Fault_LED_Disp.u16FalultNumber  statemachine.o
    0x2000038e        -       0x00000002   Zero   RW          557    .bss.Fault_LED_Disp.u16FaultCnt  statemachine.o
    0x20000390        -       0x00000002   Zero   RW          556    .bss.Fault_LED_Disp.u16FaultTimeCnt  statemachine.o
    0x20000392   0x0800b1f1   0x00000002   PAD
    0x20000394        -       0x00000004   Zero   RW         2559    .bss.FlashFulltestcall  iec60730_b_startup.o
    0x20000398        -       0x00000004   Zero   RW         2521    .bss.FlashRuntestcall  iec60730_b_runtimetest.o
    0x2000039c        -       0x00000002   Zero   RW           29    .bss.M1FaultID      main.o
    0x2000039e        -       0x00000002   Zero   RW           30    .bss.M1FaultID_Record  main.o
    0x200003a0        -       0x00000002   Zero   RW          553    .bss.M1_FaultDetection.u16OvCntr  statemachine.o
    0x200003a2        -       0x00000002   Zero   RW          554    .bss.M1_FaultDetection.u16UvCntr  statemachine.o
    0x200003a4        -       0x00000002   Zero   RW          542    .bss.M1_Fault_Slow.u16FaultTimeCnt  statemachine.o
    0x200003a6        -       0x00000002   Zero   RW          552    .bss.M1_RunFreewheelSlow.u16FreeWheelTimeCnt  statemachine.o
    0x200003a8        -       0x00000002   Zero   RW          546    .bss.M1_RunStartupFast.s16PosElEst  statemachine.o
    0x200003aa        -       0x00000002   Zero   RW          547    .bss.M1_RunStartupFast.s16ThetaErr  statemachine.o
    0x200003ac        -       0x00000004   Zero   RW          548    .bss.M1_RunStartupFast.sAngle_temp  statemachine.o
    0x200003b0        -       0x00000002   Zero   RW          211    .bss.MIT_Dure_Time  mm32_it.o
    0x200003b2        -       0x00000002   Zero   RW          209    .bss.MIT_Start_time  mm32_it.o
    0x200003b4        -       0x00000002   Zero   RW          210    .bss.MIT_Stop_time  mm32_it.o
    0x200003b6        -       0x00000001   Zero   RW          208    .bss.MIT_TEST       mm32_it.o
    0x200003b7        -       0x00000001   Zero   RW          213    .bss.MIT_eADCReadId  mm32_it.o
    0x200003b8        -       0x00000014   Zero   RW          196    .bss.MIT_tInputCapture  mm32_it.o
    0x200003cc        -       0x0000000c   Zero   RW          214    .bss.MIT_u16NormalAdcValueArray  mm32_it.o
    0x200003d8        -       0x00000001   Zero   RW          302    .bss.MOS_bInitFinished  modbus.o
    0x200003d9        -       0x0000002d   Zero   RW          295    .bss.MOS_tModbusData  modbus.o
    0x20000406        -       0x00000008   Zero   RW          303    .bss.MOS_tModbusPara  modbus.o
    0x2000040e        -       0x00000002   Zero   RW          301    .bss.MOS_u8EventRegister  modbus.o
    0x20000410        -       0x00000002   Zero   RW          304    .bss.MOS_vModBusHandler_2.u16CalculateCRC  modbus.o
    0x20000412        -       0x00000002   Zero   RW          305    .bss.MOS_vModBusHandler_2.u16ReceivedCRC  modbus.o
    0x20000414        -       0x00000002   Zero   RW         1121    .bss.MOT_tBrakeData  drv_pwm.o
    0x20000416        -       0x00000002   Zero   RW         1120    .bss.MOT_tBrakePara  drv_pwm.o
    0x20000418        -       0x00000154   Zero   RW           28    .bss.Motor_1st      main.o
    0x2000056c        -       0x00000002   Zero   RW          544    .bss.Motor_s16DeltaAngle  statemachine.o
    0x2000056e   0x0800b1f1   0x00000002   PAD
    0x20000570        -       0x00000004   Zero   RW          549    .bss.Motor_s32DebugAngle1  statemachine.o
    0x20000574        -       0x00000004   Zero   RW          550    .bss.Motor_s32DebugAngle2  statemachine.o
    0x20000578        -       0x00000001   Zero   RW          555    .bss.Motor_u8UnderErrorTest  statemachine.o
    0x20000579   0x0800b1f1   0x00000003   PAD
    0x2000057c        -       0x00000004   Zero   RW         2560    .bss.RAMBuffertest_end  iec60730_b_startup.o
    0x20000580        -       0x00000004   Zero   RW         2562    .bss.RAMRunTimetest_end  iec60730_b_startup.o
    0x20000584        -       0x00000004   Zero   RW         2561    .bss.RAMRunTimetest_start  iec60730_b_startup.o
    0x20000588        -       0x00000004   Zero   RW         2563    .bss.RAM_endadd_run  iec60730_b_startup.o
    0x2000058c        -       0x00000001   Zero   RW          369    .bss.SCL_bDirectionDetAvailable  speedcontrol.o
    0x2000058d   0x0800b1f1   0x00000003   PAD
    0x20000590        -       0x00000004   Zero   RW          368    .bss.SCL_tInputCaptureData  speedcontrol.o
    0x20000594        -       0x00000004   Zero   RW          748    .bss.SMR_s32DeltaTime  speedmonitor.o
    0x20000598        -       0x00000004   Zero   RW          745    .bss.SMR_s32Im      speedmonitor.o
    0x2000059c        -       0x00000004   Zero   RW          744    .bss.SMR_s32Re      speedmonitor.o
    0x200005a0        -       0x00000098   Zero   RW          741    .bss.SMR_tFSVDataSecond  speedmonitor.o
    0x20000638        -       0x00000004   Zero   RW          195    .bss.STK_pfGeneralTimerCallback  mm32_it.o
    0x2000063c   0x0800b1f1   0x00000004   PAD
    0x20000640        -       0x00000008   Zero   RW          771    .bss.STK_tSafeTime  fsclock.o
    0x20000648        -       0x00000004   Zero   RW          767    .bss.STK_u32SystickDifference  fsclock.o
    0x2000064c        -       0x00000004   Zero   RW          766    .bss.STK_u32SystickOld  fsclock.o
    0x20000650        -       0x00000004   Zero   RW          769    .bss.STK_u32TickTimeErrorCounter  fsclock.o
    0x20000654        -       0x00000002   Zero   RW          337    .bss.TSE_u16EventFlag  timeslice.o
    0x20000656   0x0800b1f1   0x00000002   PAD
    0x20000658        -       0x00000004   Zero   RW          212    .bss.UART_pfReceivedCallback  mm32_it.o
    0x2000065c        -       0x00000004   Zero   RW          918    .bss.VOL_tDclVolSampleQ  voltage.o
    0x20000660        -       0x00000008   Zero   RW          585    .bss.WDN_tWindDetectionData  winddetection.o
    0x20000668        -       0x00000001   Zero   RW          587    .bss.WDN_u8TestSec_1  winddetection.o
    0x20000669        -       0x00000001   Zero   RW          588    .bss.WDN_u8TestSec_2  winddetection.o
    0x2000066a        -       0x00000001   Zero   RW          589    .bss.WDN_u8TestSec_3  winddetection.o
    0x2000066b        -       0x00000001   Zero   RW          590    .bss.WDN_u8TestSec_4  winddetection.o
    0x2000066c        -       0x00000001   Zero   RW          591    .bss.WDN_u8TestSec_5  winddetection.o
    0x2000066d        -       0x00000001   Zero   RW          537    .bss.eM1_RunSubState  statemachine.o
    0x2000066e   0x0800b1f1   0x00000002   PAD
    0x20000670        -       0x00000004   Zero   RW         2522    .bss.rom_test       iec60730_b_runtimetest.o
    0x20000674        -       0x00000001   Zero   RW         2517    .bss.runtime_checkindx  iec60730_b_runtimetest.o
    0x20000675        -       0x00000001   Zero   RW         2518    .bss.runtime_flash_CtrlFlow_indx  iec60730_b_runtimetest.o
    0x20000676        -       0x00000002   Zero   RW          545    .bss.s16PosElEst_SMO  statemachine.o
    0x20000678        -       0x00000004   Zero   RW         2487    .bss.temp           iec60730_b_clocktest.o
    0x2000067c        -       0x00000002   Zero   RW          863    .bss.testA_N        current.o
    0x2000067e        -       0x00000002   Zero   RW          864    .bss.testA_P        current.o
    0x20000680        -       0x00000002   Zero   RW          865    .bss.testB_N        current.o
    0x20000682        -       0x00000002   Zero   RW          866    .bss.testB_P        current.o
    0x20000684        -       0x00000002   Zero   RW          867    .bss.testC_N        current.o
    0x20000686        -       0x00000002   Zero   RW          868    .bss.testC_P        current.o
    0x20000688        -       0x00000004   Zero   RW         2454    .bss.tmp0           iec60730_b_aux.o
    0x2000068c        -       0x00000004   Zero   RW         2488    .bss.tmpIC1         iec60730_b_clocktest.o
    0x20000690        -       0x00000004   Zero   RW          197    .bss.u16Test1       mm32_it.o
    0x20000694        -       0x00000004   Zero   RW          198    .bss.u16Test2       mm32_it.o
    0x20000698        -       0x00000004   Zero   RW          199    .bss.u16Test3       mm32_it.o
    0x2000069c        -       0x00000004   Zero   RW          200    .bss.u16Test4       mm32_it.o
    0x200006a0        -       0x00000004   Zero   RW          201    .bss.u16Test5       mm32_it.o
    0x200006a4        -       0x00000004   Zero   RW          202    .bss.u16Test6       mm32_it.o
    0x200006a8        -       0x00000001   Zero   RW          541    .bss.ucErrorCount   statemachine.o
    0x200006a9   0x0800b1f1   0x00000003   PAD
    0x200006ac        -       0x00000004   Zero   RW         2453    .bss.uwTick         iec60730_b_aux.o


    Execution Region STACK_NO_HEAP (Exec base: 0x20001bf0, Load base: 0x0800b1f8, Size: 0x00000410, Max: 0x00000410, ABSOLUTE, UNINIT)

    Exec Addr    Load Addr    Size         Type   Attr      Idx    E Section Name        Object

    0x20001bf0   0x0800b1f8   0x00000010   Data   RW         2551    STACK_BOTTOM        iec60730_b_startup.o
    0x20001c00        -       0x00000400   Zero   RW         2383    STACK               startup_mm32spin0280_keil.o


==============================================================================

Image component sizes


      Code (inc. data)   RO Data    RW Data    ZI Data      Debug   Object Name

      1160         28          0          0          0      12118   board.o
       620         36          0          0        212      11980   current.o
       286          8          0          0          0       6158   drv_adc.o
       216          8          0          0          0       4865   drv_capture.o
       128          0          0          0          0       3151   drv_comp.o
       124          4          0          0          0       3977   drv_counter.o
       122         16          0          0          0       1528   drv_div.o
        76          4          0          0          0       1086   drv_iwdg.o
        40          0          0          0          0        746   drv_opamp.o
       264         12          0          0          0       4155   drv_output.o
       900         40         66          2          4       7963   drv_pwm.o
       356         12          0          0          0       5542   drv_sci.o
        82          8          0          0          0       1215   drv_sqrt.o
        68          0          0          0          0       1222   filter.o
      1106         40          0          0          0      10144   foc_pmsm.o
       284         40          0          8         20       1532   fsclock.o
       298         12          0          0        112       3293   fscommon.o
       104          4          0          0          1        940   fshandle.o
        24          4          0          0          0       1006   fsmcu.o
      2272         48          0         20        132       8791   fsphaseloss.o
       910         44          0         12         88       5418   fsrotorlock.o
       928         12          0          0          0      14686   hal_adc.o
       220          8          0          0          0       5589   hal_comp.o
        76          8          0          0          0       1802   hal_crc.o
        60          4          0          0          0       4100   hal_exti.o
       454          4          0          0          0       5225   hal_gpio.o
       192         20          0          0          0       3601   hal_iwdg.o
       248         32          0          0          0       2870   hal_misc.o
        56          4          0          0          0       1301   hal_opamp.o
      1104         80         16          0          0      21337   hal_rcc.o
      2784         66          0          0          0      27966   hal_tim.o
       488          4          0          0          0       8659   hal_uart.o
       104          8          0          0          0       2089   hal_wwdg.o
      1070        130        322          0          8       4685   iec60730_b_aux.o
       792         84          0          0          8       9191   iec60730_b_clocktest.o
      1540        226        376          0         14       5344   iec60730_b_runtimetest.o
      1004        132          0        140         52       5381   iec60730_b_startup.o
       130          8         37          0        344       8391   main.o
       264          8         32          0          0       2613   math.o
      1544        164          0          0         84      13538   mm32_it.o
      1464         86          0         41         60       6716   modbus.o
       108          8        512          0          0       1143   modbuscrc.o
      1534        132          0         52          5       6244   speedcontrol.o
       974         72          0         28        164      11224   speedmonitor.o
        40         14        196          0       1024        720   startup_mm32spin0280_keil.o
      3378        228         96          2         37      18251   statemachine.o
      1004         76          0          4          0       3719   system_mm32spin0280.o
       268         16          0          0          2       1352   timeslice.o
        72          4          0          0          0       2073   transfer.o
       220          8          0          0          0       3911   uart_classb.o
      1658        196          0          0          0      10365   user_function.o
        12          4          0          0          4       8620   voltage.o
      1312        116          0          2         13       4525   winddetection.o

    ----------------------------------------------------------------------
     34588       2330       1808        316       2428     324061   Object Totals
         0          0        112          0          0          0   (incl. Generated)
        46          0         43          5         40          0   (incl. Padding)

    ----------------------------------------------------------------------

      Code (inc. data)   RO Data    RW Data    ZI Data      Debug   Library Member Name

       388         20          0          0          0        548   iec60730_b_cpurunkeil.o
       528         52          0          0          0        592   iec60730_b_cpustartkeil.o
       472         68          0          0          0       1799   iec60730_b_flashtest.o
       804         92          0          0          0        644   iec60730_b_ramtestkeil.o
       264         16          0          0          0       2215   iec60730_b_transpram.o
       436          8          0          0          0         76   mcflib.o
       940         14        512          0          0      17321   mlib.o
        58          0          0          0          0          0   __dczerorl.o
         0          0          0          0          0          0   entry.o
         0          0          0          0          0          0   entry10a.o
         0          0          0          0          0          0   entry11a.o
         8          4          0          0          0          0   entry2.o
         4          0          0          0          0          0   entry5.o
         0          0          0          0          0          0   entry7b.o
         0          0          0          0          0          0   entry8b.o
         8          4          0          0          0          0   entry9a.o
        30          0          0          0          0          0   handlers.o
        40          0          0          0          0         72   idiv.o
        36          8          0          0          0         68   init.o
         0          0          0          0          0          0   iusefp.o
        32          0          0          0          0         68   llshl.o
        38          0          0          0          0         68   llsshr.o
        34          0          0          0          0         68   llushr.o
      2252         98          0          0          0        412   printfa.o
         8          0          0          0          0         60   siabs.o
         0          0          0          4          0          0   stdout.o
        44          0          0          0          0         72   uidiv.o
        96          0          0          0          0         84   uldiv.o
        40          2          0          0          0         68   cdrcmple.o
       356          4          0          0          0        140   dadd.o
        44          0          0          0          0         68   dcmpge.o
        44          0          0          0          0         68   dcmple.o
        44          0          0          0          0         68   dcmplt.o
       240          6          0          0          0         84   ddiv.o
       236          0          0          0          0        216   depilogue.o
        72         10          0          0          0         72   dfixi.o
        64         10          0          0          0         68   dfixul.o
        40          6          0          0          0         68   dflti.o
       208          6          0          0          0         88   dmul.o
       124          0          0          0          0         72   fdiv.o
       130          0          0          0          0        144   fepilogue.o
        40          0          0          0          0         60   ffixui.o
        14          0          0          0          0         68   ffltui.o
       122          0          0          0          0         72   fmul.o

    ----------------------------------------------------------------------
      8344        428        512          4          0      25591   Library Totals
         6          0          0          0          0          0   (incl. Padding)

    ----------------------------------------------------------------------

      Code (inc. data)   RO Data    RW Data    ZI Data      Debug   Library Name

      2456        248          0          0          0       5798   IEC60730B_M0_COM_KEIL_v1_0.lib
       436          8          0          0          0         76   MCFLIB.lib
       940         14        512          0          0      17321   MLIB.lib
      2688        114          0          4          0        972   mc_p.l
      1818         44          0          0          0       1424   mf_p.l

    ----------------------------------------------------------------------
      8344        428        512          4          0      25591   Library Totals

    ----------------------------------------------------------------------

==============================================================================


      Code (inc. data)   RO Data    RW Data    ZI Data      Debug   

     42932       2758       2320        320       2428     347652   Grand Totals
     42932       2758       2320        320       2428     347652   ELF Image Totals
     42932       2758       2320        320          0          0   ROM Totals

==============================================================================

    Total RO  Size (Code + RO Data)                45252 (  44.19kB)
    Total RW  Size (RW Data + ZI Data)              2748 (   2.68kB)
    Total ROM Size (Code + RO Data + RW Data)      45572 (  44.50kB)

==============================================================================

