Component: ARM Compiler 6.10.1 Tool: armlink [5d142800]

==============================================================================

Section Cross References

    delay.o(.text.DELAY_Init) refers to uidiv.o(.text) for __aeabi_uidiv
    delay.o(.text.DELAY_Init) refers to delay.o(.text.SysTick_Config) for SysTick_Config
    delay.o(.text.DELAY_Init) refers to delay.o(.text.__NVIC_SetPriority) for __NVIC_SetPriority
    delay.o(.text.DELAY_Init) refers to system_mm32spin0280.o(.data.SystemCoreClock) for SystemCoreClock
    delay.o(.ARM.exidx.text.DELAY_Init) refers to delay.o(.text.DELAY_Init) for [Anonymous Symbol]
    delay.o(.text.SysTick_Config) refers to delay.o(.text.__NVIC_SetPriority) for __NVIC_SetPriority
    delay.o(.ARM.exidx.text.SysTick_Config) refers to delay.o(.text.SysTick_Config) for [Anonymous Symbol]
    delay.o(.ARM.exidx.text.__NVIC_SetPriority) refers to delay.o(.text.__NVIC_SetPriority) for [Anonymous Symbol]
    delay.o(.text.DELAY_Ms) refers to delay.o(.bss.sTimingDelay) for [Anonymous Symbol]
    delay.o(.ARM.exidx.text.DELAY_Ms) refers to delay.o(.text.DELAY_Ms) for [Anonymous Symbol]
    main.o(.text.WDG_Init) refers to iec60730_b_aux.o(.text.Iwdg_Init) for Iwdg_Init
    main.o(.ARM.exidx.text.WDG_Init) refers to main.o(.text.WDG_Init) for [Anonymous Symbol]
    main.o(.text.WDG_Refresh) refers to hal_iwdg.o(.text.IWDG_ReloadCounter) for IWDG_ReloadCounter
    main.o(.ARM.exidx.text.WDG_Refresh) refers to main.o(.text.WDG_Refresh) for [Anonymous Symbol]
    main.o(.text.main) refers to uart_classb.o(.text.CBUart_Init) for CBUart_Init
    main.o(.text.main) refers to system_mm32spin0280.o(.text.SystemCoreClockUpdate) for SystemCoreClockUpdate
    main.o(.text.main) refers to printfa.o(i.__0printf) for printf
    main.o(.text.main) refers to main.o(.text.WDG_Init) for WDG_Init
    main.o(.text.main) refers to iec60730_b_runtimetest.o(.text.IEC60730_InitRunTimeChecks) for IEC60730_InitRunTimeChecks
    main.o(.text.main) refers to fsclock.o(.text.FCK_vInitSafeTime) for FCK_vInitSafeTime
    main.o(.text.main) refers to user_function.o(.text.Init_Parameter) for Init_Parameter
    main.o(.text.main) refers to board.o(.text.Bsp_Gpio_Init) for Bsp_Gpio_Init
    main.o(.text.main) refers to board.o(.text.Peripheral_Init) for Peripheral_Init
    main.o(.text.main) refers to mm32_it.o(.text.Interrupt_Init) for Interrupt_Init
    main.o(.text.main) refers to modbus.o(.text.MOS_vModbusInit) for MOS_vModbusInit
    main.o(.text.main) refers to iec60730_b_runtimetest.o(.text.IEC60730_DoRunTimeChecks) for IEC60730_DoRunTimeChecks
    main.o(.text.main) refers to main.o(.text.WDG_Refresh) for WDG_Refresh
    main.o(.text.main) refers to modbus.o(.text.MOS_vModBusHandler) for MOS_vModBusHandler
    main.o(.text.main) refers to timeslice.o(.text.TSE_vSliceTaskHandle) for TSE_vSliceTaskHandle
    main.o(.text.main) refers to fshandle.o(.text.FHE_vFunctionSafetyCheck) for FHE_vFunctionSafetyCheck
    main.o(.text.main) refers to fsmonitor.o(.text.FSM_ucHandleTask) for FSM_ucHandleTask
    main.o(.text.main) refers to speedcontrol.o(.text.SCL_vSpeedControlHandle) for SCL_vSpeedControlHandle
    main.o(.text.main) refers to errorreact.o(.text.ERT_vErrorCodeAccess) for ERT_vErrorCodeAccess
    main.o(.text.main) refers to main.o(.rodata.str1.1) for .L.str
    main.o(.text.main) refers to main.o(.bss.Motor_1st) for Motor_1st
    main.o(.ARM.exidx.text.main) refers to main.o(.text.main) for [Anonymous Symbol]
    sys.o(.text.exRCC_ClkPrescaler_Init) refers to sys.o(.rodata.cRCC_ClockPrescalerTable) for cRCC_ClockPrescalerTable
    sys.o(.ARM.exidx.text.exRCC_ClkPrescaler_Init) refers to sys.o(.text.exRCC_ClkPrescaler_Init) for [Anonymous Symbol]
    sys.o(.text.SYSCLK_Init) refers to memcpya.o(.text) for __aeabi_memcpy
    sys.o(.text.SYSCLK_Init) refers to sys.o(.text.DELAY_xUs) for DELAY_xUs
    sys.o(.text.SYSCLK_Init) refers to sys.o(.text.exRCC_ClkPrescaler_Init) for exRCC_ClkPrescaler_Init
    sys.o(.text.SYSCLK_Init) refers to uidiv.o(.text) for __aeabi_uidiv
    sys.o(.text.SYSCLK_Init) refers to sys.o(.rodata..LSYSCLK_Init.latency_pllmul_plldiv_sysclksrc_pllsrc_table) for [Anonymous Symbol]
    sys.o(.text.SYSCLK_Init) refers to sys.o(.data.gSystemClockValue) for gSystemClockValue
    sys.o(.ARM.exidx.text.SYSCLK_Init) refers to sys.o(.text.SYSCLK_Init) for [Anonymous Symbol]
    sys.o(.ARM.exidx.text.DELAY_xUs) refers to sys.o(.text.DELAY_xUs) for [Anonymous Symbol]
    sys.o(.ARM.exidx.text.RCC_SetDefault) refers to sys.o(.text.RCC_SetDefault) for [Anonymous Symbol]
    sys.o(.text.SystemReInit) refers to sys.o(.text.RCC_SetDefault) for RCC_SetDefault
    sys.o(.text.SystemReInit) refers to sys.o(.text.SYSCLK_Init) for SYSCLK_Init
    sys.o(.ARM.exidx.text.SystemReInit) refers to sys.o(.text.SystemReInit) for [Anonymous Symbol]
    board.o(.text.Bsp_Op_Init) refers to hal_gpio.o(.text.GPIO_StructInit) for GPIO_StructInit
[...]
    0x080000c8   0x080000c8   0x00000000   Code   RO         3031    .ARM.Collect$$$$00000008  mc_p.l(entry7b.o)
    0x080000c8   0x080000c8   0x00000000   Code   RO         3033    .ARM.Collect$$$$0000000A  mc_p.l(entry8b.o)
    0x080000c8   0x080000c8   0x00000008   Code   RO         3034    .ARM.Collect$$$$0000000B  mc_p.l(entry9a.o)
    0x080000d0   0x080000d0   0x00000000   Code   RO         3036    .ARM.Collect$$$$0000000D  mc_p.l(entry10a.o)
    0x080000d0   0x080000d0   0x00000000   Code   RO         3038    .ARM.Collect$$$$0000000F  mc_p.l(entry11a.o)
    0x080000d0   0x080000d0   0x00000004   Code   RO         3027    .ARM.Collect$$$$00002712  mc_p.l(entry2.o)
    0x080000d4   0x080000d4   0x00000028   Code   RO         2700    .text               startup_mm32spin0280_keil.o
    0x080000fc   0x080000fc   0x000001b4   Code   RO         2891    .text               MCFLIB.lib(mcflib.o)
    0x080002b0   0x080002b0   0x000003ac   Code   RO         2893    .text               MLIB.lib(mlib.o)
    0x0800065c   0x0800065c   0x00000184   Code   RO         2918    .text               IEC60730B_M0_COM_KEIL_v1_0.lib(iec60730_b_cpurunkeil.o)
    0x080007e0   0x080007e0   0x00000210   Code   RO         2922    .text               IEC60730B_M0_COM_KEIL_v1_0.lib(iec60730_b_cpustartkeil.o)
    0x080009f0   0x080009f0   0x00000324   Code   RO         2926    .text               IEC60730B_M0_COM_KEIL_v1_0.lib(iec60730_b_ramtestkeil.o)
    0x08000d14   0x08000d14   0x0000002c   Code   RO         2960    .text               mc_p.l(uidiv.o)
    0x08000d40   0x08000d40   0x00000028   Code   RO         2962    .text               mc_p.l(idiv.o)
    0x08000d68   0x08000d68   0x00000008   Code   RO         2964    .text               mc_p.l(siabs.o)
    0x08000d70   0x08000d70   0x00000024   Code   RO         2968    .text               mc_p.l(memcpya.o)
    0x08000d94   0x08000d94   0x0000007a   Code   RO         3000    .text               mf_p.l(fmul.o)
    0x08000e0e   0x08000e0e   0x0000007c   Code   RO         3002    .text               mf_p.l(fdiv.o)
    0x08000e8a   0x08000e8a   0x00000002   PAD
    0x08000e8c   0x08000e8c   0x00000164   Code   RO         3004    .text               mf_p.l(dadd.o)
    0x08000ff0   0x08000ff0   0x000000d0   Code   RO         3006    .text               mf_p.l(dmul.o)
    0x080010c0   0x080010c0   0x000000f0   Code   RO         3008    .text               mf_p.l(ddiv.o)
    0x080011b0   0x080011b0   0x0000002c   Code   RO         3010    .text               mf_p.l(dcmple.o)
    0x080011dc   0x080011dc   0x0000002c   Code   RO         3012    .text               mf_p.l(dcmplt.o)
    0x08001208   0x08001208   0x0000002c   Code   RO         3014    .text               mf_p.l(dcmpge.o)
    0x08001234   0x08001234   0x0000000e   Code   RO         3016    .text               mf_p.l(ffltui.o)
    0x08001242   0x08001242   0x00000002   PAD
    0x08001244   0x08001244   0x00000028   Code   RO         3018    .text               mf_p.l(dflti.o)
    0x0800126c   0x0800126c   0x00000028   Code   RO         3020    .text               mf_p.l(ffixui.o)
    0x08001294   0x08001294   0x00000048   Code   RO         3022    .text               mf_p.l(dfixi.o)
    0x080012dc   0x080012dc   0x00000028   Code   RO         3024    .text               mf_p.l(f2d.o)
    0x08001304   0x08001304   0x00000060   Code   RO         3041    .text               mc_p.l(uldiv.o)
    0x08001364   0x08001364   0x00000020   Code   RO         3043    .text               mc_p.l(llshl.o)
    0x08001384   0x08001384   0x00000022   Code   RO         3045    .text               mc_p.l(llushr.o)
    0x080013a6   0x080013a6   0x00000026   Code   RO         3047    .text               mc_p.l(llsshr.o)
    0x080013cc   0x080013cc   0x00000000   Code   RO         3049    .text               mc_p.l(iusefp.o)
    0x080013cc   0x080013cc   0x00000082   Code   RO         3050    .text               mf_p.l(fepilogue.o)
    0x0800144e   0x0800144e   0x000000be   Code   RO         3052    .text               mf_p.l(depilogue.o)
    0x0800150c   0x0800150c   0x00000040   Code   RO         3056    .text               mf_p.l(dfixul.o)
    0x0800154c   0x0800154c   0x00000028   Code   RO         3058    .text               mf_p.l(cdrcmple.o)
    0x08001574   0x08001574   0x00000024   Code   RO         3060    .text               mc_p.l(init.o)
    0x08001598   0x08001598   0x0000003a   Code   RO         3070    .text               mc_p.l(__dczerorl.o)
    0x080015d2   0x080015d2   0x00000002   PAD
    0x080015d4   0x080015d4   0x00000028   Code   RO         2855    .text.$Sub$$main    iec60730_b_startup.o
    0x080015fc   0x080015fc   0x00000002   Code   RO          151    .text.ADC1_IRQHandler  mm32_it.o
    0x080015fe   0x080015fe   0x00000002   PAD
    0x08001600   0x08001600   0x0000019c   Code   RO          165    .text.ADC2_IRQHandler  mm32_it.o
    0x0800179c   0x0800179c   0x0000007e   Code   RO         1601    .text.ADC_ANY_CH_Config  hal_adc.o
    0x0800181a   0x0800181a   0x00000034   Code   RO         1605    .text.ADC_ANY_Cmd   hal_adc.o
    0x0800184e   0x0800184e   0x0000002c   Code   RO         1603    .text.ADC_ANY_NUM_Config  hal_adc.o
    0x0800187a   0x0800187a   0x00000034   Code   RO         1607    .text.ADC_AutoInjectedConvCmd  hal_adc.o
    0x080018ae   0x080018ae   0x00000034   Code   RO         1631    .text.ADC_Calibration  hal_adc.o
    0x080018e2   0x080018e2   0x00000034   Code   RO         1599    .text.ADC_ClearITPendingBit  hal_adc.o
    0x08001916   0x08001916   0x00000034   Code   RO         1559    .text.ADC_Cmd       hal_adc.o
    0x0800194a   0x0800194a   0x00000034   Code   RO         1573    .text.ADC_ExternalTrigConvCmd  hal_adc.o
    0x0800197e   0x0800197e   0x0000006e   Code   RO         1563    .text.ADC_ITConfig  hal_adc.o
    0x080019ec   0x080019ec   0x00000054   Code   RO         1555    .text.ADC_Init      hal_adc.o
    0x08001a40   0x08001a40   0x00000034   Code   RO         1613    .text.ADC_InjectedConvCmd  hal_adc.o
    0x08001a74   0x08001a74   0x00000050   Code   RO         1621    .text.ADC_InjectedSequencerChannelConfig  hal_adc.o
    0x08001ac4   0x08001ac4   0x00000030   Code   RO         1619    .text.ADC_InjectedSequencerLengthConfig  hal_adc.o
    0x08001af4   0x08001af4   0x000000d6   Code   RO         1569    .text.ADC_RegularChannelConfig  hal_adc.o
    0x08001bca   0x08001bca   0x00000026   Code   RO         1557    .text.ADC_StructInit  hal_adc.o
    0x08001bf0   0x08001bf0   0x00000034   Code   RO         1571    .text.ADC_TempSensorVrefintCmd  hal_adc.o
    0x08001c24   0x08001c24   0x00000044   Code   RO          433    .text.AMS_vInitModbus2Stm  appmodbus2stm.o
    0x08001c68   0x08001c68   0x00000020   Code   RO          437    .text.AMS_vModbus2Statemachine  appmodbus2stm.o
    0x08001c88   0x08001c88   0x00000010   Code   RO          435    .text.AMS_vModbus2StatemachineRun  appmodbus2stm.o
    0x08001c98   0x08001c98   0x000000cc   Code   RO         2714    .text.AutoCalPllFactor  system_mm32spin0280.o
    0x08001d64   0x08001d64   0x0000000c   Code   RO           99    .text.BOD_vExti9Config  board.o
    0x08001d70   0x08001d70   0x0000003c   Code   RO           89    .text.BSP_vDirectionDetect_Init  board.o
    0x08001dac   0x08001dac   0x00000034   Code   RO           77    .text.BSP_vExti9Config  board.o
    0x08001de0   0x08001de0   0x00000046   Code   RO           81    .text.BSP_vUARTInit  board.o
    0x08001e26   0x08001e26   0x00000002   PAD
    0x08001e28   0x08001e28   0x0000004c   Code   RO           83    .text.BSP_vUARTInitUART3  board.o
    0x08001e74   0x08001e74   0x000000ac   Code   RO           93    .text.Board_ADC_Init  board.o
    0x08001f20   0x08001f20   0x00000022   Code   RO           95    .text.Board_Comp_Init  board.o
    0x08001f42   0x08001f42   0x00000002   PAD
    0x08001f44   0x08001f44   0x00000084   Code   RO           65    .text.Bsp_Adc_Init  board.o
    0x08001fc8   0x08001fc8   0x00000038   Code   RO           67    .text.Bsp_Comp_Init  board.o
    0x08002000   0x08002000   0x00000028   Code   RO           91    .text.Bsp_Gpio_Init  board.o
    0x08002028   0x08002028   0x00000038   Code   RO           69    .text.Bsp_Led_Init  board.o
    0x08002060   0x08002060   0x00000070   Code   RO           63    .text.Bsp_Op_Init   board.o
    0x080020d0   0x080020d0   0x000000c8   Code   RO           71    .text.Bsp_Pwm_Init  board.o
    0x08002198   0x08002198   0x000000a4   Code   RO         2738    .text.CBUart_Init   uart_classb.o
    0x0800223c   0x0800223c   0x00000002   Code   RO          173    .text.COMP1_2_3_4_5_IRQHandler  mm32_it.o
    0x0800223e   0x0800223e   0x00000002   PAD
    0x08002240   0x08002240   0x00000040   Code   RO         1669    .text.COMP_Cmd      hal_comp.o
    0x08002280   0x08002280   0x00000018   Code   RO         1663    .text.COMP_DeInit   hal_comp.o
    0x08002298   0x08002298   0x00000040   Code   RO         1665    .text.COMP_Init     hal_comp.o
    0x080022d8   0x080022d8   0x00000044   Code   RO         1671    .text.COMP_SetCrv   hal_comp.o
    0x0800231c   0x0800231c   0x00000086   Code   RO          979    .text.COM_vCheckOverThresholdLimit  common.o
    0x080023a2   0x080023a2   0x00000002   PAD
    0x080023a4   0x080023a4   0x00000040   Code   RO         1701    .text.CRC_CalcBlockCRC  hal_crc.o
    0x080023e4   0x080023e4   0x0000000c   Code   RO         1697    .text.CRC_ResetDR   hal_crc.o
    0x080023f0   0x080023f0   0x00000084   Code   RO          995    .text.CUR_bCheckMotCurrentMeasValues  current.o
    0x08002474   0x08002474   0x00000004   Code   RO         1019    .text.CUR_tGetPhaseCurrentCalPointer  current.o
    0x08002478   0x08002478   0x00000008   Code   RO         1013    .text.CUR_u16GetThreePhaseRMS  current.o
    0x08002480   0x08002480   0x000001c0   Code   RO         1015    .text.CUR_updatePhaseCurrentBuffer  current.o
    0x08002640   0x08002640   0x00000070   Code   RO         1011    .text.CUR_vCalThreePhaseCurRMS  current.o
    0x080026b0   0x080026b0   0x000000a8   Code   RO          999    .text.CUR_vCalcCurrentQuantities  current.o
    0x08002758   0x08002758   0x000001ac   Code   RO          997    .text.CUR_vCheckMotCurrentMeasOffsetVoltage  current.o
    0x08002904   0x08002904   0x00000002   Code   RO         1009    .text.CUR_vCurRMSFilterInit  current.o
    0x08002906   0x08002906   0x00000002   PAD
    0x08002908   0x08002908   0x00000068   Code   RO         1017    .text.CUR_vGetPhaseCurrentBufferSamples  current.o
    0x08002970   0x08002970   0x0000002c   Code   RO         1003    .text.CUR_vGetThreePhaseCur  current.o
    0x0800299c   0x0800299c   0x0000003c   Code   RO         1007    .text.CUR_vGetThreePhaseRawValue  current.o
    0x080029d8   0x080029d8   0x0000001c   Code   RO         1021    .text.CUR_vResetCurrentValues  current.o
    0x080029f4   0x080029f4   0x00000018   Code   RO         1005    .text.CUR_vSetOffsetMeasState  current.o
    0x08002a0c   0x08002a0c   0x00000002   Code   RO          145    .text.DMA1_Channel1_IRQHandler  mm32_it.o
    0x08002a0e   0x08002a0e   0x00000002   Code   RO          147    .text.DMA1_Channel2_3_IRQHandler  mm32_it.o
    0x08002a10   0x08002a10   0x00000002   Code   RO          149    .text.DMA1_Channel4_5_IRQHandler  mm32_it.o
    0x08002a12   0x08002a12   0x00000002   PAD
    0x08002a14   0x08002a14   0x000000e0   Code   RO          522    .text.DcBus_Ripple_suppress  foc_pmsm.o
    0x08002af4   0x08002af4   0x00000050   Code   RO         1298    .text.Division      drv_div.o
    0x08002b44   0x08002b44   0x00000090   Code   RO         1266    .text.Drv_Adc_Basic_Init  drv_adc.o
    0x08002bd4   0x08002bd4   0x0000008a   Code   RO         1268    .text.Drv_Adc_Channel_Init  drv_adc.o
    0x08002c5e   0x08002c5e   0x00000002   PAD
    0x08002c60   0x08002c60   0x00000058   Code   RO         1270    .text.Drv_Adc_Inject_Channel_Init  drv_adc.o
    0x08002cb8   0x08002cb8   0x00000080   Code   RO         1282    .text.Drv_Comp_Init  drv_comp.o
    0x08002d38   0x08002d38   0x0000001a   Code   RO         1294    .text.Drv_Hwdiv_Init  drv_div.o
    0x08002d52   0x08002d52   0x00000002   PAD
    0x08002d54   0x08002d54   0x0000004c   Code   RO         1322    .text.Drv_Iwdg_Init  drv_iwdg.o
    0x08002da0   0x08002da0   0x00000028   Code   RO         1350    .text.Drv_Opamp_Init  drv_opamp.o
    0x08002dc8   0x08002dc8   0x00000128   Code   RO         1362    .text.Drv_Pwm_Init  drv_pwm.o
    0x08002ef0   0x08002ef0   0x00000016   Code   RO         1423    .text.Drv_Sqrt_Init  drv_sqrt.o
    0x08002f06   0x08002f06   0x00000002   PAD
    0x08002f08   0x08002f08   0x0000006c   Code   RO         1437    .text.Drv_Tim16_Counter_Init  drv_counter.o
    0x08002f74   0x08002f74   0x00000010   Code   RO         1441    .text.Drv_u32GetTim16CountVal  drv_counter.o
    0x08002f84   0x08002f84   0x00000040   Code   RO         1457    .text.Drv_vSetOutputFreq  drv_output.o
    0x08002fc4   0x08002fc4   0x00000074   Code   RO         1505    .text.EEPROM_Read   drv_eep.o
    0x08003038   0x08003038   0x00000030   Code   RO         1507    .text.EEPROM_Write  drv_eep.o
    0x08003068   0x08003068   0x00000004   Code   RO         1227    .text.ERT_tGetErrorCode  errorreact.o
    0x0800306c   0x0800306c   0x00000084   Code   RO         1223    .text.ERT_vErrorCodeAccess  errorreact.o
    0x080030f0   0x080030f0   0x000000fc   Code   RO         1213    .text.ERT_vErrorLEDDisplay  errorreact.o
    0x080031ec   0x080031ec   0x00000018   Code   RO         1211    .text.ERT_vErrorReaction  errorreact.o
    0x08003204   0x08003204   0x000000d0   Code   RO         1215    .text.ERT_vErrorReactionRecovery  errorreact.o
    0x080032d4   0x080032d4   0x000000d0   Code   RO         1219    .text.ERT_vErrorReport  errorreact.o
    0x080033a4   0x080033a4   0x0000001c   Code   RO         1217    .text.ERT_vResetErrorCode  errorreact.o
    0x080033c0   0x080033c0   0x00000008   Code   RO         1229    .text.ERT_vResetErrorCount  errorreact.o
    0x080033c8   0x080033c8   0x0000001c   Code   RO         1221    .text.ERT_vSetErrorCode  errorreact.o
    0x080033e4   0x080033e4   0x00000002   Code   RO          137    .text.EXTI0_1_IRQHandler  mm32_it.o
    0x080033e6   0x080033e6   0x00000002   Code   RO          139    .text.EXTI2_3_IRQHandler  mm32_it.o
    0x080033e8   0x080033e8   0x00000028   Code   RO          141    .text.EXTI4_15_IRQHandler  mm32_it.o
    0x08003410   0x08003410   0x00000032   Code   RO          101    .text.EXTI9_NVIC_Config  board.o
    0x08003442   0x08003442   0x00000002   PAD
    0x08003444   0x08003444   0x00000014   Code   RO         1842    .text.EXTI_ClearFlag  hal_exti.o
    0x08003458   0x08003458   0x00000028   Code   RO         1840    .text.EXTI_GetFlagStatus  hal_exti.o
    0x08003480   0x08003480   0x000000f4   Code   RO         1834    .text.EXTI_Init     hal_exti.o
    0x08003574   0x08003574   0x00000054   Code   RO         1832    .text.EXTI_LineConfig  hal_exti.o
    0x080035c8   0x080035c8   0x00000018   Code   RO          103    .text.EXTI_NVIC_Init  board.o
    0x080035e0   0x080035e0   0x0000001c   Code   RO          896    .text.FCK_vInitSafeTime  fsclock.o
    0x080035fc   0x080035fc   0x000000e0   Code   RO          914    .text.FCN_vGetPhaseVoltage  fscommon.o
    0x080036dc   0x080036dc   0x00000024   Code   RO          918    .text.FCN_vGetThreePhaseVol  fscommon.o
    0x08003700   0x08003700   0x00000010   Code   RO          736    .text.FHE_vFunctionSafetyCheck  fshandle.o
    0x08003710   0x08003710   0x00000058   Code   RO          734    .text.FHE_vHandleTask  fshandle.o
    0x08003768   0x08003768   0x00000044   Code   RO         1163    .text.FIR_vCalcFilter  filter.o
    0x080037ac   0x080037ac   0x00000020   Code   RO         1165    .text.FIR_vInitFilterOutput  filter.o
    0x080037cc   0x080037cc   0x00000034   Code   RO         1870    .text.FLASH_ErasePage  hal_flash.o
    0x08003800   0x08003800   0x00000050   Code   RO         1900    .text.FLASH_GetStatus  hal_flash.o
    0x08003850   0x08003850   0x00000002   Code   RO          133    .text.FLASH_IRQHandler  mm32_it.o
    0x08003852   0x08003852   0x00000002   PAD
    0x08003854   0x08003854   0x0000000c   Code   RO         1864    .text.FLASH_Lock    hal_flash.o
    0x08003860   0x08003860   0x0000002c   Code   RO         1878    .text.FLASH_ProgramHalfWord  hal_flash.o
    0x0800388c   0x0800388c   0x0000001e   Code   RO         1503    .text.FLASH_SIM_EraseEE  drv_eep.o
    0x080038aa   0x080038aa   0x00000002   PAD
    0x080038ac   0x080038ac   0x00000064   Code   RO         1499    .text.FLASH_SIM_FindEmpty  drv_eep.o
    0x08003910   0x08003910   0x00000060   Code   RO         1513    .text.FLASH_SIM_ProgramEE  drv_eep.o
    0x08003970   0x08003970   0x000000c0   Code   RO         1509    .text.FLASH_SIM_WriteEE  drv_eep.o
    0x08003a30   0x08003a30   0x000000b6   Code   RO         1497    .text.FLASH_SIM_WriteLocate  drv_eep.o
    0x08003ae6   0x08003ae6   0x00000002   PAD
    0x08003ae8   0x08003ae8   0x00000018   Code   RO         1866    .text.FLASH_Unlock  hal_flash.o
    0x08003b00   0x08003b00   0x00000094   Code   RO         1872    .text.FLASH_WaitForLastOperation  hal_flash.o
    0x08003b94   0x08003b94   0x00000008   Code   RO          753    .text.FMC_u32GetSystickTimerCounter  fsmcu.o
    0x08003b9c   0x08003b9c   0x00000010   Code   RO          749    .text.FMC_vSetSystickTimerRegisters  fsmcu.o
    0x08003bac   0x08003bac   0x0000014c   Code   RO          530    .text.FOC_Current_Controller  foc_pmsm.o
    0x08003cf8   0x08003cf8   0x00000200   Code   RO          777    .text.FPL_vEvaluateCurrentAsymmetry  fsphaseloss.o
    0x08003ef8   0x08003ef8   0x00000164   Code   RO          775    .text.FPL_vEvaluateStaticVector  fsphaseloss.o
    0x0800405c   0x0800405c   0x00000188   Code   RO          779    .text.FPL_vEvaluateVoltageAsymmetry  fsphaseloss.o
    0x080041e4   0x080041e4   0x00000008   Code   RO          781    .text.FPL_vPhaseLossCheck  fsphaseloss.o
    0x080041ec   0x080041ec   0x00000024   Code   RO          767    .text.FPL_vPhaseLossEvaluation  fsphaseloss.o
    0x08004210   0x08004210   0x00000180   Code   RO          765    .text.FPL_vPhaselossprepareSamples  fsphaseloss.o
    0x08004390   0x08004390   0x0000006c   Code   RO         1143    .text.FPM_ulSqrt    math.o
    0x080043fc   0x080043fc   0x00000108   Code   RO         1141    .text.FPM_vCart2Pol  math.o
    0x08004504   0x08004504   0x00000008   Code   RO          813    .text.FRK_vCheckMotorLock  fsrotorlock.o
    0x0800450c   0x0800450c   0x00000178   Code   RO          809    .text.FRK_vCheckMotorLockComplex  fsrotorlock.o
    0x08004684   0x08004684   0x00000008   Code   RO          807    .text.FRK_vLockedRotorEvaluation  fsrotorlock.o
    0x0800468c   0x0800468c   0x00000090   Code   RO          803    .text.FRK_vcalcBemf  fsrotorlock.o
    0x0800471c   0x0800471c   0x000000bc   Code   RO          799    .text.FRK_vcalcCurrentVector  fsrotorlock.o
    0x080047d8   0x080047d8   0x00000094   Code   RO          801    .text.FRK_vcalcVoltageVector  fsrotorlock.o
    0x0800486c   0x0800486c   0x00000098   Code   RO          938    .text.FSM_bInitMonitors  fsmonitor.o
    0x08004904   0x08004904   0x00000090   Code   RO          934    .text.FSM_ucHandleTask  fsmonitor.o
    0x08004994   0x08004994   0x000000b8   Code   RO         1254    .text.FSM_vActionPerfrom  statemachinecom.o
    0x08004a4c   0x08004a4c   0x00000058   Code   RO         1252    .text.FSM_vGetAction  statemachinecom.o
    0x08004aa4   0x08004aa4   0x00000064   Code   RO          936    .text.FSM_vHandleMonitors  fsmonitor.o
    0x08004b08   0x08004b08   0x0000005a   Code   RO         1248    .text.FSM_vInit     statemachinecom.o
    0x08004b62   0x08004b62   0x00000080   Code   RO         1250    .text.FSM_vStateTransfer  statemachinecom.o
    0x08004be2   0x08004be2   0x00000002   PAD
    0x08004be4   0x08004be4   0x00000068   Code   RO          955    .text.FTE_bDataFilter  fstemperature.o
    0x08004c4c   0x08004c4c   0x00000104   Code   RO          961    .text.FTE_vCalculateNTCTemperature  fstemperature.o
    0x08004d50   0x08004d50   0x00000044   Code   RO          959    .text.FTE_vCalculateTemperature  fstemperature.o
    0x08004d94   0x08004d94   0x000000e8   Code   RO          963    .text.FTE_vEvaluationTemperature  fstemperature.o
    0x08004e7c   0x08004e7c   0x00000020   Code   RO          957    .text.FTE_vTemperatueInit  fstemperature.o
    0x08004e9c   0x08004e9c   0x0000006c   Code   RO          965    .text.FTE_vTemperatureCal  fstemperature.o
    0x08004f08   0x08004f08   0x00000098   Code   RO         2750    .text.FailSafePOR   iec60730_b_aux.o
    0x08004fa0   0x08004fa0   0x00000150   Code   RO         2847    .text.Flashtest_config  iec60730_b_startup.o
    0x080050f0   0x080050f0   0x00000118   Code   RO         1928    .text.GPIO_Init     hal_gpio.o
    0x08005208   0x08005208   0x0000005e   Code   RO         1952    .text.GPIO_PinAFConfig  hal_gpio.o
    0x08005266   0x08005266   0x0000002c   Code   RO         1932    .text.GPIO_ReadInputDataBit  hal_gpio.o
    0x08005292   0x08005292   0x00000002   PAD
    0x08005294   0x08005294   0x00000024   Code   RO         1930    .text.GPIO_StructInit  hal_gpio.o
    0x080052b8   0x080052b8   0x00000070   Code   RO          524    .text.Get_ADC_Result  foc_pmsm.o
    0x08005328   0x08005328   0x00000010   Code   RO         1296    .text.HDIV_SignInit  drv_div.o
    0x08005338   0x08005338   0x00000002   Code   RO          143    .text.HWDIV_IRQHandler  mm32_it.o
    0x0800533a   0x0800533a   0x00000002   PAD
    0x0800533c   0x0800533c   0x0000003c   Code   RO         1425    .text.Hw_Sqrt       drv_sqrt.o
    0x08005378   0x08005378   0x00000002   Code   RO          171    .text.I2C1_IRQHandler  mm32_it.o
    0x0800537a   0x0800537a   0x00000002   PAD
    0x0800537c   0x0800537c   0x0000003c   Code   RO         2861    .text.IEC60730_B_CRC_StoreclassBData  iec60730_b_startup.o
    0x080053b8   0x080053b8   0x00000038   Code   RO         2817    .text.IEC60730_B_CpuRunTime_test  iec60730_b_runtimetest.o
    0x080053f0   0x080053f0   0x00000180   Code   RO         2827    .text.IEC60730_B_FlashRunTime_test  iec60730_b_runtimetest.o
    0x08005570   0x08005570   0x00000038   Code   RO         2851    .text.IEC60730_B_FullCpu_test  iec60730_b_startup.o
    0x080055a8   0x080055a8   0x000000a4   Code   RO         2932    .text.IEC60730_B_FullFlash_test  IEC60730B_M0_COM_KEIL_v1_0.lib(iec60730_b_flashtest.o)
    0x0800564c   0x0800564c   0x000000e0   Code   RO         2945    .text.IEC60730_B_TranspMarch  IEC60730B_M0_COM_KEIL_v1_0.lib(iec60730_b_transpram.o)
    0x0800572c   0x0800572c   0x00000028   Code   RO         2943    .text.IEC60730_B_TranspMarchInit  IEC60730B_M0_COM_KEIL_v1_0.lib(iec60730_b_transpram.o)
    0x08005754   0x08005754   0x00000108   Code   RO         2756    .text.IEC60730_B_WDGSelfTest  iec60730_b_aux.o
    0x0800585c   0x0800585c   0x00000148   Code   RO         2857    .text.IEC60730_B_startup  iec60730_b_startup.o
    0x080059a4   0x080059a4   0x00000084   Code   RO         2821    .text.IEC60730_CheckStack  iec60730_b_runtimetest.o
    0x08005a28   0x08005a28   0x00000054   Code   RO         2783    .text.IEC60730_ClockStartUpTest  iec60730_b_clocktest.o
    0x08005a7c   0x08005a7c   0x0000008c   Code   RO         2823    .text.IEC60730_ClockTest_RunTime  iec60730_b_runtimetest.o
    0x08005b08   0x08005b08   0x00000038   Code   RO         2853    .text.IEC60730_ClockTest_Startup  iec60730_b_startup.o
    0x08005b40   0x08005b40   0x000000e4   Code   RO         2825    .text.IEC60730_DoRunTimeChecks  iec60730_b_runtimetest.o
    0x08005c24   0x08005c24   0x0000001c   Code   RO         2930    .text.IEC60730_FlashCrc32Init  IEC60730B_M0_COM_KEIL_v1_0.lib(iec60730_b_flashtest.o)
    0x08005c40   0x08005c40   0x0000003c   Code   RO         2785    .text.IEC60730_InitClock_Xcross_Measurement  iec60730_b_clocktest.o
    0x08005c7c   0x08005c7c   0x00000134   Code   RO         2813    .text.IEC60730_InitRunTimeChecks  iec60730_b_runtimetest.o
    0x08005db0   0x08005db0   0x00000078   Code   RO         2779    .text.IEC60730_MainClockTest  iec60730_b_clocktest.o
    0x08005e28   0x08005e28   0x00000040   Code   RO         2819    .text.IEC60730_Stack_Check  iec60730_b_runtimetest.o
    0x08005e68   0x08005e68   0x00000058   Code   RO         2781    .text.IEC60730_clockrun_valuecheck  iec60730_b_clocktest.o
    0x08005ec0   0x08005ec0   0x00000118   Code   RO         2934    .text.IEC60730_crc32Run  IEC60730B_M0_COM_KEIL_v1_0.lib(iec60730_b_flashtest.o)
    0x08005fd8   0x08005fd8   0x0000000c   Code   RO         2046    .text.IWDG_Enable   hal_iwdg.o
    0x08005fe4   0x08005fe4   0x0000002c   Code   RO         2048    .text.IWDG_GetFlagStatus  hal_iwdg.o
    0x08006010   0x08006010   0x0000000c   Code   RO         2044    .text.IWDG_ReloadCounter  hal_iwdg.o
    0x0800601c   0x0800601c   0x00000020   Code   RO         2034    .text.IWDG_SetPrescaler  hal_iwdg.o
    0x0800603c   0x0800603c   0x0000001c   Code   RO         2038    .text.IWDG_SetReload  hal_iwdg.o
    0x08006058   0x08006058   0x00000018   Code   RO         2032    .text.IWDG_WriteAccessCmd  hal_iwdg.o
    0x08006070   0x08006070   0x0000027c   Code   RO          222    .text.Init_Parameter  user_function.o
    0x080062ec   0x080062ec   0x00000074   Code   RO          123    .text.Interrupt_Init  mm32_it.o
    0x08006360   0x08006360   0x00000078   Code   RO         2752    .text.Iwdg_Init     iec60730_b_aux.o
    0x080063d8   0x080063d8   0x000000bc   Code   RO          594    .text.M1_FaultDetection  statemachine.o
    0x08006494   0x08006494   0x00000014   Code   RO          578    .text.M1_Fault_Fast  statemachine.o
    0x080064a8   0x080064a8   0x00000014   Code   RO          586    .text.M1_Fault_Slow  statemachine.o
    0x080064bc   0x080064bc   0x00000028   Code   RO          580    .text.M1_Init_Fast  statemachine.o
    0x080064e4   0x080064e4   0x0000000c   Code   RO          588    .text.M1_Init_Slow  statemachine.o
    0x080064f0   0x080064f0   0x00000050   Code   RO          632    .text.M1_RunAlignFast  statemachine.o
    0x08006540   0x08006540   0x000000c0   Code   RO          652    .text.M1_RunAlignSlow  statemachine.o
    0x08006600   0x08006600   0x0000002c   Code   RO          630    .text.M1_RunBrakeFast  statemachine.o
    0x0800662c   0x0800662c   0x00000002   Code   RO          650    .text.M1_RunBrakeSlow  statemachine.o
    0x0800662e   0x0800662e   0x00000008   Code   RO          624    .text.M1_RunCalibFast  statemachine.o
    0x08006636   0x08006636   0x00000002   PAD
    0x08006638   0x08006638   0x0000000c   Code   RO          644    .text.M1_RunCalibSlow  statemachine.o
    0x08006644   0x08006644   0x00000050   Code   RO          638    .text.M1_RunFreewheelFast  statemachine.o
    0x08006694   0x08006694   0x0000005c   Code   RO          658    .text.M1_RunFreewheelSlow  statemachine.o
    0x080066f0   0x080066f0   0x0000009c   Code   RO          626    .text.M1_RunReadyFast  statemachine.o
    0x0800678c   0x0800678c   0x00000010   Code   RO          646    .text.M1_RunReadySlow  statemachine.o
    0x0800679c   0x0800679c   0x00000054   Code   RO          636    .text.M1_RunSpinFast  statemachine.o
    0x080067f0   0x080067f0   0x0000006c   Code   RO          656    .text.M1_RunSpinSlow  statemachine.o
    0x0800685c   0x0800685c   0x00000178   Code   RO          634    .text.M1_RunStartupFast  statemachine.o
    0x080069d4   0x080069d4   0x0000017c   Code   RO          654    .text.M1_RunStartupSlow  statemachine.o
    0x08006b50   0x08006b50   0x00000010   Code   RO          628    .text.M1_RunWindDetFast  statemachine.o
    0x08006b60   0x08006b60   0x0000004c   Code   RO          648    .text.M1_RunWindDetSlow  statemachine.o
    0x08006bac   0x08006bac   0x00000018   Code   RO          584    .text.M1_Run_Fast   statemachine.o
    0x08006bc4   0x08006bc4   0x00000024   Code   RO          592    .text.M1_Run_Slow   statemachine.o
    0x08006be8   0x08006be8   0x00000020   Code   RO          582    .text.M1_Stop_Fast  statemachine.o
    0x08006c08   0x08006c08   0x00000030   Code   RO          590    .text.M1_Stop_Slow  statemachine.o
    0x08006c38   0x08006c38   0x00000020   Code   RO          616    .text.M1_SwitchForceFault  statemachine.o
    0x08006c58   0x08006c58   0x00000028   Code   RO          614    .text.M1_SwitchForceToStop  statemachine.o
    0x08006c80   0x08006c80   0x00000008   Code   RO          596    .text.M1_SwitchInitStop  statemachine.o
    0x08006c88   0x08006c88   0x00000020   Code   RO          660    .text.M1_SwitchRunAlignReady  statemachine.o
    0x08006ca8   0x08006ca8   0x00000054   Code   RO          662    .text.M1_SwitchRunAlignStartup  statemachine.o
    0x08006cfc   0x08006cfc   0x00000010   Code   RO          640    .text.M1_SwitchRunCalibReady  statemachine.o
    0x08006d0c   0x08006d0c   0x00000020   Code   RO          672    .text.M1_SwitchRunFault  statemachine.o
    0x08006d2c   0x08006d2c   0x00000024   Code   RO          676    .text.M1_SwitchRunFreewheelReady  statemachine.o
    0x08006d50   0x08006d50   0x00000008   Code   RO          602    .text.M1_SwitchRunReadyWindDet  statemachine.o
    0x08006d58   0x08006d58   0x00000018   Code   RO          674    .text.M1_SwitchRunSpinFreewheel  statemachine.o
    0x08006d70   0x08006d70   0x00000008   Code   RO          668    .text.M1_SwitchRunStartupFreewheel  statemachine.o
    0x08006d78   0x08006d78   0x00000078   Code   RO          670    .text.M1_SwitchRunStartupSpin  statemachine.o
    0x08006df0   0x08006df0   0x00000008   Code   RO          606    .text.M1_SwitchRunWindDetAlign  statemachine.o
    0x08006df8   0x08006df8   0x00000008   Code   RO          610    .text.M1_SwitchRunWindDetReady  statemachine.o
    0x08006e00   0x08006e00   0x00000018   Code   RO          598    .text.M1_SwitchStopRun  statemachine.o
    0x08006e18   0x08006e18   0x0000006c   Code   RO          642    .text.MCFLIB_Clark_Sat_S16  statemachine.o
    0x08006e84   0x08006e84   0x00000070   Code   RO         1023    .text.MCFLIB_Clark_Sat_S16  current.o
    0x08006ef4   0x08006ef4   0x00000068   Code   RO          536    .text.MCFLIB_InvPark_S16  foc_pmsm.o
    0x08006f5c   0x08006f5c   0x00000068   Code   RO          532    .text.MCFLIB_Park_S16  foc_pmsm.o
    0x08006fc4   0x08006fc4   0x00000008   Code   RO          195    .text.MIT_ptGetCaptureData  mm32_it.o
    0x08006fcc   0x08006fcc   0x00000068   Code   RO          236    .text.MLIB_AddSat_Q31  user_function.o
    0x08007034   0x08007034   0x00000010   Code   RO          666    .text.MLIB_Conv_Q15l  statemachine.o
    0x08007044   0x08007044   0x00000012   Code   RO          664    .text.MLIB_Conv_Q31s  statemachine.o
    0x08007056   0x08007056   0x00000046   Code   RO          230    .text.MLIB_FilterMA_Q15  user_function.o
    0x0800709c   0x0800709c   0x00000026   Code   RO          353    .text.MLIB_Mul_Q15  speedcontrol.o
    0x080070c2   0x080070c2   0x00000026   Code   RO          528    .text.MLIB_Mul_Q15  foc_pmsm.o
    0x080070e8   0x080070e8   0x00000026   Code   RO          620    .text.MLIB_Mul_Q15  statemachine.o
    0x0800710e   0x0800710e   0x00000026   Code   RO          805    .text.MLIB_Mul_Q15  fsrotorlock.o
    0x08007134   0x08007134   0x00000026   Code   RO          838    .text.MLIB_Mul_Q15  speedmonitor.o
    0x0800715a   0x0800715a   0x00000026   Code   RO          916    .text.MLIB_Mul_Q15  fscommon.o
    0x08007180   0x08007180   0x00000014   Code   RO          224    .text.MLIB_Neg_Q15  user_function.o
    0x08007194   0x08007194   0x00000014   Code   RO          534    .text.MLIB_Neg_Q15  foc_pmsm.o
    0x080071a8   0x080071a8   0x00000058   Code   RO          242    .text.MLIB_Sat_Q15  user_function.o
    0x08007200   0x08007200   0x0000001c   Code   RO          238    .text.MLIB_ShR_Q31  user_function.o
    0x0800721c   0x0800721c   0x00000070   Code   RO          240    .text.MLIB_SubSat_Q31  user_function.o
    0x0800728c   0x0800728c   0x00000108   Code   RO          492    .text.MOS2_u8ModBusRecHandle  modbus_2.o
    0x08007394   0x08007394   0x0000004c   Code   RO          482    .text.MOS2_vCheckReadAllDataCommand  modbus_2.o
    0x080073e0   0x080073e0   0x0000004c   Code   RO          478    .text.MOS2_vCheckWriteDataCommand  modbus_2.o
    0x0800742c   0x0800742c   0x0000000c   Code   RO          419    .text.MOS2_vError_do  appmodbus2stm.o
    0x08007438   0x08007438   0x00000002   Code   RO          417    .text.MOS2_vError_entry  appmodbus2stm.o
    0x0800743a   0x0800743a   0x00000002   Code   RO          421    .text.MOS2_vError_exit  appmodbus2stm.o
    0x0800743c   0x0800743c   0x00000060   Code   RO          456    .text.MOS2_vEventHandler  modbus_2.o
    0x0800749c   0x0800749c   0x00000018   Code   RO          429    .text.MOS2_vGetActionMap  appmodbus2stm.o
    0x080074b4   0x080074b4   0x00000012   Code   RO          496    .text.MOS2_vGetTargetSpeed  modbus_2.o
    0x080074c6   0x080074c6   0x00000002   PAD
    0x080074c8   0x080074c8   0x00000090   Code   RO          425    .text.MOS2_vIdle_do  appmodbus2stm.o
    0x08007558   0x08007558   0x00000010   Code   RO          423    .text.MOS2_vIdle_entry  appmodbus2stm.o
    0x08007568   0x08007568   0x00000002   Code   RO          427    .text.MOS2_vIdle_exit  appmodbus2stm.o
    0x0800756a   0x0800756a   0x00000002   PAD
    0x0800756c   0x0800756c   0x00000010   Code   RO          401    .text.MOS2_vInit_do  appmodbus2stm.o
    0x0800757c   0x0800757c   0x00000002   Code   RO          399    .text.MOS2_vInit_entry  appmodbus2stm.o
    0x0800757e   0x0800757e   0x00000002   Code   RO          403    .text.MOS2_vInit_exit  appmodbus2stm.o
    0x08007580   0x08007580   0x00000038   Code   RO          480    .text.MOS2_vModbudFun6  modbus_2.o
    0x080075b8   0x080075b8   0x00000064   Code   RO          484    .text.MOS2_vModbusFun4  modbus_2.o
    0x0800761c   0x0800761c   0x00000108   Code   RO          488    .text.MOS2_vReadRegister  modbus_2.o
    0x08007724   0x08007724   0x00000044   Code   RO          486    .text.MOS2_vReadWriteDataCommon  modbus_2.o
    0x08007768   0x08007768   0x000000ac   Code   RO          413    .text.MOS2_vRecep_do  appmodbus2stm.o
    0x08007814   0x08007814   0x00000002   Code   RO          411    .text.MOS2_vRecep_entry  appmodbus2stm.o
    0x08007816   0x08007816   0x00000002   Code   RO          415    .text.MOS2_vRecep_exit  appmodbus2stm.o
    0x08007818   0x08007818   0x0000003a   Code   RO          458    .text.MOS2_vRegisterHandler  modbus_2.o
    0x08007852   0x08007852   0x00000002   PAD
    0x08007854   0x08007854   0x00000010   Code   RO          462    .text.MOS2_vSlaveAddressUpdate  modbus_2.o
    0x08007864   0x08007864   0x0000003c   Code   RO          407    .text.MOS2_vTrans_do  appmodbus2stm.o
    0x080078a0   0x080078a0   0x00000002   Code   RO          405    .text.MOS2_vTrans_entry  appmodbus2stm.o
    0x080078a2   0x080078a2   0x00000002   Code   RO          409    .text.MOS2_vTrans_exit  appmodbus2stm.o
    0x080078a4   0x080078a4   0x0000002c   Code   RO          454    .text.MOS2_vTriggerEvent  modbus_2.o
    0x080078d0   0x080078d0   0x00000014   Code   RO          498    .text.MOS2_vWriteCurrentSpeed  modbus_2.o
    0x080078e4   0x080078e4   0x00000002   Code   RO          460    .text.MOS2_vWriteDataIntoEEP  modbus_2.o
    0x080078e6   0x080078e6   0x00000002   PAD
    0x080078e8   0x080078e8   0x00000010   Code   RO          290    .text.MOS_bGetInitStatus  modbus.o
    0x080078f8   0x080078f8   0x00000018   Code   RO          264    .text.MOS_vCallbackInit  modbus.o
    0x08007910   0x08007910   0x0000004c   Code   RO          282    .text.MOS_vCheckReadAllDataCommand  modbus.o
    0x0800795c   0x0800795c   0x0000004c   Code   RO          278    .text.MOS_vCheckWriteDataCommand  modbus.o
    0x080079a8   0x080079a8   0x0000000c   Code   RO          274    .text.MOS_vConfigureSlaveAddress  modbus.o
    0x080079b4   0x080079b4   0x00000048   Code   RO          268    .text.MOS_vDataReceiveInterrupt  modbus.o
    0x080079fc   0x080079fc   0x00000060   Code   RO          256    .text.MOS_vEventHandler  modbus.o
    0x08007a5c   0x08007a5c   0x00000018   Code   RO          431    .text.MOS_vGetEventMap  appmodbus2stm.o
    0x08007a74   0x08007a74   0x000000d8   Code   RO          288    .text.MOS_vModBusHandler  modbus.o
    0x08007b4c   0x08007b4c   0x00000114   Code   RO          280    .text.MOS_vModbudFun6  modbus.o
    0x08007c60   0x08007c60   0x0000012c   Code   RO          284    .text.MOS_vModbusFun4  modbus.o
    0x08007d8c   0x08007d8c   0x00000024   Code   RO          270    .text.MOS_vModbusInit  modbus.o
    0x08007db0   0x08007db0   0x00000008   Code   RO          272    .text.MOS_vModbusProtocalConfig  modbus.o
    0x08007db8   0x08007db8   0x00000044   Code   RO          286    .text.MOS_vReadWriteDataCommon  modbus.o
    0x08007dfc   0x08007dfc   0x00000042   Code   RO          258    .text.MOS_vRegisterHandler  modbus.o
    0x08007e3e   0x08007e3e   0x00000002   PAD
    0x08007e40   0x08007e40   0x00000014   Code   RO          262    .text.MOS_vSlaveAddressUpdate  modbus.o
    0x08007e54   0x08007e54   0x00000038   Code   RO          266    .text.MOS_vTimeoutInterrupt  modbus.o
    0x08007e8c   0x08007e8c   0x0000002c   Code   RO          254    .text.MOS_vTriggerEvent  modbus.o
    0x08007eb8   0x08007eb8   0x00000002   Code   RO          260    .text.MOS_vWriteDataIntoEEP  modbus.o
    0x08007eba   0x08007eba   0x00000002   PAD
    0x08007ebc   0x08007ebc   0x00000098   Code   RO          622    .text.MOT_vAngleSmoothSwitch  statemachine.o
    0x08007f54   0x08007f54   0x0000001c   Code   RO         2762    .text.NMI_Handler   iec60730_b_aux.o
    0x08007f70   0x08007f70   0x0000002c   Code   RO          121    .text.NVIC_Configure  mm32_it.o
    0x08007f9c   0x08007f9c   0x0000007c   Code   RO         2078    .text.NVIC_Init     hal_misc.o
    0x08008018   0x08008018   0x00000038   Code   RO         2096    .text.OPAMP_Configure  hal_opamp.o
    0x08008050   0x08008050   0x000000b0   Code   RO          526    .text.PMSM_Obs      foc_pmsm.o
    0x08008100   0x08008100   0x00000002   Code   RO          129    .text.PVD_IRQHandler  mm32_it.o
    0x08008102   0x08008102   0x00000014   Code   RO         2036    .text.PVU_CheckStatus  hal_iwdg.o
    0x08008116   0x08008116   0x00000002   Code   RO          131    .text.PWM_IRQHandler  mm32_it.o
    0x08008118   0x08008118   0x00000078   Code   RO          618    .text.PWM_Update    statemachine.o
    0x08008190   0x08008190   0x0000004c   Code   RO          109    .text.Peripheral_Init  board.o
    0x080081dc   0x080081dc   0x0000003c   Code   RO         1145    .text.QMATH_max     math.o
    0x08008218   0x08008218   0x00000034   Code   RO         2180    .text.RCC_AHBPeriphClockCmd  hal_rcc.o
    0x0800824c   0x0800824c   0x00000034   Code   RO         2184    .text.RCC_APB1PeriphClockCmd  hal_rcc.o
    0x08008280   0x08008280   0x00000034   Code   RO         2182    .text.RCC_APB2PeriphClockCmd  hal_rcc.o
    0x080082b4   0x080082b4   0x00000020   Code   RO         2204    .text.RCC_ClearITPendingBit  hal_rcc.o
    0x080082d4   0x080082d4   0x00000024   Code   RO         2194    .text.RCC_ClockSecuritySystemCmd  hal_rcc.o
    0x080082f8   0x080082f8   0x000000f4   Code   RO         2236    .text.RCC_GPIO_ClockCmd  hal_rcc.o
    0x080083ec   0x080083ec   0x0000006c   Code   RO         2142    .text.RCC_GetFlagStatus  hal_rcc.o
    0x08008458   0x08008458   0x00000018   Code   RO         2172    .text.RCC_GetHCLKFreq  hal_rcc.o
    0x08008470   0x08008470   0x0000001c   Code   RO         2174    .text.RCC_GetPCLK1Freq  hal_rcc.o
    0x0800848c   0x0800848c   0x00000020   Code   RO         2176    .text.RCC_GetPCLK2Freq  hal_rcc.o
    0x080084ac   0x080084ac   0x000000c4   Code   RO         2170    .text.RCC_GetSysClockFreq  hal_rcc.o
    0x08008570   0x08008570   0x00000002   Code   RO          135    .text.RCC_IRQHandler  mm32_it.o
    0x08008572   0x08008572   0x00000002   PAD
    0x08008574   0x08008574   0x00000024   Code   RO         2168    .text.RCC_LSICmd    hal_rcc.o
    0x08008598   0x08008598   0x0000008c   Code   RO         2242    .text.RCC_UART_ClockCmd  hal_rcc.o
    0x08008624   0x08008624   0x00000250   Code   RO          773    .text.RMP_vOpenPhaseCheckComplex  fsphaseloss.o
    0x08008874   0x08008874   0x00000014   Code   RO         2040    .text.RVU_CheckStatus  hal_iwdg.o
    0x08008888   0x08008888   0x0000003c   Code   RO         2849    .text.Ramtest_config  iec60730_b_startup.o
    0x080088c4   0x080088c4   0x00000068   Code   RO          347    .text.SCL_bDataFilter  speedcontrol.o
    0x0800892c   0x0800892c   0x000001e4   Code   RO          351    .text.SCL_vCalcualteTargetSpeed  speedcontrol.o
    0x08008b10   0x08008b10   0x00000044   Code   RO          349    .text.SCL_vCalculateActualSpeedFromPU  speedcontrol.o
    0x08008b54   0x08008b54   0x000000c8   Code   RO          345    .text.SCL_vMotorDirectionCheck  speedcontrol.o
    0x08008c1c   0x08008c1c   0x000000c8   Code   RO          361    .text.SCL_vSpeedControlHandle  speedcontrol.o
    0x08008ce4   0x08008ce4   0x00000100   Code   RO          359    .text.SCL_vSpeedControlMasterModbusHandle  speedcontrol.o
    0x08008de4   0x08008de4   0x00000158   Code   RO          357    .text.SCL_vSpeedControlModbusHandle  speedcontrol.o
    0x08008f3c   0x08008f3c   0x00000078   Code   RO          355    .text.SCL_vSpeedControlPWMHandle  speedcontrol.o
    0x08008fb4   0x08008fb4   0x0000002a   Code   RO         1199    .text.SMP_vReadWordN  simeep.o
    0x08008fde   0x08008fde   0x0000002a   Code   RO         1197    .text.SMP_vWriteWordN  simeep.o
    0x08009008   0x08009008   0x00000008   Code   RO          852    .text.SMR_vCheckSpeedMonitor  speedmonitor.o
    0x08009010   0x08009010   0x00000128   Code   RO          850    .text.SMR_vCheckSpeedMonitorImplement  speedmonitor.o
    0x08009138   0x08009138   0x0000024c   Code   RO          840    .text.SMR_vIndependentMotorModelCalculation  speedmonitor.o
    0x08009384   0x08009384   0x00000008   Code   RO          848    .text.SMR_vSpeedEvaluation  speedmonitor.o
    0x0800938c   0x0800938c   0x00000028   Code   RO          846    .text.SMR_vSpeedEvaluationComplex  speedmonitor.o
    0x080093b4   0x080093b4   0x00000002   Code   RO          175    .text.SPI1_IRQHandler  mm32_it.o
    0x080093b6   0x080093b6   0x00000002   Code   RO          177    .text.SPI2_IRQHandler  mm32_it.o
    0x080093b8   0x080093b8   0x00000014   Code   RO          894    .text.STK_tGetSafeTime  fsclock.o
    0x080093cc   0x080093cc   0x00000018   Code   RO          187    .text.STK_vSetGenericTimerCallbackFunc  mm32_it.o
    0x080093e4   0x080093e4   0x000000f0   Code   RO          892    .text.STK_vTriggerSafeTime  fsclock.o
    0x080094d4   0x080094d4   0x0000000e   Code   RO         2712    .text.SetSysClock   system_mm32spin0280.o
    0x080094e2   0x080094e2   0x00000002   PAD
    0x080094e4   0x080094e4   0x00000060   Code   RO         2710    .text.SetSysClockToDefaultHSI  system_mm32spin0280.o
    0x08009544   0x08009544   0x00000190   Code   RO         2718    .text.SetSysClockWithHsiPLL  system_mm32spin0280.o
    0x080096d4   0x080096d4   0x00000058   Code   RO         2815    .text.SysTick_Config  iec60730_b_runtimetest.o
    0x0800972c   0x0800972c   0x00000198   Code   RO         2764    .text.SysTick_Handler  iec60730_b_aux.o
    0x080098c4   0x080098c4   0x000000cc   Code   RO         2716    .text.SystemCoreClockUpdate  system_mm32spin0280.o
    0x08009990   0x08009990   0x0000000c   Code   RO         2708    .text.SystemInit    system_mm32spin0280.o
    0x0800999c   0x0800999c   0x00000054   Code   RO         2349    .text.TI1_Configure  hal_tim.o
    0x080099f0   0x080099f0   0x0000005a   Code   RO         2353    .text.TI2_Configure  hal_tim.o
    0x08009a4a   0x08009a4a   0x0000005a   Code   RO         2357    .text.TI3_Configure  hal_tim.o
    0x08009aa4   0x08009aa4   0x0000005e   Code   RO         2361    .text.TI4_Configure  hal_tim.o
    0x08009b02   0x08009b02   0x00000002   Code   RO          163    .text.TIM14_IRQHandler  mm32_it.o
    0x08009b04   0x08009b04   0x00000002   Code   RO          167    .text.TIM16_IRQHandler  mm32_it.o
    0x08009b06   0x08009b06   0x00000002   Code   RO          169    .text.TIM17_IRQHandler  mm32_it.o
    0x08009b08   0x08009b08   0x00000038   Code   RO          153    .text.TIM1_BRK_UP_TRG_COM_IRQHandler  mm32_it.o
    0x08009b40   0x08009b40   0x00000002   Code   RO          155    .text.TIM1_CC_IRQHandler  mm32_it.o
    0x08009b42   0x08009b42   0x00000002   PAD
    0x08009b44   0x08009b44   0x00000114   Code   RO         2793    .text.TIM2_IRQHandler  iec60730_b_clocktest.o
    0x08009c58   0x08009c58   0x00000048   Code   RO          157    .text.TIM3_IRQHandler  mm32_it.o
    0x08009ca0   0x08009ca0   0x00000002   Code   RO          159    .text.TIM8_BRK_UP_TRG_COM_IRQHandler  mm32_it.o
    0x08009ca2   0x08009ca2   0x00000002   Code   RO          161    .text.TIM8_CC_IRQHandler  mm32_it.o
    0x08009ca4   0x08009ca4   0x00000034   Code   RO         2417    .text.TIM_ARRPreloadConfig  hal_tim.o
    0x08009cd8   0x08009cd8   0x00000034   Code   RO         2367    .text.TIM_BDTRConfig  hal_tim.o
    0x08009d0c   0x08009d0c   0x00000034   Code   RO         2463    .text.TIM_CCxCmd    hal_tim.o
    0x08009d40   0x08009d40   0x0000001e   Code   RO         2511    .text.TIM_ClearFlag  hal_tim.o
    0x08009d5e   0x08009d5e   0x0000001e   Code   RO         2515    .text.TIM_ClearITPendingBit  hal_tim.o
    0x08009d7c   0x08009d7c   0x00000034   Code   RO         2377    .text.TIM_Cmd       hal_tim.o
    0x08009db0   0x08009db0   0x00000038   Code   RO         2379    .text.TIM_CtrlPWMOutputs  hal_tim.o
    0x08009de8   0x08009de8   0x000000a4   Code   RO         2335    .text.TIM_DeInit    hal_tim.o
    0x08009e8c   0x08009e8c   0x00000010   Code   RO         2497    .text.TIM_GetCapture1  hal_tim.o
    0x08009e9c   0x08009e9c   0x00000010   Code   RO         2499    .text.TIM_GetCapture2  hal_tim.o
    0x08009eac   0x08009eac   0x00000010   Code   RO         2503    .text.TIM_GetCapture4  hal_tim.o
    0x08009ebc   0x08009ebc   0x00000010   Code   RO         2505    .text.TIM_GetCounter  hal_tim.o
    0x08009ecc   0x08009ecc   0x0000002a   Code   RO         2509    .text.TIM_GetFlagStatus  hal_tim.o
    0x08009ef6   0x08009ef6   0x00000046   Code   RO         2513    .text.TIM_GetITStatus  hal_tim.o
    0x08009f3c   0x08009f3c   0x000000c0   Code   RO         2347    .text.TIM_ICInit    hal_tim.o
    0x08009ffc   0x08009ffc   0x0000003c   Code   RO         2381    .text.TIM_ITConfig  hal_tim.o
    0x0800a038   0x0800a038   0x000000a4   Code   RO         2339    .text.TIM_OC1Init   hal_tim.o
    0x0800a0dc   0x0800a0dc   0x00000026   Code   RO         2425    .text.TIM_OC1PreloadConfig  hal_tim.o
    0x0800a102   0x0800a102   0x00000002   PAD
    0x0800a104   0x0800a104   0x0000009c   Code   RO         2341    .text.TIM_OC2Init   hal_tim.o
    0x0800a1a0   0x0800a1a0   0x0000002a   Code   RO         2427    .text.TIM_OC2PreloadConfig  hal_tim.o
    0x0800a1ca   0x0800a1ca   0x00000002   PAD
    0x0800a1cc   0x0800a1cc   0x00000090   Code   RO         2343    .text.TIM_OC3Init   hal_tim.o
    0x0800a25c   0x0800a25c   0x00000026   Code   RO         2429    .text.TIM_OC3PreloadConfig  hal_tim.o
    0x0800a282   0x0800a282   0x00000002   PAD
    0x0800a284   0x0800a284   0x00000080   Code   RO         2345    .text.TIM_OC4Init   hal_tim.o
    0x0800a304   0x0800a304   0x0000002e   Code   RO         2371    .text.TIM_OCStructInit  hal_tim.o
    0x0800a332   0x0800a332   0x0000001a   Code   RO         2483    .text.TIM_SetAutoreload  hal_tim.o
    0x0800a34c   0x0800a34c   0x00000026   Code   RO         2351    .text.TIM_SetIC1Prescaler  hal_tim.o
    0x0800a372   0x0800a372   0x0000002a   Code   RO         2355    .text.TIM_SetIC2Prescaler  hal_tim.o
    0x0800a39c   0x0800a39c   0x00000026   Code   RO         2359    .text.TIM_SetIC3Prescaler  hal_tim.o
    0x0800a3c2   0x0800a3c2   0x0000002a   Code   RO         2363    .text.TIM_SetIC4Prescaler  hal_tim.o
    0x0800a3ec   0x0800a3ec   0x000000cc   Code   RO         2337    .text.TIM_TimeBaseInit  hal_tim.o
    0x0800a4b8   0x0800a4b8   0x00000024   Code   RO         2369    .text.TIM_TimeBaseStructInit  hal_tim.o
    0x0800a4dc   0x0800a4dc   0x00000078   Code   RO         1374    .text.TIM_bBrakeUpdate  drv_pwm.o
    0x0800a554   0x0800a554   0x00000090   Code   RO         1368    .text.TIM_bSetOutputConfig  drv_pwm.o
    0x0800a5e4   0x0800a5e4   0x00000040   Code   RO         1370    .text.TIM_vDutyCycleToCompare  drv_pwm.o
    0x0800a624   0x0800a624   0x00000064   Code   RO         1364    .text.TIM_vSetCompareValues  drv_pwm.o
    0x0800a688   0x0800a688   0x00000060   Code   RO         1366    .text.TIM_vSetOutputs  drv_pwm.o
    0x0800a6e8   0x0800a6e8   0x00000048   Code   RO         1177    .text.TRR_vClarkeTrans  transfer.o
    0x0800a730   0x0800a730   0x0000004c   Code   RO          328    .text.TSE_vAdaptInterfaceFromFlag2TaskCall  timeslice.o
    0x0800a77c   0x0800a77c   0x00000050   Code   RO          330    .text.TSE_vRegisterHandler  timeslice.o
    0x0800a7cc   0x0800a7cc   0x00000078   Code   RO          332    .text.TSE_vSliceTaskHandle  timeslice.o
    0x0800a844   0x0800a844   0x000000a4   Code   RO         2791    .text.Tim2_Init     iec60730_b_clocktest.o
    0x0800a8e8   0x0800a8e8   0x00000002   Code   RO          179    .text.UART1_IRQHandler  mm32_it.o
    0x0800a8ea   0x0800a8ea   0x00000002   PAD
    0x0800a8ec   0x0800a8ec   0x00000024   Code   RO          181    .text.UART2_IRQHandler  mm32_it.o
    0x0800a910   0x0800a910   0x00000028   Code   RO          185    .text.UART3_IRQHandler  mm32_it.o
    0x0800a938   0x0800a938   0x0000001a   Code   RO         2579    .text.UART_ClearITPendingBit  hal_uart.o
    0x0800a952   0x0800a952   0x00000026   Code   RO         2565    .text.UART_Cmd      hal_uart.o
    0x0800a978   0x0800a978   0x0000002c   Code   RO         2575    .text.UART_GetFlagStatus  hal_uart.o
    0x0800a9a4   0x0800a9a4   0x0000002c   Code   RO         2577    .text.UART_GetITStatus  hal_uart.o
    0x0800a9d0   0x0800a9d0   0x00000042   Code   RO         2567    .text.UART_ITConfig  hal_uart.o
    0x0800aa12   0x0800aa12   0x00000002   PAD
    0x0800aa14   0x0800aa14   0x000000b4   Code   RO         2561    .text.UART_Init     hal_uart.o
    0x0800aac8   0x0800aac8   0x00000012   Code   RO         2573    .text.UART_ReceiveData  hal_uart.o
    0x0800aada   0x0800aada   0x0000001a   Code   RO         2571    .text.UART_SendData  hal_uart.o
    0x0800aaf4   0x0800aaf4   0x0000002e   Code   RO         2563    .text.UART_StructInit  hal_uart.o
    0x0800ab22   0x0800ab22   0x00000002   PAD
    0x0800ab24   0x0800ab24   0x00000024   Code   RO         1409    .text.UART_bUARTTXBUFEMPT  drv_sci.o
    0x0800ab48   0x0800ab48   0x00000024   Code   RO         1541    .text.UART_bUARTTXBUFEMPTUART3  drv_sci_2.o
    0x0800ab6c   0x0800ab6c   0x0000008c   Code   RO         1393    .text.UART_vCONSOLE_Init  drv_sci.o
    0x0800abf8   0x0800abf8   0x00000090   Code   RO         1525    .text.UART_vCONSOLE_InitUART3  drv_sci_2.o
    0x0800ac88   0x0800ac88   0x00000024   Code   RO         1399    .text.UART_vGetUARTData  drv_sci.o
    0x0800acac   0x0800acac   0x0000000c   Code   RO         1407    .text.UART_vModbusTxDisable  drv_sci.o
    0x0800acb8   0x0800acb8   0x0000000c   Code   RO         1539    .text.UART_vModbusTxDisableUART3  drv_sci_2.o
    0x0800acc4   0x0800acc4   0x00000038   Code   RO         1395    .text.UART_vNVICConfigure  drv_sci.o
    0x0800acfc   0x0800acfc   0x00000038   Code   RO         1527    .text.UART_vNVICConfigureUART3  drv_sci_2.o
    0x0800ad34   0x0800ad34   0x00000018   Code   RO          189    .text.UART_vSetUartReceiveCallbackFunc  mm32_it.o
    0x0800ad4c   0x0800ad4c   0x0000004c   Code   RO         1397    .text.UART_vWriteData  drv_sci.o
    0x0800ad98   0x0800ad98   0x0000004c   Code   RO         1529    .text.UART_vWriteDataUART3  drv_sci_2.o
    0x0800ade4   0x0800ade4   0x000000ac   Code   RO          232    .text.UFN_vBackwardParamStartupInit  user_function.o
    0x0800ae90   0x0800ae90   0x000000b8   Code   RO          234    .text.UFN_vForwardParamStartupInit  user_function.o
    0x0800af48   0x0800af48   0x000000d0   Code   RO         1083    .text.VOL_bCheckOverVoltageCondition  voltage.o
    0x0800b018   0x0800b018   0x000000c8   Code   RO         1081    .text.VOL_bCheckUnderVoltageCondition  voltage.o
    0x0800b0e0   0x0800b0e0   0x000000e4   Code   RO         1085    .text.VOL_bHandleTask  voltage.o
    0x0800b1c4   0x0800b1c4   0x0000006c   Code   RO         1073    .text.VOL_bInitDcLinkVoltageMeasurement  voltage.o
    0x0800b230   0x0800b230   0x00000088   Code   RO         1075    .text.VOL_bVoltageErrorDetection  voltage.o
    0x0800b2b8   0x0800b2b8   0x00000008   Code   RO         1067    .text.VOL_tGet15VolmV  voltage.o
    0x0800b2c0   0x0800b2c0   0x00000008   Code   RO         1063    .text.VOL_tGetDclVolRawSampleQ  voltage.o
    0x0800b2c8   0x0800b2c8   0x00000008   Code   RO         1059    .text.VOL_tGetDclVolV  voltage.o
    0x0800b2d0   0x0800b2d0   0x00000008   Code   RO         1069    .text.VOL_tGetInternalVoltRefVolmV  voltage.o
    0x0800b2d8   0x0800b2d8   0x00000038   Code   RO         1071    .text.VOL_tReadVoltageValue  voltage.o
    0x0800b310   0x0800b310   0x0000005c   Code   RO         1087    .text.VOL_vCalcVolLowPassFilters  voltage.o
    0x0800b36c   0x0800b36c   0x00000030   Code   RO         1053    .text.VOL_vCalculateRefVolt  voltage.o
    0x0800b39c   0x0800b39c   0x00000090   Code   RO         1079    .text.VOL_vCheck15VVoltageCondition  voltage.o
    0x0800b42c   0x0800b42c   0x00000094   Code   RO         1077    .text.VOL_vCheckInternalReferenceVoltageCondition  voltage.o
    0x0800b4c0   0x0800b4c0   0x00000018   Code   RO         1051    .text.VOL_vConstValueInit  voltage.o
    0x0800b4d8   0x0800b4d8   0x00000190   Code   RO         1061    .text.VOL_vTrackVoltageValues  voltage.o
    0x0800b668   0x0800b668   0x00000068   Code   RO         1055    .text.VOL_vUpdateValue  voltage.o
    0x0800b6d0   0x0800b6d0   0x00000044   Code   RO          228    .text.Var_Filt      user_function.o
    0x0800b714   0x0800b714   0x0000000e   Code   RO           21    .text.WDG_Init      main.o
    0x0800b722   0x0800b722   0x00000008   Code   RO           23    .text.WDG_Refresh   main.o
    0x0800b72a   0x0800b72a   0x00000002   PAD
    0x0800b72c   0x0800b72c   0x00000114   Code   RO          708    .text.WDN_bEstimateStartupScenario  winddetection.o
    0x0800b840   0x0800b840   0x0000008c   Code   RO          710    .text.WDN_vAnalyzeStartPower  winddetection.o
    0x0800b8cc   0x0800b8cc   0x00000178   Code   RO          712    .text.WDN_vConfigureStartupParam  winddetection.o
    0x0800ba44   0x0800ba44   0x0000000c   Code   RO         2670    .text.WWDG_DeInit   hal_wwdg.o
    0x0800ba50   0x0800ba50   0x0000001c   Code   RO         2682    .text.WWDG_Enable   hal_wwdg.o
    0x0800ba6c   0x0800ba6c   0x00000002   Code   RO          127    .text.WWDG_IRQHandler  mm32_it.o
    0x0800ba6e   0x0800ba6e   0x00000046   Code   RO         2754    .text.WWDG_Init     iec60730_b_aux.o
    0x0800bab4   0x0800bab4   0x0000001c   Code   RO         2672    .text.WWDG_SetPrescaler  hal_wwdg.o
    0x0800bad0   0x0800bad0   0x00000024   Code   RO         2674    .text.WWDG_SetWindowValue  hal_wwdg.o
    0x0800baf4   0x0800baf4   0x00000088   Code   RO          125    .text.__NVIC_SetPriority  mm32_it.o
    0x0800bb7c   0x0800bb7c   0x0000008c   Code   RO         2829    .text.__NVIC_SetPriority  iec60730_b_runtimetest.o
    0x0800bc08   0x0800bc08   0x0000001c   Code   RO         2758    .text.__NVIC_SystemReset  iec60730_b_aux.o
    0x0800bc24   0x0800bc24   0x00000044   Code   RO         2859    .text.control_flow_check_point  iec60730_b_startup.o
    0x0800bc68   0x0800bc68   0x0000006c   Code   RO          314    .text.crc16         modbuscrc.o
    0x0800bcd4   0x0800bcd4   0x0000004a   Code   RO         2720    .text.delay_x_cycle  system_mm32spin0280.o
    0x0800bd1e   0x0800bd1e   0x00000002   PAD
    0x0800bd20   0x0800bd20   0x0000007c   Code   RO         2080    .text.exNVIC_Init   hal_misc.o
    0x0800bd9c   0x0800bd9c   0x00000024   Code   RO         2212    .text.exRCC_APB1PeriphReset  hal_rcc.o
    0x0800bdc0   0x0800bdc0   0x00000024   Code   RO         2216    .text.exRCC_APB2PeriphReset  hal_rcc.o
    0x0800bde4   0x0800bde4   0x00000038   Code   RO         2736    .text.fputc         uart_classb.o
    0x0800be1c   0x0800be1c   0x00000074   Code   RO           25    .text.main          main.o
    0x0800be90   0x0800be90   0x000000b4   Code   RO          226    .text.variable_reset  user_function.o
    0x0800bf44   0x0800bf44   0x00000020   Code   RO         2973    i.__0printf         mc_p.l(printfa.o)
    0x0800bf64   0x0800bf64   0x0000002e   Code   RO         3054    i.__ARM_clz         mf_p.l(depilogue.o)
    0x0800bf92   0x0800bf92   0x0000000e   Code   RO         3064    i.__scatterload_copy  mc_p.l(handlers.o)
    0x0800bfa0   0x0800bfa0   0x00000002   Code   RO         3065    i.__scatterload_null  mc_p.l(handlers.o)
    0x0800bfa2   0x0800bfa2   0x0000000e   Code   RO         3066    i.__scatterload_zeroinit  mc_p.l(handlers.o)
    0x0800bfb0   0x0800bfb0   0x00000174   Code   RO         2980    i._fp_digits        mc_p.l(printfa.o)
    0x0800c124   0x0800c124   0x000006ec   Code   RO         2981    i._printf_core      mc_p.l(printfa.o)
    0x0800c810   0x0800c810   0x00000020   Code   RO         2982    i._printf_post_padding  mc_p.l(printfa.o)
    0x0800c830   0x0800c830   0x0000002c   Code   RO         2983    i._printf_pre_padding  mc_p.l(printfa.o)
    0x0800c85c   0x0800c85c   0x00000200   Data   RO         2894    .constdata          MLIB.lib(mlib.o)
    0x0800ca5c   0x0800ca5c   0x00000004   PAD
    0x0800ca60   0x0800ca60   0x00000008   Data   RO         1038    .rodata.CUR_tParaBridge1  current.o
    0x0800ca68   0x0800ca68   0x000000f0   Data   RO         1232    .rodata.ERT_tErrorTable  errorreact.o
    0x0800cb58   0x0800cb58   0x00000020   Data   RO         1151    .rodata.FPM_tCordicAngleTabQ15  math.o
    0x0800cb78   0x0800cb78   0x00000018   Data   RO          942    .rodata.FSM_atMonitorConfig  fsmonitor.o
    0x0800cb90   0x0800cb90   0x00000010   Data   RO          944    .rodata.FSM_atMonitorInitFcts  fsmonitor.o
    0x0800cba0   0x0800cba0   0x000000c8   Data   RO          967    .rodata.FTE_au16NTCTemperatureArray  fstemperature.o
    0x0800cc68   0x0800cc68   0x0000003c   Data   RO         1376    .rodata.PWM_ucChannelConfig  drv_pwm.o
    0x0800cca4   0x0800cca4   0x00000100   Data   RO          316    .rodata.auchCRCHi   modbuscrc.o
    0x0800cda4   0x0800cda4   0x00000100   Data   RO          317    .rodata.auchCRCLo   modbuscrc.o
    0x0800cea4   0x0800cea4   0x00000020   Data   RO          683    .rodata.s_M1_STATE_RUN_TABLE_FAST  statemachine.o
    0x0800cec4   0x0800cec4   0x00000020   Data   RO          684    .rodata.s_M1_STATE_RUN_TABLE_SLOW  statemachine.o
    0x0800cee4   0x0800cee4   0x00000010   Data   RO          680    .rodata.s_STATE_FAST  statemachine.o
    0x0800cef4   0x0800cef4   0x00000010   Data   RO          681    .rodata.s_STATE_SLOW  statemachine.o
    0x0800cf04   0x0800cf04   0x00000025   Data   RO           27    .rodata.str1.1      main.o
    0x0800cf29   0x0800cf29   0x00000142   Data   RO         2766    .rodata.str1.1      iec60730_b_aux.o
    0x0800d06b   0x0800d06b   0x00000178   Data   RO         2833    .rodata.str1.1      iec60730_b_runtimetest.o
    0x0800d1e3   0x0800d1e3   0x00000010   Data   RO         2246    .rodata.tbPresc     hal_rcc.o
    0x0800d1f3   0x0800d1f3   0x00000001   PAD
    0x0800d1f4   0x0800d1f4   0x00000070   Data   RO         3062    Region$$Table       anon$$obj.o
    0x0800d264   0x0800d264   0x0000001c   PAD
    0x0800d280   0x0800d280   0x00000004   Data   RO         2701    CHECKSUM            startup_mm32spin0280_keil.o


    Execution Region RAM_BUF (Exec base: 0x20000000, Load base: 0x0800d284, Size: 0x00000020, Max: 0x00000020, ABSOLUTE, UNINIT)

    Exec Addr    Load Addr    Size         Type   Attr      Idx    E Section Name        Object

    0x20000000   0x0800d284   0x00000020   Data   RW         2878    RUN_TIME_RAM_BUF    iec60730_b_startup.o


    Execution Region RAM_PNT (Exec base: 0x20000020, Load base: 0x0800d2a4, Size: 0x00000010, Max: 0x00000010, ABSOLUTE, UNINIT)

    Exec Addr    Load Addr    Size         Type   Attr      Idx    E Section Name        Object

    0x20000020   0x0800d2a4   0x00000010   Data   RW         2879    RUN_TIME_RAM_PNT    iec60730_b_startup.o


    Execution Region CLASSB (Exec base: 0x20000030, Load base: 0x0800d2b4, Size: 0x00000028, Max: 0x00000028, ABSOLUTE, UNINIT)

    Exec Addr    Load Addr    Size         Type   Attr      Idx    E Section Name        Object

    0x20000030   0x0800d2b4   0x00000028   Data   RW         2863    CLASS_B_RAM         iec60730_b_startup.o


    Execution Region CLASSB_INV (Exec base: 0x20000058, Load base: 0x0800d2dc, Size: 0x00000024, Max: 0x00000028, ABSOLUTE, UNINIT)

    Exec Addr    Load Addr    Size         Type   Attr      Idx    E Section Name        Object

    0x20000058   0x0800d2dc   0x00000024   Data   RW         2864    CLASS_B_RAM_REV     iec60730_b_startup.o


    Execution Region RW_IRAM1 (Exec base: 0x20000080, Load base: 0x0800d300, Size: 0x000008a0, Max: 0x00001b70, ABSOLUTE, COMPRESSED[0x000000e8])

    Exec Addr    Load Addr    Size         Type   Attr      Idx    E Section Name        Object

    0x20000080   COMPRESSED   0x00000004   Data   RW         3040    .data               mc_p.l(stdout.o)
    0x20000084   COMPRESSED   0x00000004   PAD
    0x20000088   COMPRESSED   0x00000028   Data   RW          442    .data.AMS_tModbus2Data  appmodbus2stm.o
    0x200000b0   COMPRESSED   0x00000004   Data   RW         1029    .data.CUR_tFilterCoefCurRMS  current.o
    0x200000b4   COMPRESSED   0x00000004   Data   RW         1039    .data.CUR_tFilterCoefImax  current.o
    0x200000b8   COMPRESSED   0x00000004   Data   RW         1040    .data.CUR_tFilterCoefIq  current.o
    0x200000bc   COMPRESSED   0x00000004   Data   RW         1037    .data.CUR_tFilterCoefOffset  current.o
    0x200000c0   COMPRESSED   0x00000014   Data   RW          784    .data.FPL_tPhaseLossPara  fsphaseloss.o
    0x200000d4   COMPRESSED   0x00000008   Data   RW          819    .data.FRK_tParaRotorLock  fsrotorlock.o
    0x200000dc   COMPRESSED   0x00000004   Data   RW          818    .data.FRK_u32CurrentImpedance  fsrotorlock.o
    0x200000e0   COMPRESSED   0x00000007   Data   RW          501    .data.MOS2_aucReadAllData  modbus_2.o
    0x200000e7   COMPRESSED   0x00000008   Data   RW          502    .data.MOS2_aucWriteData  modbus_2.o
    0x200000ef   COMPRESSED   0x00000001   PAD
    0x200000f0   COMPRESSED   0x00000004   Data   RW          443    .data.MOS2_pfStatemachine  appmodbus2stm.o
    0x200000f4   COMPRESSED   0x00000050   Data   RW          440    .data.MOS_ACTION_MAP  appmodbus2stm.o
    0x20000144   COMPRESSED   0x00000015   Data   RW          439    .data.MOS_EVENT_MAP  appmodbus2stm.o
    0x20000159   COMPRESSED   0x00000008   Data   RW          293    .data.MOS_aucReadAllData  modbus.o
    0x20000161   COMPRESSED   0x00000008   Data   RW          294    .data.MOS_aucWriteData  modbus.o
    0x20000169   COMPRESSED   0x00000001   Data   RW          303    .data.MOS_u8IntervalTime  modbus.o
    0x2000016a   COMPRESSED   0x00000001   Data   RW          693    .data.Motor_bStartClose  statemachine.o
    0x2000016b   COMPRESSED   0x00000001   PAD
    0x2000016c   COMPRESSED   0x00000018   Data   RW          296    .data.RegData       modbus.o
    0x20000184   COMPRESSED   0x0000002c   Data   RW          365    .data.SCL_tSpeedControlData  speedcontrol.o
    0x200001b0   COMPRESSED   0x00000008   Data   RW          366    .data.SCL_tSpeedControlPara  speedcontrol.o
    0x200001b8   COMPRESSED   0x00000014   Data   RW          881    .data.SMR_tFSVParaSecond  speedmonitor.o
    0x200001cc   COMPRESSED   0x00000004   Data   RW          875    .data.SMR_tFilterCoeEmf  speedmonitor.o
    0x200001d0   COMPRESSED   0x00000004   Data   RW          878    .data.SMR_tFilterCoeSpd  speedmonitor.o
    0x200001d4   COMPRESSED   0x00000004   Data   RW          902    .data.STK_u32NbrOfTicksErrorCheck  fsclock.o
    0x200001d8   COMPRESSED   0x00000004   Data   RW          900    .data.STK_u32WaitSystemInit  fsclock.o
    0x200001dc   COMPRESSED   0x00000004   Data   RW         2722    .data.SystemCoreClock  system_mm32spin0280.o
    0x200001e0   COMPRESSED   0x00000002   Data   RW         1380    .data.TIM_u16BrakeDutyCycle  drv_pwm.o
    0x200001e2   COMPRESSED   0x00000001   Data   RW         1117    .data.VOL_bVoltageSampleRefreshed  voltage.o
    0x200001e3   COMPRESSED   0x00000001   PAD
    0x200001e4   COMPRESSED   0x00000004   Data   RW         1130    .data.VOL_tDclPeakVoltageFilterConst  voltage.o
    0x200001e8   COMPRESSED   0x00000004   Data   RW         1106    .data.VOL_tDclVolMinTrackQ  voltage.o
    0x200001ec   COMPRESSED   0x00000004   PAD
    0x200001f0   COMPRESSED   0x00000008   Data   RW         1120    .data.VOL_tSafeTimeStamp  voltage.o
    0x200001f8   COMPRESSED   0x00000004   Data   RW         1128    .data.VOL_tVoltageFilterConst  voltage.o
    0x200001fc   COMPRESSED   0x00000004   Data   RW         1107    .data.VOL_ucPeriodSampleCtr  voltage.o
    0x20000200   COMPRESSED   0x00000006   Data   RW          716    .data.WDN_tOverCurrentZeroHighSpdPara  winddetection.o
    0x20000206   COMPRESSED   0x00000006   Data   RW          714    .data.WDN_tOverCurrentZeroPara  winddetection.o
    0x2000020c   COMPRESSED   0x00000006   Data   RW          719    .data.WDN_tWindDetectionPara  winddetection.o
    0x20000212   COMPRESSED   0x00000001   Data   RW          678    .data.eM1_MainState  statemachine.o
    0x20000213   COMPRESSED   0x00000005   PAD
    0x20000218        -       0x00000002   Zero   RW          205    .bss.ADC2_IRQHandler.u16Cnt  mm32_it.o
    0x2000021a   COMPRESSED   0x00000002   PAD
    0x2000021c        -       0x00000004   Zero   RW          203    .bss.ADC2_IRQHandler.u32IaSum  mm32_it.o
    0x20000220        -       0x00000004   Zero   RW          204    .bss.ADC2_IRQHandler.u32IbSum  mm32_it.o
    0x20000224        -       0x00000001   Zero   RW          201    .bss.ADC2_IRQHandler.u8ADCTimeCnt  mm32_it.o
    0x20000225        -       0x00000001   Zero   RW          202    .bss.ADC2_IRQHandler.u8ADCTimeCnt2  mm32_it.o
    0x20000226   COMPRESSED   0x00000002   PAD
    0x20000228        -       0x00000010   Zero   RW          441    .bss.AMS_tFSM       appmodbus2stm.o
    0x20000238        -       0x00000004   Zero   RW         2871    .bss.App_FLASH_BLOCK_WORDS  iec60730_b_startup.o
    0x2000023c        -       0x00000004   Zero   RW         2872    .bss.App_REF_CRC32  iec60730_b_startup.o
    0x20000240        -       0x00000004   Zero   RW         2867    .bss.App_ROM_END    iec60730_b_startup.o
    0x20000244        -       0x00000004   Zero   RW         2868    .bss.App_ROM_SIZE   iec60730_b_startup.o
    0x20000248        -       0x00000004   Zero   RW         2869    .bss.App_ROM_SIZEinWORDS  iec60730_b_startup.o
    0x2000024c        -       0x00000004   Zero   RW         2866    .bss.App_ROM_START  iec60730_b_startup.o
    0x20000250        -       0x00000004   Zero   RW         2870    .bss.App_STEPS_NUMBER  iec60730_b_startup.o
    0x20000254   COMPRESSED   0x00000004   PAD
    0x20000258        -       0x00000060   Zero   RW         1030    .bss.CUR_tCurBufferCal  current.o
    0x200002b8        -       0x00000068   Zero   RW         1025    .bss.CUR_tDataBrd1  current.o
    0x20000320        -       0x00000008   Zero   RW         1027    .bss.CUR_tLastTimeStamp  current.o
    0x20000328        -       0x00000020   Zero   RW         1028    .bss.CUR_tThreePhaseCurRms  current.o
    0x20000348        -       0x00000004   Zero   RW         1237    .bss.ERT_pu8Buffer  errorreact.o
    0x2000034c   COMPRESSED   0x00000004   PAD
    0x20000350        -       0x00000038   Zero   RW         1231    .bss.ERT_tErrorData  errorreact.o
    0x20000388        -       0x00000002   Zero   RW         1236    .bss.ERT_u16FaultTimeCnt  errorreact.o
    0x2000038a        -       0x00000002   Zero   RW         1235    .bss.ERT_vErrorLEDDisplay.u16FalultNumber  errorreact.o
    0x2000038c        -       0x00000002   Zero   RW         1234    .bss.ERT_vErrorLEDDisplay.u16FaultCnt  errorreact.o
    0x2000038e        -       0x00000002   Zero   RW         1233    .bss.ERT_vErrorLEDDisplay.u16FaultTimeCnt  errorreact.o
    0x20000390        -       0x00000004   Zero   RW         2880    .bss.Error_word     iec60730_b_startup.o
    0x20000394        -       0x0000000c   Zero   RW          921    .bss.FCN_tThreePhaseVol  fscommon.o
    0x200003a0        -       0x00000064   Zero   RW          920    .bss.FCN_tThreePhaseVolCal  fscommon.o
    0x20000404        -       0x00000001   Zero   RW          738    .bss.FHE_eCurrentCallId  fshandle.o
    0x20000405   COMPRESSED   0x00000003   PAD
    0x20000408        -       0x00000004   Zero   RW          788    .bss.FPL_ptCurBufferCal  fsphaseloss.o
    0x2000040c   COMPRESSED   0x00000004   PAD
    0x20000410        -       0x00000080   Zero   RW          783    .bss.FPL_tPhaseLossData  fsphaseloss.o
    0x20000490        -       0x00000058   Zero   RW          817    .bss.FRK_tDataRotorLock  fsrotorlock.o
    0x200004e8        -       0x00000004   Zero   RW          943    .bss.FSM_tMonitorInitStateRegister  fsmonitor.o
    0x200004ec        -       0x00000004   Zero   RW          940    .bss.FSM_tMonitorStateRegister  fsmonitor.o
    0x200004f0        -       0x00000001   Zero   RW          941    .bss.FSM_ucTaskState  fsmonitor.o
    0x200004f1   COMPRESSED   0x00000003   PAD
    0x200004f4        -       0x00000030   Zero   RW          968    .bss.FTE_tNTCTempCal  fstemperature.o
    0x20000524        -       0x00000004   Zero   RW         2834    .bss.FULL_FLASH_CHECKED  iec60730_b_runtimetest.o
    0x20000528        -       0x00000004   Zero   RW         2873    .bss.FlashFulltestcall  iec60730_b_startup.o
    0x2000052c        -       0x00000004   Zero   RW         2835    .bss.FlashRuntestcall  iec60730_b_runtimetest.o
    0x20000530        -       0x00000002   Zero   RW          695    .bss.M1_FaultDetection.u16OvCntr  statemachine.o
    0x20000532        -       0x00000002   Zero   RW          696    .bss.M1_FaultDetection.u16UvCntr  statemachine.o
    0x20000534        -       0x00000002   Zero   RW          694    .bss.M1_RunFreewheelSlow.u16FreeWheelTimeCnt  statemachine.o
    0x20000536        -       0x00000002   Zero   RW          687    .bss.M1_RunStartupFast.s16PosElEst  statemachine.o
    0x20000538        -       0x00000002   Zero   RW          688    .bss.M1_RunStartupFast.s16ThetaErr  statemachine.o
    0x2000053a        -       0x00000004   Zero   RW          689    .bss.M1_RunStartupFast.sAngle_temp  statemachine.o
    0x2000053e        -       0x00000002   Zero   RW          209    .bss.MIT_Dure_Time  mm32_it.o
    0x20000540        -       0x00000002   Zero   RW          207    .bss.MIT_Start_time  mm32_it.o
    0x20000542        -       0x00000002   Zero   RW          208    .bss.MIT_Stop_time  mm32_it.o
    0x20000544        -       0x00000001   Zero   RW          206    .bss.MIT_TEST       mm32_it.o
    0x20000545   COMPRESSED   0x00000003   PAD
    0x20000548        -       0x0000000c   Zero   RW          200    .bss.MIT_tInputCapture  mm32_it.o
    0x20000554        -       0x0000002d   Zero   RW          500    .bss.MOS2_tModbusData  modbus_2.o
    0x20000581   COMPRESSED   0x00000001   PAD
    0x20000582        -       0x00000008   Zero   RW          507    .bss.MOS2_tModbusPara  modbus_2.o
    0x2000058a        -       0x00000002   Zero   RW          505    .bss.MOS2_u8EventRegister  modbus_2.o
    0x2000058c        -       0x00000002   Zero   RW          509    .bss.MOS2_u8ModBusRecHandle.u16CalculateCRC  modbus_2.o
    0x2000058e        -       0x00000002   Zero   RW          510    .bss.MOS2_u8ModBusRecHandle.u16ReceivedCRC  modbus_2.o
    0x20000590        -       0x00000001   Zero   RW          508    .bss.MOS2_u8ReadRegisterAdd  modbus_2.o
    0x20000591        -       0x00000001   Zero   RW          299    .bss.MOS_bInitFinished  modbus.o
    0x20000592        -       0x0000002d   Zero   RW          292    .bss.MOS_tModbusData  modbus.o
    0x200005bf   COMPRESSED   0x00000001   PAD
    0x200005c0        -       0x00000008   Zero   RW          300    .bss.MOS_tModbusPara  modbus.o
    0x200005c8        -       0x00000002   Zero   RW          298    .bss.MOS_u8EventRegister  modbus.o
    0x200005ca        -       0x00000002   Zero   RW          301    .bss.MOS_vModBusHandler.u16CalculateCRC  modbus.o
    0x200005cc        -       0x00000002   Zero   RW          302    .bss.MOS_vModBusHandler.u16ReceivedCRC  modbus.o
    0x200005ce   COMPRESSED   0x00000002   PAD
    0x200005d0        -       0x00000004   Zero   RW          682    .bss.MOT_ptErrorData  statemachine.o
    0x200005d4        -       0x00000002   Zero   RW         1379    .bss.MOT_tBrakeData  drv_pwm.o
    0x200005d6        -       0x00000002   Zero   RW         1378    .bss.MOT_tBrakePara  drv_pwm.o
    0x200005d8        -       0x00000154   Zero   RW           28    .bss.Motor_1st      main.o
    0x2000072c        -       0x00000002   Zero   RW          685    .bss.Motor_s16DeltaAngle  statemachine.o
    0x2000072e   COMPRESSED   0x00000002   PAD
    0x20000730        -       0x00000004   Zero   RW          690    .bss.Motor_s32DebugAngle1  statemachine.o
    0x20000734        -       0x00000004   Zero   RW          691    .bss.Motor_s32DebugAngle2  statemachine.o
    0x20000738        -       0x00000001   Zero   RW          697    .bss.Motor_u8UnderErrorTest  statemachine.o
    0x20000739   COMPRESSED   0x00000003   PAD
    0x2000073c        -       0x00000004   Zero   RW         2874    .bss.RAMBuffertest_end  iec60730_b_startup.o
    0x20000740        -       0x00000004   Zero   RW         2876    .bss.RAMRunTimetest_end  iec60730_b_startup.o
    0x20000744        -       0x00000004   Zero   RW         2875    .bss.RAMRunTimetest_start  iec60730_b_startup.o
    0x20000748        -       0x00000004   Zero   RW         2877    .bss.RAM_endadd_run  iec60730_b_startup.o
    0x2000074c        -       0x0000000c   Zero   RW          503    .bss.RegData2       modbus_2.o
    0x20000758        -       0x00000001   Zero   RW          368    .bss.SCL_bDirectionDetAvailable  speedcontrol.o
    0x20000759   COMPRESSED   0x00000003   PAD
    0x2000075c        -       0x00000004   Zero   RW          367    .bss.SCL_tInputCaptureData  speedcontrol.o
    0x20000760        -       0x00000004   Zero   RW          880    .bss.SMR_s32DeltaTime  speedmonitor.o
    0x20000764        -       0x00000004   Zero   RW          877    .bss.SMR_s32Im      speedmonitor.o
    0x20000768        -       0x00000004   Zero   RW          876    .bss.SMR_s32Re      speedmonitor.o
    0x2000076c   COMPRESSED   0x00000004   PAD
    0x20000770        -       0x00000098   Zero   RW          873    .bss.SMR_tFSVDataSecond  speedmonitor.o
    0x20000808        -       0x00000004   Zero   RW          197    .bss.STK_pfGeneralTimerCallback  mm32_it.o
    0x2000080c   COMPRESSED   0x00000004   PAD
    0x20000810        -       0x00000008   Zero   RW          903    .bss.STK_tSafeTime  fsclock.o
    0x20000818        -       0x00000004   Zero   RW          899    .bss.STK_u32SystickDifference  fsclock.o
    0x2000081c        -       0x00000004   Zero   RW          898    .bss.STK_u32SystickOld  fsclock.o
    0x20000820        -       0x00000004   Zero   RW          901    .bss.STK_u32TickTimeErrorCounter  fsclock.o
    0x20000824        -       0x00000001   Zero   RW          692    .bss.STO_u8Test     statemachine.o
    0x20000825   COMPRESSED   0x00000001   PAD
    0x20000826        -       0x00000002   Zero   RW          334    .bss.TSE_u16EventFlag  timeslice.o
    0x20000828        -       0x00000004   Zero   RW          210    .bss.UART_pfReceivedCallback  mm32_it.o
    0x2000082c        -       0x00000001   Zero   RW         1126    .bss.VOL_bOverVoltageMode  voltage.o
    0x2000082d        -       0x00000001   Zero   RW         1127    .bss.VOL_bOverVoltageOK  voltage.o
    0x2000082e        -       0x00000001   Zero   RW         1123    .bss.VOL_bUnderVoltageMode  voltage.o
    0x2000082f        -       0x00000001   Zero   RW         1124    .bss.VOL_bUnderVoltageOK  voltage.o
    0x20000830        -       0x00000004   Zero   RW         1103    .bss.VOL_t15VolPerSampleIntQ  voltage.o
    0x20000834        -       0x00000004   Zero   RW         1110    .bss.VOL_t15VolPerSampleIntResultQ  voltage.o
    0x20000838        -       0x00000004   Zero   RW         1097    .bss.VOL_t15VolSampleQ  voltage.o
    0x2000083c        -       0x00000004   Zero   RW         1113    .bss.VOL_t15VoltageQ  voltage.o
    0x20000840        -       0x00000004   Zero   RW         1115    .bss.VOL_t15VoltagemV  voltage.o
    0x20000844   COMPRESSED   0x00000004   PAD
    0x20000848        -       0x00000008   Zero   RW         1125    .bss.VOL_tActualTimeOverVoltage  voltage.o
    0x20000850        -       0x00000008   Zero   RW         1122    .bss.VOL_tActualTimeUnderVoltage  voltage.o
    0x20000858        -       0x0000000c   Zero   RW         1119    .bss.VOL_tDCLPeakVoltageDmpdQ  voltage.o
    0x20000864        -       0x0000000c   Zero   RW         1129    .bss.VOL_tDCLPeakVoltageDmpdV  voltage.o
    0x20000870        -       0x0000000c   Zero   RW         1118    .bss.VOL_tDCLVoltageDmpdV  voltage.o
    0x2000087c        -       0x00000004   Zero   RW         1114    .bss.VOL_tDCLVoltageV  voltage.o
    0x20000880        -       0x00000004   Zero   RW         1108    .bss.VOL_tDclVolMaxQ  voltage.o
    0x20000884        -       0x00000004   Zero   RW         1105    .bss.VOL_tDclVolMaxTrackQ  voltage.o
    0x20000888        -       0x00000004   Zero   RW         1102    .bss.VOL_tDclVolPerSampleIntQ  voltage.o
    0x2000088c        -       0x00000004   Zero   RW         1109    .bss.VOL_tDclVolPerSampleIntResultQ  voltage.o
    0x20000890        -       0x00000004   Zero   RW         1096    .bss.VOL_tDclVolSampleQ  voltage.o
    0x20000894        -       0x00000004   Zero   RW         1112    .bss.VOL_tDclVoltageQ  voltage.o
    0x20000898        -       0x00000008   Zero   RW         1121    .bss.VOL_tVolLowVolErrorCheck  voltage.o
    0x200008a0        -       0x00000004   Zero   RW         1090    .bss.VOL_tVoltageADCRef  voltage.o
    0x200008a4        -       0x00000004   Zero   RW         1095    .bss.VOL_tVrefIntVolADValue  voltage.o
    0x200008a8        -       0x00000004   Zero   RW         1104    .bss.VOL_tVrefIntVolPerSampleIntQ  voltage.o
    0x200008ac        -       0x00000004   Zero   RW         1111    .bss.VOL_tVrefIntVolPerSampleIntResultQ  voltage.o
    0x200008b0        -       0x00000004   Zero   RW         1091    .bss.VOL_tVrefIntVolQ  voltage.o
    0x200008b4        -       0x00000004   Zero   RW         1098    .bss.VOL_tVrefIntVolSampleQ  voltage.o
    0x200008b8        -       0x00000004   Zero   RW         1092    .bss.VOL_tVrefIntVoltagemV  voltage.o
    0x200008bc        -       0x0000000c   Zero   RW         1089    .bss.VOL_u16NormalAdcValueArray  voltage.o
    0x200008c8        -       0x00000004   Zero   RW         1094    .bss.VOL_ui15VoltageValue  voltage.o
    0x200008cc        -       0x00000004   Zero   RW         1116    .bss.VOL_uiDCLVoltagePeakValueV  voltage.o
    0x200008d0        -       0x00000004   Zero   RW         1093    .bss.VOL_uiDclVoltageAdValue  voltage.o
    0x200008d4        -       0x00000001   Zero   RW          721    .bss.WDN_U8Test1    winddetection.o
    0x200008d5        -       0x00000001   Zero   RW          722    .bss.WDN_U8Test2    winddetection.o
    0x200008d6        -       0x00000001   Zero   RW          723    .bss.WDN_U8Test3    winddetection.o
    0x200008d7   COMPRESSED   0x00000001   PAD
    0x200008d8        -       0x00000008   Zero   RW          715    .bss.WDN_tOverCurrentZeroData  winddetection.o
    0x200008e0        -       0x00000008   Zero   RW          717    .bss.WDN_tOverCurrentZeroHighSpdData  winddetection.o
    0x200008e8        -       0x00000008   Zero   RW          718    .bss.WDN_tWindDetectionData  winddetection.o
    0x200008f0        -       0x00000001   Zero   RW          679    .bss.eM1_RunSubState  statemachine.o
    0x200008f1   COMPRESSED   0x00000003   PAD
    0x200008f4        -       0x00000004   Zero   RW         2836    .bss.rom_test       iec60730_b_runtimetest.o
    0x200008f8        -       0x00000001   Zero   RW         2831    .bss.runtime_checkindx  iec60730_b_runtimetest.o
    0x200008f9        -       0x00000001   Zero   RW         2832    .bss.runtime_flash_CtrlFlow_indx  iec60730_b_runtimetest.o
    0x200008fa        -       0x00000002   Zero   RW          686    .bss.s16PosElEst_SMO  statemachine.o
    0x200008fc        -       0x00000004   Zero   RW         2801    .bss.temp           iec60730_b_clocktest.o
    0x20000900        -       0x00000002   Zero   RW         1031    .bss.testA_N        current.o
    0x20000902        -       0x00000002   Zero   RW         1032    .bss.testA_P        current.o
    0x20000904        -       0x00000002   Zero   RW         1033    .bss.testB_N        current.o
    0x20000906        -       0x00000002   Zero   RW         1034    .bss.testB_P        current.o
    0x20000908        -       0x00000002   Zero   RW         1035    .bss.testC_N        current.o
    0x2000090a        -       0x00000002   Zero   RW         1036    .bss.testC_P        current.o
    0x2000090c        -       0x00000004   Zero   RW         2768    .bss.tmp0           iec60730_b_aux.o
    0x20000910        -       0x00000004   Zero   RW         2802    .bss.tmpIC1         iec60730_b_clocktest.o
    0x20000914        -       0x00000004   Zero   RW          199    .bss.u16Test1       mm32_it.o
    0x20000918        -       0x00000002   Zero   RW          720    .bss.u16ThreePhaseRMSCur  winddetection.o
    0x2000091a   COMPRESSED   0x00000002   PAD
    0x2000091c        -       0x00000004   Zero   RW         2767    .bss.uwTick         iec60730_b_aux.o


    Execution Region STACK_NO_HEAP (Exec base: 0x20001bf0, Load base: 0x0800d3e8, Size: 0x00000410, Max: 0x00000410, ABSOLUTE, UNINIT)

    Exec Addr    Load Addr    Size         Type   Attr      Idx    E Section Name        Object

    0x20001bf0   0x0800d3e8   0x00000010   Data   RW         2865    STACK_BOTTOM        iec60730_b_startup.o
    0x20001c00        -       0x00000400   Zero   RW         2697    STACK               startup_mm32spin0280_keil.o


==============================================================================

Image component sizes


      Code (inc. data)   RO Data    RW Data    ZI Data      Debug   Object Name

       602         36          0        145         16       4961   appmodbus2stm.o
      1222         28          0          0          0      12259   board.o
       134          0          0          0          0       1335   common.o
      1674        100          8         16        252      11003   current.o
       370          8          0          0          0       6568   drv_adc.o
       128          0          0          0          0       3146   drv_comp.o
       124          4          0          0          0       3972   drv_counter.o
       122         16          0          0          0       1523   drv_div.o
       764          8          0          0          0       3385   drv_eep.o
        76          4          0          0          0       1081   drv_iwdg.o
        40          0          0          0          0        741   drv_opamp.o
        64          8          0          0          0       4150   drv_output.o
       820         36         60          2          4       7958   drv_pwm.o
       356         12          0          0          0       5537   drv_sci.o
       324         20          0          0          0       5287   drv_sci_2.o
        82          8          0          0          0       1210   drv_sqrt.o
       892         56        240          0         68       5233   errorreact.o
       100          0          0          0          0       1217   filter.o
      1110         40          0          0          0      10142   foc_pmsm.o
       288         40          0          8         20       1530   fsclock.o
       298         12          0          0        112       3288   fscommon.o
       104          4          0          0          1        936   fshandle.o
        24          4          0          0          0       1001   fsmcu.o
       396         20         40          0          9       3167   fsmonitor.o
      2280         48          0         20        132       8746   fsphaseloss.o
       910         36          0         12         88       5373   fsrotorlock.o
       804         36        200          0         48       3720   fstemperature.o
      1160         12          0          0          0      14681   hal_adc.o
       220          8          0          0          0       5584   hal_comp.o
        76          8          0          0          0       1797   hal_crc.o
       388         24          0          0          0       4095   hal_exti.o
       360         28          0          0          0       7583   hal_flash.o
       454          4          0          0          0       5220   hal_gpio.o
       192         20          0          0          0       3596   hal_iwdg.o
       248         32          0          0          0       2865   hal_misc.o
        56          4          0          0          0       1296   hal_opamp.o
      1104         80         16          0          0      21332   hal_rcc.o
      2456         66          0          0          0      27961   hal_tim.o
       488          4          0          0          0       8654   hal_uart.o
       104          8          0          0          0       2084   hal_wwdg.o
      1070        130        322          0          8       4680   iec60730_b_aux.o
       792         84          0          0          8       9186   iec60730_b_clocktest.o
      1540        226        376          0         14       5339   iec60730_b_runtimetest.o
      1004        132          0        140         52       5376   iec60730_b_startup.o
       138          8         37          0        340       8292   main.o
       432          8         32          0          0       2608   math.o
      1054        100          0          0         43      12429   mm32_it.o
      1464         86          0         41         60       6707   modbus.o
      1158         54          0         15         72       7555   modbus_2.o
       108          8        512          0          0       1138   modbuscrc.o
        84          0          0          0          0       1461   simeep.o
      1814        168          0         52          5       6536   speedcontrol.o
       978         72          0         28        164      11225   speedmonitor.o
        40         14        196          0       1024        716   startup_mm32spin0280_keil.o
      3074        188         96          2         33      18642   statemachine.o
       490          0          0          0          0       2321   statemachinecom.o
      1004         76          0          4          0       3714   system_mm32spin0280.o
       276         16          0          0          2       1351   timeslice.o
        72          4          0          0          0       2068   transfer.o
       220          8          0          0          0       3906   uart_classb.o
      1662        200          0          0          0      10362   user_function.o
      1928        228          0         25        164      10555   voltage.o
       792         80          0         18         29       3262   winddetection.o

    ----------------------------------------------------------------------
     42680       2772       2276        536       2828     364646   Object Totals
         0          0        112          0          0          0   (incl. Generated)
        72          0         29          8         60          0   (incl. Padding)

    ----------------------------------------------------------------------

      Code (inc. data)   RO Data    RW Data    ZI Data      Debug   Library Member Name

       388         20          0          0          0        548   iec60730_b_cpurunkeil.o
       528         52          0          0          0        592   iec60730_b_cpustartkeil.o
       472         68          0          0          0       1799   iec60730_b_flashtest.o
       804         92          0          0          0        644   iec60730_b_ramtestkeil.o
       264         16          0          0          0       2215   iec60730_b_transpram.o
       436          8          0          0          0         76   mcflib.o
       940         14        512          0          0      17321   mlib.o
        58          0          0          0          0          0   __dczerorl.o
         0          0          0          0          0          0   entry.o
         0          0          0          0          0          0   entry10a.o
         0          0          0          0          0          0   entry11a.o
         8          4          0          0          0          0   entry2.o
         4          0          0          0          0          0   entry5.o
         0          0          0          0          0          0   entry7b.o
         0          0          0          0          0          0   entry8b.o
         8          4          0          0          0          0   entry9a.o
        30          0          0          0          0          0   handlers.o
        40          0          0          0          0         72   idiv.o
        36          8          0          0          0         68   init.o
         0          0          0          0          0          0   iusefp.o
        32          0          0          0          0         68   llshl.o
        38          0          0          0          0         68   llsshr.o
        34          0          0          0          0         68   llushr.o
        36          0          0          0          0         60   memcpya.o
      2252         98          0          0          0        412   printfa.o
         8          0          0          0          0         60   siabs.o
         0          0          0          4          0          0   stdout.o
        44          0          0          0          0         72   uidiv.o
        96          0          0          0          0         84   uldiv.o
        40          2          0          0          0         68   cdrcmple.o
       356          4          0          0          0        140   dadd.o
        44          0          0          0          0         68   dcmpge.o
        44          0          0          0          0         68   dcmple.o
        44          0          0          0          0         68   dcmplt.o
       240          6          0          0          0         84   ddiv.o
       236          0          0          0          0        216   depilogue.o
        72         10          0          0          0         72   dfixi.o
        64         10          0          0          0         68   dfixul.o
        40          6          0          0          0         68   dflti.o
       208          6          0          0          0         88   dmul.o
        40          0          0          0          0         60   f2d.o
       124          0          0          0          0         72   fdiv.o
       130          0          0          0          0        144   fepilogue.o
        40          0          0          0          0         60   ffixui.o
        14          0          0          0          0         68   ffltui.o
       122          0          0          0          0         72   fmul.o

    ----------------------------------------------------------------------
      8420        428        516          8          0      25711   Library Totals
         6          0          4          4          0          0   (incl. Padding)

    ----------------------------------------------------------------------

      Code (inc. data)   RO Data    RW Data    ZI Data      Debug   Library Name

      2456        248          0          0          0       5798   IEC60730B_M0_COM_KEIL_v1_0.lib
       436          8          0          0          0         76   MCFLIB.lib
       940         14        512          0          0      17321   MLIB.lib
      2724        114          0          4          0       1032   mc_p.l
      1858         44          0          0          0       1484   mf_p.l

    ----------------------------------------------------------------------
      8420        428        516          8          0      25711   Library Totals

    ----------------------------------------------------------------------

==============================================================================


      Code (inc. data)   RO Data    RW Data    ZI Data      Debug   

     51100       3200       2792        544       2828     388109   Grand Totals
     51100       3200       2792        372       2828     388109   ELF Image Totals (compressed)
     51100       3200       2792        372          0          0   ROM Totals

==============================================================================

    Total RO  Size (Code + RO Data)                53892 (  52.63kB)
    Total RW  Size (RW Data + ZI Data)              3372 (   3.29kB)
    Total ROM Size (Code + RO Data + RW Data)      54264 (  52.99kB)

==============================================================================

